[2026-08-09 10:20] sync verso B2 (:b2:rebalix-archivi/backups) — inizio
2026/08/09 10:20:49 NOTICE: Config file "/Users/ale/.config/rclone/rclone.conf" not found - using defaults
2026/08/09 10:20:50 NOTICE: rebalix-whitelist-docs: Can't follow symlink without -L/--copy-links
2026/08/09 10:25:50 NOTICE: 
Transferred:   	  337.881 MiB / 11.225 GiB, 3%, 1.454 MiB/s, ETA 2h7m55s
Checks:                 0 / 0, -, Listed 25121
Transferred:         3824 / 13836, 28%
Elapsed time:      4m59.9s
Transferring:
 * rebalix-etf-registry-a…es/LU2723594235.xls.gz:100% / 15.117 KiB, 0 B/s, -
 * rebalix-docs-archivio/…026-08-04_10dd5f3e.pdf:100% / 124.874 KiB, 0 B/s, -
 * rebalix-docs-archivio/…026-08-04_a14580d2.pdf: 57% / 389.117 KiB, 0 B/s, -
 * rebalix-docs-archivio/…026-08-07_ba7b7c24.pdf: 49% / 389.081 KiB, 0 B/s, -

2026/08/09 10:30:50 NOTICE: 
Transferred:   	  975.630 MiB / 12.089 GiB, 8%, 1.789 MiB/s, ETA 1h46m12s
Checks:                 0 / 0, -, Listed 25916
Transferred:         4221 / 14233, 30%
Elapsed time:      9m59.9s
Transferring:
 * rebalix-docs-archivio/…026-08-05_50cd5b76.pdf: 39% / 1.254 MiB, 0 B/s, -
 * rebalix-docs-archivio/…026-08-07_33fcde82.pdf: 65% / 588.294 KiB, 0 B/s, -
 * rebalix-docs-archivio/…026-08-05_690902cc.pdf: 19% / 1.252 MiB, 0 B/s, -
 * rebalix-docs-archivio/…026-08-07_9022c282.pdf: 13% / 1.352 MiB, 0 B/s, -

2026/08/09 10:35:50 NOTICE: 
Transferred:   	    1.599 GiB / 12.792 GiB, 13%, 2.178 MiB/s, ETA 1h27m42s
Checks:                 0 / 0, -, Listed 26538
Transferred:         4536 / 14548, 31%
Elapsed time:     14m59.9s
Transferring:
 * rebalix-docs-archivio/…026-08-05_06ca9913.pdf:100% / 4.715 MiB, 639.425 KiB/s, 0s
 * rebalix-docs-archivio/…026-08-05_06ca9913.pdf: 91% / 4.715 MiB, 625.712 KiB/s, 0s
 * rebalix-docs-archivio/…026-08-05_f28186d3.pdf: 21% / 15.877 MiB, 632.794 KiB/s, 20s
 * rebalix-docs-archivio/…026-08-05_7fd53c85.pdf: 22% / 3.009 MiB, 0 B/s, -

2026/08/09 10:39:10 ERROR : rebalix-docs-archivio/FR001400SDJ6/factsheet_en/2026-08-05_6ac63122.pdf: Failed to copy: Post "https://pod-031-2041-00.backblaze.com/b2api/v1/b2_upload_file/b727e6e89522e55e92fd081a/c003_v0312041_t0025": read tcp 192.168.1.8:62739->45.11.38.165:443: read: can't assign requested address
2026/08/09 10:40:50 NOTICE: 
Transferred:   	    2.165 GiB / 13.541 GiB, 16%, 5.639 MiB/s, ETA 34m25s
Errors:                 1 (retrying may help)
Checks:                 0 / 0, -, Listed 27207
Transferred:         4878 / 14890, 33%
Elapsed time:      20m0.0s
Transferring:
 * rebalix-docs-archivio/…026-08-05_6ea7e5ae.pdf: 95% / 6.809 MiB, 881.698 KiB/s, 0s
 * rebalix-docs-archivio/…026-08-05_57441745.pdf: 94% / 5.607 MiB, 1.051 MiB/s, 0s
 * rebalix-docs-archivio/…026-08-04_acc21e61.pdf:100% / 127.616 KiB, 0 B/s, -
 * rebalix-docs-archivio/…026-08-04_3b8abdb3.pdf:100% / 217.905 KiB, 0 B/s, -

2026/08/09 10:45:50 NOTICE: 
Transferred:   	    3.655 GiB / 17.635 GiB, 21%, 2.760 MiB/s, ETA 1h26m25s
Errors:                 1 (retrying may help)
Checks:                 0 / 0, -, Listed 29804
Transferred:         6277 / 16289, 39%
Elapsed time:      25m0.0s
Transferring:
 * rebalix-docs-archivio/…026-08-05_1a9b25bf.pdf:100% / 8.103 MiB, 271.961 KiB/s, 0s
 * rebalix-docs-archivio/…026-08-04_c5774e4c.pdf:100% / 125.905 KiB, 25.180 KiB/s, 0s
 * rebalix-docs-archivio/…026-08-04_19f96b66.pdf:100% / 125.526 KiB, 25.103 KiB/s, 0s
 * rebalix-docs-archivio/…026-08-04_6e70caf6.pdf:100% / 125.615 KiB, 25.121 KiB/s, 0s

2026/08/09 10:50:50 NOTICE: 
Transferred:   	    5.194 GiB / 21.732 GiB, 24%, 5.724 MiB/s, ETA 49m18s
Errors:                 1 (retrying may help)
Checks:                 0 / 0, -, Listed 32348
Transferred:         7602 / 17614, 43%
Elapsed time:      30m0.0s
Transferring:
 * rebalix-docs-archivio/…026-08-05_b57821e2.pdf:100% / 6.010 MiB, 6.009 MiB/s, 0s
 * rebalix-docs-archivio/…026-08-05_3e04ac5d.pdf:100% / 88.839 KiB, 0 B/s, -
 * rebalix-docs-archivio/…026-08-04_62b873af.pdf:100% / 152.225 KiB, 0 B/s, -
 * rebalix-docs-archivio/…026-08-04_39c1dcc1.pdf:100% / 127.317 KiB, 0 B/s, -

2026/08/09 10:55:50 NOTICE: 
Transferred:   	    6.758 GiB / 23.279 GiB, 29%, 5.954 MiB/s, ETA 47m21s
Errors:                 1 (retrying may help)
Checks:                 0 / 0, -, Listed 33186
Transferred:         9100 / 18050, 50%
Elapsed time:      35m0.0s
Transferring:
 * rebalix-docs-archivio/…026-08-05_5cc4b539.pdf: 44% / 2.403 MiB, 0 B/s, -
 * rebalix-docs-archivio/…026-08-05_5cc4b539.pdf: 18% / 2.403 MiB, 0 B/s, -
 * rebalix-docs-archivio/…026-08-04_09f26941.pdf: 82% / 429.019 KiB, 0 B/s, -
 * rebalix-docs-archivio/…026-08-07_ba7241ed.pdf: 66% / 429.979 KiB, 0 B/s, -

2026/08/09 11:00:50 NOTICE: 
Transferred:   	    8.399 GiB / 23.279 GiB, 36%, 5.237 MiB/s, ETA 48m29s
Errors:                 1 (retrying may help)
Checks:                 0 / 0, -, Listed 33186
Transferred:        10972 / 18050, 61%
Elapsed time:     39m59.9s
Transferring:
 * rebalix-docs-archivio/…026-08-05_1a9b25bf.pdf: 80% / 8.103 MiB, 199.496 KiB/s, 8s
 * rebalix-docs-archivio/…026-08-05_57441745.pdf:100% / 5.607 MiB, 1.121 MiB/s, 0s
 * rebalix-docs-archivio/…026-08-05_1a9b25bf.pdf: 16% / 8.103 MiB, 0 B/s, -
 * rebalix-docs-archivio/…026-08-04_ad871dc7.pdf:100% / 126.337 KiB, 0 B/s, -

2026/08/09 11:05:02 ERROR : rebalix-docs-archivio/IE00BLP53M98/factsheet_it/2026-08-04_587de26e.pdf: Failed to copy: Cannot upload files, storage cap exceeded. See the Caps & Alerts page to increase your cap. (403 storage_cap_exceeded)
2026/08/09 11:05:02 ERROR : Cancelling sync due to fatal error: Cannot upload files, storage cap exceeded. See the Caps & Alerts page to increase your cap. (403 storage_cap_exceeded)
2026/08/09 11:05:02 ERROR : rebalix-docs-archivio/IE00BLNMYC90/kid_it/2026-08-04_eba197b0.pdf: Failed to copy: Post "https://pod-031-2041-18.backblaze.com/b2api/v1/b2_upload_file/b727e6e89522e55e92fd081a/c003_v0312041_t0001": context canceled
2026/08/09 11:05:02 ERROR : rebalix-docs-archivio/IE00BLLZQ805/prospetto_en/2026-08-05_ee50f637.pdf: Failed to copy: Post "https://pod-031-2038-05.backblaze.com/b2api/v1/b2_upload_file/b727e6e89522e55e92fd081a/c003_v0312038_t0001": context canceled
2026/08/09 11:05:02 ERROR : rebalix-docs-archivio/IE00BLDGH553/prospetto_en/2026-08-05_ee50f637.pdf: Failed to copy: Post "https://pod-031-2021-08.backblaze.com/b2api/v1/b2_upload_file/b727e6e89522e55e92fd081a/c003_v0312021_t0056": context canceled
2026/08/09 11:05:02 ERROR : B2 bucket rebalix-archivi path backups: not deleting files as there were IO errors
2026/08/09 11:05:02 ERROR : B2 bucket rebalix-archivi path backups: not deleting directories as there were IO errors
2026/08/09 11:05:02 ERROR : Fatal error received - not attempting retries
2026/08/09 11:05:02 NOTICE: 
Transferred:   	    9.792 GiB / 23.275 GiB, 42%, 5.675 MiB/s, ETA 40m32s
Errors:                 5 (fatal error encountered)
Checks:                 0 / 0, -, Listed 33186
Transferred:        12360 / 18046, 68%
Elapsed time:     44m11.4s

2026/08/09 11:05:02 NOTICE: Failed to sync with 5 errors: last error was: Cannot upload files, storage cap exceeded. See the Caps & Alerts page to increase your cap. (403 storage_cap_exceeded)
[2026-08-09 11:05] sync esito=7 · remoto: {"count":12361,"bytes":10474622949,"sizeless":0}
{"ok":true,"name":"b2-backup","recorded_at":"2026-08-09T09:05:06.442Z"}[2026-08-09 11:05] heartbeat inviato (ok=false)
[2026-08-09 11:10] sync verso B2 (:b2:rebalix-archivi/backups) — inizio
2026/08/09 11:10:50 NOTICE: Config file "/Users/ale/.config/rclone/rclone.conf" not found - using defaults
2026/08/09 11:10:51 NOTICE: rebalix-whitelist-docs: Can't follow symlink without -L/--copy-links
2026/08/09 11:10:54 ERROR : rebalix-c3m-archivio/nav/shareAumInMCcy.json: Failed to set modification time: Cannot upload files, storage cap exceeded. See the Caps & Alerts page to increase your cap. (403 storage_cap_exceeded)
2026/08/09 11:10:55 ERROR : rebalix-xtrackers-archivio/nav/xeq4.json: Failed to set modification time: Cannot upload files, storage cap exceeded. See the Caps & Alerts page to increase your cap. (403 storage_cap_exceeded)
2026/08/09 11:10:55 ERROR : rebalix-c3m-archivio/raw/2026-08-05.json: Failed to set modification time: Cannot upload files, storage cap exceeded. See the Caps & Alerts page to increase your cap. (403 storage_cap_exceeded)
2026/08/09 11:10:55 ERROR : rebalix-c3m-archivio/nav/adjustedBenchPrice.json: Failed to set modification time: Cannot upload files, storage cap exceeded. See the Caps & Alerts page to increase your cap. (403 storage_cap_exceeded)
2026/08/09 11:10:55 ERROR : rebalix-xtrackers-archivio/nav/xeq2.json: Failed to set modification time: Cannot upload files, storage cap exceeded. See the Caps & Alerts page to increase your cap. (403 storage_cap_exceeded)
2026/08/09 11:10:55 ERROR : rebalix-xtrackers-archivio/raw/xeq2/2026-08-06.json: Failed to set modification time: Cannot upload files, storage cap exceeded. See the Caps & Alerts page to increase your cap. (403 storage_cap_exceeded)
2026/08/09 11:10:55 ERROR : rebalix-xtrackers-archivio/raw/xeq4/2026-08-06.json: Failed to set modification time: Cannot upload files, storage cap exceeded. See the Caps & Alerts page to increase your cap. (403 storage_cap_exceeded)
[2026-08-09 11:33] sync verso B2 (:b2:rebalix-archivi/backups) — inizio
2026/08/09 11:33:48 NOTICE: Config file "/Users/ale/.config/rclone/rclone.conf" not found - using defaults
2026/08/09 11:33:49 NOTICE: rebalix-whitelist-docs: Can't follow symlink without -L/--copy-links
2026/08/09 11:57:41 NOTICE: 
Transferred:   	  726.043 MiB / 13.006 GiB, 5%, 268 B/s, ETA 1y29w13h
Checks:             12888 / 12888, 100%, Listed 46074
Transferred:          852 / 5164, 16%
Elapsed time:       5m0.0s
Transferring:
 * rebalix-docs-archivio/…026-08-05_1a9b25bf.pdf: 16% / 8.103 MiB, 26 B/s, 73h30m25s
 * rebalix-docs-archivio/…026-08-05_b57821e2.pdf:  8% / 6.010 MiB, 11 B/s, 136h47m32s
 * rebalix-docs-archivio/…026-08-05_1a9b25bf.pdf: 51% / 8.103 MiB, 72 B/s, 15h58m32s
 * rebalix-docs-archivio/…026-08-05_c229dfdc.pdf: 29% / 435.117 KiB, 12 B/s, 7h13m29s

[2026-08-09 11:58] sync verso B2 (:b2:rebalix-archivi/backups) — inizio
2026/08/09 11:58:07 NOTICE: Config file "/Users/ale/.config/rclone/rclone.conf" not found - using defaults
2026/08/09 11:58:10 NOTICE: rebalix-whitelist-docs: Can't follow symlink without -L/--copy-links
2026/08/09 12:02:41 NOTICE: 
Transferred:   	  960.229 MiB / 13.012 GiB, 7%, 968.179 KiB/s, ETA 3h37m56s
Checks:             12888 / 12888, 100%, Listed 46074
Transferred:          938 / 5164, 18%
Elapsed time:      10m0.0s
Transferring:
 * rebalix-docs-archivio/…026-08-05_5c46b9ad.pdf: 32% / 6.664 MiB, 14.688 KiB/s, 5m12s
 * rebalix-docs-archivio/…026-08-05_775854cc.pdf: 66% / 13.521 MiB, 614.124 KiB/s, 7s
 * rebalix-docs-archivio/…026-08-05_775854cc.pdf:  7% / 13.521 MiB, 87.666 KiB/s, 2m25s
 * rebalix-docs-archivio/…026-08-05_775854cc.pdf: 35% / 13.521 MiB, 444.621 KiB/s, 20s

2026/08/09 12:03:10 NOTICE: 
Transferred:   	  336.465 MiB / 12.303 GiB, 3%, 908.782 KiB/s, ETA 3h50m16s
Checks:             13739 / 13739, 100%, Listed 46925
Transferred:          131 / 4312, 3%
Elapsed time:      4m59.9s
Transferring:
 * rebalix-docs-archivio/…026-08-05_5c46b9ad.pdf: 21% / 6.664 MiB, 59.741 KiB/s, 1m29s
 * rebalix-docs-archivio/…026-08-05_5c46b9ad.pdf: 74% / 6.664 MiB, 296.638 KiB/s, 5s
 * rebalix-docs-archivio/…026-08-05_5c46b9ad.pdf: 24% / 6.664 MiB, 97.265 KiB/s, 52s
 * rebalix-docs-archivio/…026-08-05_5c46b9ad.pdf: 59% / 6.664 MiB, 507.496 KiB/s, 5s

2026/08/09 12:07:16 ERROR : rebalix-docs-archivio/LU0292107645/factsheet_it/2026-08-04_1602a960.pdf: Failed to copy: Post "https://pod-031-2027-01.backblaze.com/b2api/v1/b2_upload_file/b727e6e89522e55e92fd081a/c003_v0312027_t0045": read tcp 192.168.1.12:63388->45.11.38.146:443: read: can't assign requested address
2026/08/09 12:07:41 NOTICE: 
Transferred:   	    1.095 GiB / 13.036 GiB, 8%, 956.377 KiB/s, ETA 3h38m12s
Checks:             12888 / 12888, 100%, Listed 46074
Transferred:         1002 / 5164, 19%
Elapsed time:     14m59.9s
Transferring:
 * rebalix-docs-archivio/…026-08-05_5c46b9ad.pdf:  4% / 6.664 MiB, 13.790 KiB/s, 7m54s
 * rebalix-docs-archivio/…026-08-05_5c46b9ad.pdf:100% / 6.664 MiB, 399.835 KiB/s, 0s
 * rebalix-docs-archivio/…026-08-05_5c46b9ad.pdf: 47% / 6.664 MiB, 670.998 KiB/s, 5s
 * rebalix-docs-archivio/…026-08-04_bde23e27.pdf:100% / 96.242 KiB, 32.079 KiB/s, 0s

2026/08/09 12:08:10 NOTICE: 
Transferred:   	  461.923 MiB / 12.309 GiB, 4%, 1.072 MiB/s, ETA 3h8m51s
Errors:                 1 (retrying may help)
Checks:             13739 / 13739, 100%, Listed 46925
Transferred:          192 / 4311, 4%
Elapsed time:      9m59.9s
Transferring:
 * rebalix-docs-archivio/…026-08-05_5c46b9ad.pdf:100% / 6.664 MiB, 524.908 KiB/s, 0s
 * rebalix-docs-archivio/…026-08-05_5c46b9ad.pdf: 18% / 6.664 MiB, 113.086 KiB/s, 49s
 * rebalix-docs-archivio/…026-08-05_5c46b9ad.pdf: 50% / 6.664 MiB, 313.813 KiB/s, 10s
 * rebalix-docs-archivio/…026-08-05_5c46b9ad.pdf: 82% / 6.664 MiB, 559.593 KiB/s, 2s

2026/08/09 12:12:41 NOTICE: 
Transferred:   	    1.368 GiB / 13.036 GiB, 10%, 1.201 MiB/s, ETA 2h45m45s
Checks:             12888 / 12888, 100%, Listed 46074
Transferred:         1136 / 5164, 22%
Elapsed time:      20m0.0s
Transferring:
 * rebalix-docs-archivio/…026-08-05_775854cc.pdf: 87% / 13.521 MiB, 419.264 KiB/s, 4s
 * rebalix-docs-archivio/…026-08-05_5c46b9ad.pdf:100% / 6.664 MiB, 487.411 KiB/s, 0s
 * rebalix-docs-archivio/…026-08-07_8fea7607.pdf: 10% / 5.167 MiB, 134.998 KiB/s, 35s
 * rebalix-docs-archivio/…026-08-04_da2b19bb.pdf:100% / 96.213 KiB, 96.209 KiB/s, 0s

2026/08/09 12:13:10 NOTICE: 
Transferred:   	  796.083 MiB / 12.309 GiB, 6%, 1.065 MiB/s, ETA 3h4m46s
Errors:                 1 (retrying may help)
Checks:             13739 / 13739, 100%, Listed 46925
Transferred:          349 / 4311, 8%
Elapsed time:     14m59.9s
Transferring:
 * rebalix-docs-archivio/…026-08-07_8fea7607.pdf: 74% / 5.167 MiB, 88.604 KiB/s, 14s
 * rebalix-docs-archivio/…026-08-05_5c46b9ad.pdf: 73% / 6.664 MiB, 4.215 MiB/s, 0s
 * rebalix-docs-archivio/…026-08-05_775854cc.pdf:  1% / 13.521 MiB, 219.981 KiB/s, 1m1s
 * rebalix-docs-archivio/…026-08-04_93830888.pdf:100% / 217.218 KiB, 0 B/s, -

2026/08/09 12:17:41 NOTICE: 
Transferred:   	    1.668 GiB / 13.036 GiB, 13%, 1.051 MiB/s, ETA 3h4m38s
Checks:             12888 / 12888, 100%, Listed 46074
Transferred:         1265 / 5164, 24%
Elapsed time:      25m0.0s
Transferring:
 * rebalix-docs-archivio/…026-08-05_ad61a8c2.pdf: 53% / 5.567 MiB, 189.421 KiB/s, 14s
 * rebalix-docs-archivio/…026-08-05_5c46b9ad.pdf: 18% / 6.664 MiB, 113.332 KiB/s, 48s
 * rebalix-docs-archivio/…026-08-05_d754464b.pdf: 39% / 7.893 MiB, 2.527 MiB/s, 1s
 * rebalix-docs-archivio/…026-08-04_0213f277.pdf: 72% / 221.526 KiB, 0 B/s, -

2026/08/09 12:18:10 NOTICE: 
Transferred:   	    1.076 GiB / 12.309 GiB, 9%, 788.309 KiB/s, ETA 4h9m1s
Errors:                 1 (retrying may help)
Checks:             13739 / 13739, 100%, Listed 46925
Transferred:          471 / 4311, 11%
Elapsed time:     19m59.9s
Transferring:
 * rebalix-docs-archivio/…026-08-05_ad61a8c2.pdf: 28% / 5.567 MiB, 41.221 KiB/s, 1m38s
 * rebalix-docs-archivio/…026-08-05_ad61a8c2.pdf: 74% / 5.567 MiB, 259.998 KiB/s, 5s
 * rebalix-docs-archivio/…026-08-04_5f99802f.pdf:100% / 225.179 KiB, 18.764 KiB/s, 0s
 * rebalix-docs-archivio/…026-08-04_c7a657ac.pdf:100% / 220.521 KiB, 220.511 KiB/s, 0s

2026/08/09 12:22:41 NOTICE: 
Transferred:   	    2.008 GiB / 13.036 GiB, 15%, 1.331 MiB/s, ETA 2h21m23s
Checks:             12888 / 12888, 100%, Listed 46074
Transferred:         1407 / 5164, 27%
Elapsed time:      30m0.0s
Transferring:
 * rebalix-docs-archivio/…026-08-05_775854cc.pdf:100% / 13.521 MiB, 383.402 KiB/s, 0s
 * rebalix-docs-archivio/…026-08-07_8fea7607.pdf:100% / 5.167 MiB, 201.492 KiB/s, 0s
 * rebalix-docs-archivio/…026-08-04_36993741.pdf:100% / 220.636 KiB, 36.771 KiB/s, 0s
 * rebalix-docs-archivio/…026-08-05_d754464b.pdf: 44% / 7.893 MiB, 1.165 MiB/s, 3s

2026/08/09 12:23:10 NOTICE: 
Transferred:   	    1.340 GiB / 12.309 GiB, 11%, 798.609 KiB/s, ETA 4h2s
Errors:                 1 (retrying may help)
Checks:             13739 / 13739, 100%, Listed 46925
Transferred:          590 / 4311, 14%
Elapsed time:     24m59.9s
Transferring:
 * rebalix-docs-archivio/…026-08-05_5c46b9ad.pdf: 92% / 6.664 MiB, 29.955 KiB/s, 17s
 * rebalix-docs-archivio/…026-08-05_d754464b.pdf: 35% / 7.893 MiB, 484.661 KiB/s, 10s
 * rebalix-docs-archivio/…026-08-05_5c46b9ad.pdf: 24% / 6.664 MiB, 325.593 KiB/s, 15s
 * rebalix-docs-archivio/…026-08-05_ad61a8c2.pdf: 17% / 5.567 MiB, 339.992 KiB/s, 13s

2026/08/09 12:27:41 NOTICE: 
Transferred:   	    2.384 GiB / 13.036 GiB, 18%, 747.949 KiB/s, ETA 4h8m53s
Checks:             12888 / 12888, 100%, Listed 46074
Transferred:         1579 / 5164, 31%
Elapsed time:     34m59.9s
Transferring:
 * rebalix-docs-archivio/…026-08-07_8fea7607.pdf: 90% / 5.167 MiB, 91.863 KiB/s, 5s
 * rebalix-docs-archivio/…026-08-05_d754464b.pdf: 81% / 7.893 MiB, 584.356 KiB/s, 2s
 * rebalix-docs-archivio/…026-08-05_d754464b.pdf: 33% / 7.893 MiB, 246.908 KiB/s, 21s
 * rebalix-docs-archivio/…026-08-04_c8706cf1.pdf:100% / 98.062 KiB, 24.514 KiB/s, 0s

2026/08/09 12:28:10 NOTICE: 
Transferred:   	    1.566 GiB / 12.309 GiB, 13%, 800.593 KiB/s, ETA 3h54m30s
Errors:                 1 (retrying may help)
Checks:             13739 / 13739, 100%, Listed 46925
Transferred:          663 / 4311, 15%
Elapsed time:     29m59.9s
Transferring:
 * rebalix-docs-archivio/…026-08-05_c402bf49.pdf: 62% / 9.230 MiB, 5.102 KiB/s, 11m39s
 * rebalix-docs-archivio/…026-08-05_288e4c00.pdf: 51% / 13.528 MiB, 1.414 KiB/s, 1h19m56s
 * rebalix-docs-archivio/…026-08-07_8fea7607.pdf: 86% / 5.167 MiB, 500.884 KiB/s, 1s
 * rebalix-docs-archivio/…026-08-07_8fea7607.pdf: 31% / 5.167 MiB, 280.791 KiB/s, 12s

2026/08/09 12:32:41 NOTICE: 
Transferred:   	    2.754 GiB / 13.036 GiB, 21%, 1.679 MiB/s, ETA 1h44m30s
Checks:             12888 / 12888, 100%, Listed 46074
Transferred:         1750 / 5164, 34%
Elapsed time:      40m0.0s
Transferring:
 * rebalix-docs-archivio/…026-08-07_8fea7607.pdf: 46% / 5.167 MiB, 11.632 KiB/s, 4m3s
 * rebalix-docs-archivio/…026-08-05_ad61a8c2.pdf: 87% / 5.567 MiB, 447.633 KiB/s, 1s
 * rebalix-docs-archivio/…026-08-05_d754464b.pdf: 54% / 7.893 MiB, 1.085 MiB/s, 3s
 * rebalix-docs-archivio/…026-08-05_5c46b9ad.pdf: 55% / 6.664 MiB, 1.857 MiB/s, 1s

2026/08/09 12:33:10 NOTICE: 
Transferred:   	    1.787 GiB / 12.309 GiB, 15%, 671.249 KiB/s, ETA 4h33m56s
Errors:                 1 (retrying may help)
Checks:             13739 / 13739, 100%, Listed 46925
Transferred:          787 / 4311, 18%
Elapsed time:     34m59.9s
Transferring:
 * rebalix-docs-archivio/…026-08-07_8fea7607.pdf: 79% / 5.167 MiB, 66.031 KiB/s, 16s
 * rebalix-docs-archivio/…026-08-07_8fea7607.pdf: 60% / 5.167 MiB, 154.301 KiB/s, 13s
 * rebalix-docs-archivio/…026-08-07_8fea7607.pdf: 84% / 5.167 MiB, 233.618 KiB/s, 3s
 * rebalix-docs-archivio/…026-08-05_775854cc.pdf:  4% / 13.521 MiB, 0 B/s, -

2026/08/09 12:37:41 NOTICE: 
Transferred:   	    3.170 GiB / 13.036 GiB, 24%, 1.062 MiB/s, ETA 2h38m35s
Checks:             12888 / 12888, 100%, Listed 46074
Transferred:         1941 / 5164, 38%
Elapsed time:     44m59.9s
Transferring:
 * rebalix-docs-archivio/…026-08-05_f0dca1f2.pdf:100% / 356.546 KiB, 39.613 KiB/s, 0s
 * rebalix-docs-archivio/…026-08-05_ad61a8c2.pdf: 13% / 5.567 MiB, 88.440 KiB/s, 55s
 * rebalix-docs-archivio/…026-08-05_ad61a8c2.pdf:100% / 5.567 MiB, 921.982 KiB/s, 0s
 * rebalix-docs-archivio/…026-08-05_28e2a53a.pdf:100% / 432.709 KiB, 108.174 KiB/s, 0s

2026/08/09 12:38:10 NOTICE: 
Transferred:   	    1.982 GiB / 12.309 GiB, 16%, 992.018 KiB/s, ETA 3h1m55s
Errors:                 1 (retrying may help)
Checks:             13739 / 13739, 100%, Listed 46925
Transferred:          880 / 4311, 20%
Elapsed time:     39m59.9s
Transferring:
 * rebalix-docs-archivio/…026-08-05_775854cc.pdf: 79% / 13.521 MiB, 41.300 KiB/s, 1m9s
 * rebalix-docs-archivio/…026-08-07_8fea7607.pdf: 53% / 5.167 MiB, 55 KiB/s, 45s
 * rebalix-docs-archivio/…026-08-05_288e4c00.pdf: 25% / 13.528 MiB, 295.666 KiB/s, 34s
 * rebalix-docs-archivio/…026-08-05_6e2d8cb4.pdf:100% / 99.856 KiB, 99.854 KiB/s, 0s

2026/08/09 12:42:41 NOTICE: 
Transferred:   	    3.604 GiB / 13.036 GiB, 28%, 1.844 MiB/s, ETA 1h27m18s
Checks:             12888 / 12888, 100%, Listed 46074
Transferred:         2077 / 5164, 40%
Elapsed time:     49m59.9s
Transferring:
 * rebalix-docs-archivio/…026-08-07_c402bf49.pdf: 71% / 9.230 MiB, 64.214 KiB/s, 42s
 * rebalix-docs-archivio/…026-08-07_288e4c00.pdf:100% / 13.528 MiB, 865.768 KiB/s, 0s
 * rebalix-docs-archivio/…026-08-07_288e4c00.pdf: 62% / 13.528 MiB, 596.280 KiB/s, 8s
 * rebalix-docs-archivio/…026-08-07_c402bf49.pdf:100% / 9.230 MiB, 1.006 MiB/s, 0s

2026/08/09 12:43:10 NOTICE: 
Transferred:   	    2.132 GiB / 12.309 GiB, 17%, 460.422 KiB/s, ETA 6h26m17s
Errors:                 1 (retrying may help)
Checks:             13739 / 13739, 100%, Listed 46925
Transferred:          962 / 4311, 22%
Elapsed time:     44m59.9s
Transferring:
 * rebalix-docs-archivio/…026-08-05_d754464b.pdf: 48% / 7.893 MiB, 351 B/s, 3h22m50s
 * rebalix-docs-archivio/…026-08-05_ad61a8c2.pdf: 83% / 5.567 MiB, 12.314 KiB/s, 1m18s
 * rebalix-docs-archivio/…026-08-05_288e4c00.pdf: 44% / 13.528 MiB, 251.014 KiB/s, 30s
 * rebalix-docs-archivio/…026-08-07_fa521acc.pdf: 97% / 427.874 KiB, 0 B/s, -

2026/08/09 12:47:41 NOTICE: 
Transferred:   	    4.031 GiB / 13.036 GiB, 31%, 1.316 MiB/s, ETA 1h56m46s
Checks:             12888 / 12888, 100%, Listed 46074
Transferred:         2254 / 5164, 44%
Elapsed time:      55m0.0s
Transferring:
 * rebalix-docs-archivio/…026-08-05_c402bf49.pdf: 17% / 9.230 MiB, 7.694 KiB/s, 16m56s
 * rebalix-docs-archivio/…026-08-05_288e4c00.pdf: 28% / 13.528 MiB, 235.391 KiB/s, 41s
 * rebalix-docs-archivio/…026-08-05_288e4c00.pdf: 19% / 13.528 MiB, 162.140 KiB/s, 1m8s
 * rebalix-docs-archivio/…026-08-05_c402bf49.pdf: 74% / 9.230 MiB, 1.380 MiB/s, 1s

2026/08/09 12:48:10 NOTICE: 
Transferred:   	    2.295 GiB / 12.309 GiB, 19%, 394.937 KiB/s, ETA 7h23m7s
Errors:                 1 (retrying may help)
Checks:             13739 / 13739, 100%, Listed 46925
Transferred:         1021 / 4311, 24%
Elapsed time:     49m59.9s
Transferring:
 * rebalix-docs-archivio/…026-08-05_d754464b.pdf: 85% / 7.893 MiB, 181 B/s, 1h47m27s
 * rebalix-docs-archivio/…026-08-05_ad61a8c2.pdf:100% / 5.567 MiB, 118.931 KiB/s, 0s
 * rebalix-docs-archivio/…026-08-05_bd151d13.pdf:100% / 424.966 KiB, 42.494 KiB/s, 0s
 * rebalix-docs-archivio/…026-08-05_d754464b.pdf: 11% / 7.893 MiB, 955.952 KiB/s, 7s

2026/08/09 12:52:41 NOTICE: 
Transferred:   	    4.477 GiB / 13.036 GiB, 34%, 1.609 MiB/s, ETA 1h30m49s
Checks:             12888 / 12888, 100%, Listed 46074
Transferred:         2423 / 5164, 47%
Elapsed time:     59m59.9s
Transferring:
 * rebalix-docs-archivio/…026-08-05_d754464b.pdf: 86% / 7.893 MiB, 45.698 KiB/s, 24s
 * rebalix-docs-archivio/…026-08-05_ad61a8c2.pdf: 48% / 5.567 MiB, 268.398 KiB/s, 11s
 * rebalix-docs-archivio/…026-08-05_d827f430.pdf:100% / 1.029 MiB, 0 B/s, -
 * rebalix-docs-archivio/…026-08-07_7c101b1c.pdf:100% / 1.039 MiB, 0 B/s, -

2026/08/09 12:53:10 NOTICE: 
Transferred:   	    2.454 GiB / 12.309 GiB, 20%, 893.062 KiB/s, ETA 3h12m50s
Errors:                 1 (retrying may help)
Checks:             13739 / 13739, 100%, Listed 46925
Transferred:         1106 / 4311, 26%
Elapsed time:     54m59.9s
Transferring:
 * rebalix-docs-archivio/…026-08-05_775854cc.pdf: 60% / 13.521 MiB, 5.518 KiB/s, 16m36s
 * rebalix-docs-archivio/…026-08-05_d754464b.pdf: 28% / 7.893 MiB, 29.031 KiB/s, 3m18s
 * rebalix-docs-archivio/…026-08-05_d754464b.pdf: 29% / 7.893 MiB, 147.748 KiB/s, 38s
 * rebalix-docs-archivio/…026-08-05_ad61a8c2.pdf:100% / 5.567 MiB, 4.715 MiB/s, 0s

2026/08/09 12:57:41 NOTICE: 
Transferred:   	    4.906 GiB / 13.036 GiB, 38%, 1.567 MiB/s, ETA 1h28m32s
Checks:             12888 / 12888, 100%, Listed 46074
Transferred:         2574 / 5164, 50%
Elapsed time:    1h4m59.9s
Transferring:
 * rebalix-docs-archivio/…026-08-05_288e4c00.pdf: 85% / 13.528 MiB, 742.128 KiB/s, 2s
 * rebalix-docs-archivio/…026-08-05_288e4c00.pdf: 16% / 13.528 MiB, 239.499 KiB/s, 48s
 * rebalix-docs-archivio/…026-08-05_288e4c00.pdf: 50% / 13.528 MiB, 909.136 KiB/s, 7s
 * rebalix-docs-archivio/…026-08-07_88f661f4.pdf:100% / 563.734 KiB, 112.742 KiB/s, 0s

2026/08/09 12:58:10 NOTICE: 
Transferred:   	    2.609 GiB / 12.309 GiB, 21%, 571.803 KiB/s, ETA 4h56m28s
Errors:                 1 (retrying may help)
Checks:             13739 / 13739, 100%, Listed 46925
Transferred:         1166 / 4311, 27%
Elapsed time:     59m59.9s
Transferring:
 * rebalix-docs-archivio/…026-08-05_d754464b.pdf:100% / 7.893 MiB, 20.630 KiB/s, 0s
 * rebalix-docs-archivio/…026-08-07_d754464b.pdf: 88% / 7.893 MiB, 391.768 KiB/s, 2s
 * rebalix-docs-archivio/…026-08-07_c402bf49.pdf: 51% / 9.230 MiB, 234.098 KiB/s, 19s
 * rebalix-docs-archivio/…026-08-07_3018bacc.pdf: 48% / 2.359 MiB, 98.331 KiB/s, 12s

2026/08/09 13:02:41 NOTICE: 
Transferred:   	    5.366 GiB / 13.036 GiB, 41%, 1.315 MiB/s, ETA 1h39m31s
Checks:             12888 / 12888, 100%, Listed 46074
Transferred:         2712 / 5164, 53%
Elapsed time:    1h9m59.9s
Transferring:
 * rebalix-docs-archivio/…026-08-05_c402bf49.pdf: 79% / 9.230 MiB, 25.408 KiB/s, 1m16s
 * rebalix-docs-archivio/…026-08-05_c402bf49.pdf: 12% / 9.230 MiB, 13.398 KiB/s, 10m19s
 * rebalix-docs-archivio/…026-08-05_288e4c00.pdf: 50% / 13.528 MiB, 1.663 MiB/s, 4s
 * rebalix-docs-archivio/…026-08-07_e9a9ef36.pdf:100% / 475.734 KiB, 0 B/s, -

2026/08/09 13:03:10 NOTICE: 
Transferred:   	    2.735 GiB / 12.309 GiB, 22%, 427.107 KiB/s, ETA 6h31m45s
Errors:                 1 (retrying may help)
Checks:             13739 / 13739, 100%, Listed 46925
Transferred:         1198 / 4311, 28%
Elapsed time:    1h4m59.9s
Transferring:
 * rebalix-docs-archivio/…026-08-07_288e4c00.pdf: 69% / 13.528 MiB, 72.390 KiB/s, 57s
 * rebalix-docs-archivio/…026-08-07_288e4c00.pdf: 53% / 13.528 MiB, 104.195 KiB/s, 1m2s
 * rebalix-docs-archivio/…026-08-07_c402bf49.pdf:100% / 9.230 MiB, 427.797 KiB/s, 0s
 * rebalix-docs-archivio/…026-08-07_60cd060e.pdf:100% / 601.874 KiB, 271.993 KiB/s, 0s

2026/08/09 13:07:41 NOTICE: 
Transferred:   	    5.826 GiB / 13.036 GiB, 45%, 1.813 MiB/s, ETA 1h7m52s
Checks:             12888 / 12888, 100%, Listed 46074
Transferred:         2853 / 5164, 55%
Elapsed time:   1h14m59.9s
Transferring:
 * rebalix-docs-archivio/…026-08-05_288e4c00.pdf: 53% / 13.528 MiB, 26.638 KiB/s, 4m3s
 * rebalix-docs-archivio/…026-08-05_288e4c00.pdf:100% / 13.528 MiB, 382.606 KiB/s, 0s
 * rebalix-docs-archivio/…026-08-05_431eb15e.pdf:100% / 438.278 KiB, 31.305 KiB/s, 0s
 * rebalix-docs-archivio/…026-08-05_c402bf49.pdf: 79% / 9.230 MiB, 3.248 MiB/s, 0s

2026/08/09 13:08:10 NOTICE: 
Transferred:   	    2.848 GiB / 12.309 GiB, 23%, 137.256 KiB/s, ETA 20h4m35s
Errors:                 1 (retrying may help)
Checks:             13739 / 13739, 100%, Listed 46925
Transferred:         1227 / 4311, 28%
Elapsed time:    1h9m59.9s
Transferring:
 * rebalix-docs-archivio/…026-08-07_288e4c00.pdf:100% / 13.528 MiB, 42.543 KiB/s, 0s
 * rebalix-docs-archivio/…026-08-07_288e4c00.pdf: 77% / 13.528 MiB, 8.896 KiB/s, 5m48s
 * rebalix-docs-archivio/…026-08-07_288e4c00.pdf: 17% / 13.528 MiB, 41.910 KiB/s, 4m31s
 * rebalix-docs-archivio/…026-08-07_ad61a8c2.pdf:  3% / 5.567 MiB, 77.996 KiB/s, 1m10s

2026/08/09 13:12:41 NOTICE: 
Transferred:   	    6.226 GiB / 13.036 GiB, 48%, 1.267 MiB/s, ETA 1h31m44s
Checks:             12888 / 12888, 100%, Listed 46074
Transferred:         2982 / 5164, 58%
Elapsed time:    1h20m0.0s
Transferring:
 * rebalix-docs-archivio/…026-08-05_288e4c00.pdf: 62% / 13.528 MiB, 118.986 KiB/s, 44s
 * rebalix-docs-archivio/…026-08-05_d6998bf6.pdf:100% / 202.187 KiB, 7.540 KiB/s, 0s
 * rebalix-docs-archivio/…026-08-05_c402bf49.pdf: 52% / 9.230 MiB, 997.592 KiB/s, 4s
 * rebalix-docs-archivio/…026-08-05_288e4c00.pdf: 23% / 13.528 MiB, 2.371 MiB/s, 4s

2026/08/09 13:13:10 NOTICE: 
Transferred:   	    3.032 GiB / 12.309 GiB, 25%, 280.166 KiB/s, ETA 9h38m38s
Errors:                 1 (retrying may help)
Checks:             13739 / 13739, 100%, Listed 46925
Transferred:         1319 / 4311, 31%
Elapsed time:   1h14m59.9s
Transferring:
 * rebalix-docs-archivio/…026-08-05_d754464b.pdf: 20% / 7.893 MiB, 93.890 KiB/s, 1m8s
 * rebalix-docs-archivio/…026-08-05_ad61a8c2.pdf:  0% / 5.567 MiB, 0 B/s, -
 * rebalix-docs-archivio/…026-08-07_d754464b.pdf:  1% / 7.893 MiB, 77.997 KiB/s, 1m41s
 * rebalix-docs-archivio/…026-08-07_c402bf49.pdf:  1% / 9.230 MiB, 155.995 KiB/s, 59s

2026/08/09 13:17:41 NOTICE: 
Transferred:   	    6.496 GiB / 13.036 GiB, 50%, 949.260 KiB/s, ETA 2h24s
Checks:             12888 / 12888, 100%, Listed 46074
Transferred:         3049 / 5164, 59%
Elapsed time:   1h24m59.9s
Transferring:
 * rebalix-docs-archivio/…026-08-05_288e4c00.pdf: 90% / 13.528 MiB, 141 B/s, 2h38m19s
 * rebalix-docs-archivio/…026-08-05_c402bf49.pdf: 75% / 9.230 MiB, 68.122 KiB/s, 34s
 * rebalix-docs-archivio/…026-08-05_288e4c00.pdf: 52% / 13.528 MiB, 398.551 KiB/s, 16s
 * rebalix-docs-archivio/…026-08-05_288e4c00.pdf: 68% / 13.528 MiB, 1.046 MiB/s, 4s

2026/08/09 13:18:10 NOTICE: 
Transferred:   	    3.394 GiB / 12.309 GiB, 28%, 1.505 MiB/s, ETA 1h41m5s
Errors:                 1 (retrying may help)
Checks:             13739 / 13739, 100%, Listed 46925
Transferred:         1424 / 4311, 33%
Elapsed time:   1h19m59.9s
Transferring:
 * rebalix-docs-archivio/…026-08-07_c402bf49.pdf: 94% / 9.230 MiB, 252.427 KiB/s, 2s
 * rebalix-docs-archivio/…026-08-05_288e4c00.pdf:100% / 13.528 MiB, 1.691 MiB/s, 0s
 * rebalix-docs-archivio/…026-08-05_288e4c00.pdf:  5% / 13.528 MiB, 265.328 KiB/s, 49s
 * rebalix-docs-archivio/…026-08-05_288e4c00.pdf:  5% / 13.528 MiB, 349.994 KiB/s, 37s

2026/08/09 13:22:41 NOTICE: 
Transferred:   	    6.755 GiB / 13.036 GiB, 52%, 1.103 MiB/s, ETA 1h37m11s
Checks:             12888 / 12888, 100%, Listed 46074
Transferred:         3134 / 5164, 61%
Elapsed time:    1h30m0.0s
Transferring:
 * rebalix-docs-archivio/…026-08-05_c402bf49.pdf:  7% / 9.230 MiB, 8.328 KiB/s, 17m30s
 * rebalix-docs-archivio/…026-08-07_8fea7607.pdf: 97% / 5.167 MiB, 286.342 KiB/s, 0s
 * rebalix-docs-archivio/…026-08-07_8fea7607.pdf: 10% / 5.167 MiB, 179.992 KiB/s, 26s
 * rebalix-docs-archivio/…026-08-05_8a7f51a7.pdf:100% / 894.450 KiB, 298.137 KiB/s, 0s

2026/08/09 13:23:10 NOTICE: 
Transferred:   	    3.727 GiB / 12.309 GiB, 30%, 1.190 MiB/s, ETA 2h3m6s
Errors:                 1 (retrying may help)
Checks:             13739 / 13739, 100%, Listed 46925
Transferred:         1565 / 4311, 36%
Elapsed time:   1h24m59.9s
Transferring:
 * rebalix-docs-archivio/…026-08-05_ad61a8c2.pdf: 76% / 5.567 MiB, 398.178 KiB/s, 3s
 * rebalix-docs-archivio/…026-08-05_ad61a8c2.pdf: 95% / 5.567 MiB, 491.262 KiB/s, 0s
 * rebalix-docs-archivio/…026-08-05_d754464b.pdf: 44% / 7.893 MiB, 456.562 KiB/s, 9s
 * rebalix-docs-archivio/…026-08-05_d827f430.pdf: 45% / 1.029 MiB, 475.976 KiB/s, 1s

2026/08/09 13:28:10 NOTICE: 
Transferred:   	    4.058 GiB / 12.309 GiB, 33%, 1.787 MiB/s, ETA 1h18m48s
Errors:                 1 (retrying may help)
Checks:             13739 / 13739, 100%, Listed 46925
Transferred:         1684 / 4311, 39%
Elapsed time:   1h29m59.9s
Transferring:
 * rebalix-docs-archivio/…026-08-05_288e4c00.pdf: 37% / 13.528 MiB, 125 B/s, 19h44m37s
 * rebalix-docs-archivio/…026-08-05_c402bf49.pdf: 89% / 9.230 MiB, 529.745 KiB/s, 1s
 * rebalix-docs-archivio/…026-08-07_288e4c00.pdf: 51% / 13.528 MiB, 2.322 MiB/s, 2s
 * rebalix-docs-archivio/…026-08-05_288e4c00.pdf:  8% / 13.528 MiB, 393.320 KiB/s, 32s

2026/08/09 13:33:10 NOTICE: 
Transferred:   	    4.650 GiB / 12.309 GiB, 38%, 1.921 MiB/s, ETA 1h8m2s
Errors:                 1 (retrying may help)
Checks:             13739 / 13739, 100%, Listed 46925
Transferred:         1871 / 4311, 43%
Elapsed time:   1h34m59.9s
Transferring:
 * rebalix-docs-archivio/…026-08-05_288e4c00.pdf: 81% / 13.528 MiB, 308.741 KiB/s, 8s
 * rebalix-docs-archivio/…026-08-05_c402bf49.pdf: 15% / 9.230 MiB, 334.997 KiB/s, 23s
 * rebalix-docs-archivio/…026-08-07_9db6b090.pdf:100% / 562.150 KiB, 0 B/s, -
 * rebalix-docs-archivio/…026-08-07_97f4b60f.pdf:100% / 206.305 KiB, 0 B/s, -

2026/08/09 13:38:10 NOTICE: 
Transferred:   	    5.256 GiB / 12.309 GiB, 43%, 2.094 MiB/s, ETA 57m28s
Errors:                 1 (retrying may help)
Checks:             13739 / 13739, 100%, Listed 46925
Transferred:         2053 / 4311, 48%
Elapsed time:   1h39m59.9s
Transferring:
 * rebalix-docs-archivio/…026-08-05_c402bf49.pdf: 55% / 9.230 MiB, 18.588 KiB/s, 3m44s
 * rebalix-docs-archivio/…026-08-05_288e4c00.pdf: 93% / 13.528 MiB, 891.135 KiB/s, 1s
 * rebalix-docs-archivio/…026-08-05_c402bf49.pdf: 98% / 9.230 MiB, 927.547 KiB/s, 0s
 * rebalix-docs-archivio/…026-08-04_f6af3727.pdf:100% / 208.380 KiB, 208.372 KiB/s, 0s

2026/08/09 13:43:10 NOTICE: 
Transferred:   	    5.851 GiB / 12.309 GiB, 48%, 2.131 MiB/s, ETA 51m42s
Errors:                 1 (retrying may help)
Checks:             13739 / 13739, 100%, Listed 46925
Transferred:         2217 / 4311, 51%
Elapsed time:   1h44m59.9s
Transferring:
 * rebalix-docs-archivio/…026-08-05_c402bf49.pdf: 64% / 9.230 MiB, 108.124 KiB/s, 31s
 * rebalix-docs-archivio/…026-08-05_288e4c00.pdf: 68% / 13.528 MiB, 579.741 KiB/s, 7s
 * rebalix-docs-archivio/…026-08-05_288e4c00.pdf:  4% / 13.528 MiB, 127.198 KiB/s, 1m43s
 * rebalix-docs-archivio/…026-08-05_288e4c00.pdf: 53% / 13.528 MiB, 2.311 MiB/s, 2s

2026/08/09 13:48:10 NOTICE: 
Transferred:   	    6.450 GiB / 12.309 GiB, 52%, 2.267 MiB/s, ETA 44m5s
Errors:                 1 (retrying may help)
Checks:             13739 / 13739, 100%, Listed 46925
Transferred:         2453 / 4311, 57%
Elapsed time:   1h49m59.9s
Transferring:
 * rebalix-docs-archivio/…026-08-05_ad61a8c2.pdf:100% / 5.567 MiB, 313.133 KiB/s, 0s
 * rebalix-docs-archivio/…026-08-05_d754464b.pdf: 55% / 7.893 MiB, 895.193 KiB/s, 4s
 * rebalix-docs-archivio/…026-08-05_ad61a8c2.pdf: 96% / 5.567 MiB, 2.685 MiB/s, 0s
 * rebalix-docs-archivio/…026-08-05_d754464b.pdf: 39% / 7.893 MiB, 2.059 MiB/s, 2s

2026/08/09 13:53:10 NOTICE: 
Transferred:   	    7.050 GiB / 12.309 GiB, 57%, 2.295 MiB/s, ETA 39m6s
Errors:                 1 (retrying may help)
Checks:             13739 / 13739, 100%, Listed 46925
Transferred:         2680 / 4311, 62%
Elapsed time:   1h54m59.9s
Transferring:
 * rebalix-docs-archivio/…026-08-05_775854cc.pdf: 54% / 13.521 MiB, 57.511 KiB/s, 1m48s
 * rebalix-docs-archivio/…026-08-05_c402bf49.pdf: 34% / 9.230 MiB, 170.777 KiB/s, 36s
 * rebalix-docs-archivio/…026-08-05_288e4c00.pdf: 57% / 13.528 MiB, 2.551 MiB/s, 2s
 * rebalix-docs-archivio/…026-08-05_d754464b.pdf: 56% / 7.893 MiB, 3.402 MiB/s, 0s

2026/08/09 13:58:10 NOTICE: 
Transferred:   	    7.645 GiB / 12.309 GiB, 62%, 1.956 MiB/s, ETA 40m41s
Errors:                 1 (retrying may help)
Checks:             13739 / 13739, 100%, Listed 46925
Transferred:         2913 / 4311, 68%
Elapsed time:   1h59m59.9s
Transferring:
 * rebalix-docs-archivio/…026-08-05_ad61a8c2.pdf:100% / 5.567 MiB, 313.128 KiB/s, 0s
 * rebalix-docs-archivio/…026-08-05_728804db.pdf:100% / 463.493 KiB, 154.493 KiB/s, 0s
 * rebalix-docs-archivio/…026-08-05_ad61a8c2.pdf:100% / 5.567 MiB, 2.783 MiB/s, 0s
 * rebalix-docs-archivio/…026-08-07_e0462dee.pdf:100% / 573.752 KiB, 0 B/s, -

2026/08/09 14:03:10 NOTICE: 
Transferred:   	    8.249 GiB / 12.309 GiB, 67%, 2.043 MiB/s, ETA 33m54s
Errors:                 1 (retrying may help)
Checks:             13739 / 13739, 100%, Listed 46925
Transferred:         3142 / 4311, 73%
Elapsed time:    2h4m59.9s
Transferring:
 * rebalix-docs-archivio/…026-08-05_288e4c00.pdf: 96% / 13.528 MiB, 279.221 KiB/s, 1s
 * rebalix-docs-archivio/…026-08-05_c402bf49.pdf: 28% / 9.230 MiB, 0 B/s, -
 * rebalix-docs-archivio/…026-08-05_c402bf49.pdf: 26% / 9.230 MiB, 0 B/s, -
 * rebalix-docs-archivio/…026-08-04_7ed07000.pdf:100% / 98.555 KiB, 0 B/s, -

2026/08/09 14:08:10 NOTICE: 
Transferred:   	    8.853 GiB / 12.309 GiB, 72%, 2.215 MiB/s, ETA 26m37s
Errors:                 1 (retrying may help)
Checks:             13739 / 13739, 100%, Listed 46925
Transferred:         3313 / 4311, 77%
Elapsed time:    2h9m59.9s
Transferring:
 * rebalix-docs-archivio/…026-08-05_288e4c00.pdf: 70% / 13.528 MiB, 43.043 KiB/s, 1m35s
 * rebalix-docs-archivio/…026-08-05_288e4c00.pdf: 56% / 13.528 MiB, 103.053 KiB/s, 58s
 * rebalix-docs-archivio/…026-08-05_288e4c00.pdf:100% / 13.528 MiB, 1.023 MiB/s, 0s
 * rebalix-docs-archivio/…026-08-05_d754464b.pdf: 50% / 7.893 MiB, 0 B/s, -

2026/08/09 14:13:10 NOTICE: 
Transferred:   	    9.449 GiB / 12.309 GiB, 77%, 2.065 MiB/s, ETA 23m38s
Errors:                 1 (retrying may help)
Checks:             13739 / 13739, 100%, Listed 46925
Transferred:         3491 / 4311, 81%
Elapsed time:   2h14m59.9s
Transferring:
 * rebalix-docs-archivio/…026-08-07_8fea7607.pdf:100% / 5.167 MiB, 590 B/s, 0s
 * rebalix-docs-archivio/…026-08-05_775854cc.pdf: 65% / 13.521 MiB, 588.529 KiB/s, 8s
 * rebalix-docs-archivio/…026-08-05_288e4c00.pdf: 93% / 13.528 MiB, 859.461 KiB/s, 1s
 * rebalix-docs-archivio/…026-08-05_775854cc.pdf:100% / 13.521 MiB, 1.040 MiB/s, 0s

2026/08/09 14:18:10 NOTICE: 
Transferred:   	   10.050 GiB / 12.309 GiB, 82%, 2.052 MiB/s, ETA 18m47s
Errors:                 1 (retrying may help)
Checks:             13739 / 13739, 100%, Listed 46925
Transferred:         3686 / 4311, 86%
Elapsed time:   2h19m59.9s
Transferring:
 * rebalix-docs-archivio/…026-08-05_288e4c00.pdf:100% / 13.528 MiB, 923.495 KiB/s, 0s
 * rebalix-docs-archivio/…026-08-05_c402bf49.pdf: 34% / 9.230 MiB, 303.598 KiB/s, 20s
 * rebalix-docs-archivio/…026-08-05_c402bf49.pdf: 79% / 9.230 MiB, 1.135 MiB/s, 1s
 * rebalix-docs-archivio/…026-08-08_6cc5e681.pdf:100% / 1.165 MiB, 397.583 KiB/s, 0s

2026/08/09 14:23:10 NOTICE: 
Transferred:   	   10.658 GiB / 12.309 GiB, 87%, 2.178 MiB/s, ETA 12m56s
Errors:                 1 (retrying may help)
Checks:             13739 / 13739, 100%, Listed 46925
Transferred:         3846 / 4311, 89%
Elapsed time:   2h24m59.9s
Transferring:
 * rebalix-docs-archivio/…026-08-05_c402bf49.pdf: 44% / 9.230 MiB, 418.800 KiB/s, 12s
 * rebalix-docs-archivio/…026-08-05_288e4c00.pdf: 66% / 13.528 MiB, 1.196 MiB/s, 3s
 * rebalix-docs-archivio/…026-08-05_c402bf49.pdf:  4% / 9.230 MiB, 75.996 KiB/s, 1m58s
 * rebalix-docs-archivio/…026-08-05_288e4c00.pdf: 20% / 13.528 MiB, 1.373 MiB/s, 7s

2026/08/09 14:28:10 NOTICE: 
Transferred:   	   11.261 GiB / 12.309 GiB, 91%, 2.133 MiB/s, ETA 8m23s
Errors:                 1 (retrying may help)
Checks:             13739 / 13739, 100%, Listed 46925
Transferred:         4017 / 4311, 93%
Elapsed time:   2h29m59.9s
Transferring:
 * rebalix-docs-archivio/…026-08-05_c402bf49.pdf: 80% / 9.230 MiB, 226.404 KiB/s, 8s
 * rebalix-docs-archivio/…026-08-05_288e4c00.pdf: 86% / 13.528 MiB, 1.112 MiB/s, 1s
 * rebalix-docs-archivio/…026-08-04_68c722c2.pdf:100% / 212.550 KiB, 35.423 KiB/s, 0s
 * rebalix-docs-archivio/…026-08-05_288e4c00.pdf: 42% / 13.528 MiB, 1.707 MiB/s, 4s

2026/08/09 14:33:10 NOTICE: 
Transferred:   	   11.864 GiB / 12.309 GiB, 96%, 2.063 MiB/s, ETA 3m40s
Errors:                 1 (retrying may help)
Checks:             13739 / 13739, 100%, Listed 46925
Transferred:         4214 / 4311, 98%
Elapsed time:   2h34m59.9s
Transferring:
 * rebalix-docs-archivio/…026-08-05_7746af87.pdf:100% / 8.447 MiB, 617.822 KiB/s, 0s
 * rebalix-docs-archivio/…026-08-05_c402bf49.pdf: 18% / 9.230 MiB, 297.997 KiB/s, 25s
 * rebalix-docs-archivio/…026-08-05_d754464b.pdf: 92% / 7.893 MiB, 1.299 MiB/s, 0s
 * rebalix-docs-archivio/…026-08-05_ad61a8c2.pdf:100% / 5.567 MiB, 1.113 MiB/s, 0s

2026/08/09 14:36:53 ERROR : B2 bucket rebalix-archivi path backups: not deleting files as there were IO errors
2026/08/09 14:36:53 ERROR : B2 bucket rebalix-archivi path backups: not deleting directories as there were IO errors
2026/08/09 14:36:53 ERROR : Attempt 1/3 failed with 1 errors and: Post "https://pod-031-2027-01.backblaze.com/b2api/v1/b2_upload_file/b727e6e89522e55e92fd081a/c003_v0312027_t0045": read tcp 192.168.1.12:63388->45.11.38.146:443: read: can't assign requested address
2026/08/09 14:36:53 NOTICE: rebalix-whitelist-docs: Can't follow symlink without -L/--copy-links
2026/08/09 14:36:58 ERROR : Attempt 2/3 succeeded
2026/08/09 14:36:58 NOTICE: 
Transferred:   	   12.309 GiB / 12.309 GiB, 100%, 1.818 MiB/s, ETA 0s
Checks:             31790 / 31790, 100%, Listed 98162
Transferred:         4311 / 4311, 100%
Elapsed time:   2h38m48.1s

[2026-08-09 14:37] sync esito=0 · remoto: {"count":18051,"bytes":24970298396,"sizeless":0}
{"ok":true,"name":"b2-backup","recorded_at":"2026-08-09T12:37:05.847Z"}[2026-08-09 14:37] heartbeat inviato (ok=true)
[2026-08-10 08:00] sync verso B2 (:b2:rebalix-archivi/backups) — inizio
2026/08/10 08:00:01 NOTICE: Config file "/Users/ale/.config/rclone/rclone.conf" not found - using defaults
2026/08/10 08:00:03 NOTICE: rebalix-whitelist-docs: Can't follow symlink without -L/--copy-links
2026/08/10 08:00:09 NOTICE: 
Transferred:   	    1.995 MiB / 1.995 MiB, 100%, 826.028 KiB/s, ETA 0s
Checks:             18051 / 18051, 100%, Listed 51258
Transferred:           25 / 25, 100%
Elapsed time:         5.8s

[2026-08-10 08:00] sync esito=0 · remoto: {"count":18071,"bytes":24972364986,"sizeless":0}
{"ok":true,"name":"b2-backup","recorded_at":"2026-08-10T06:00:24.638Z"}[2026-08-10 08:00] heartbeat inviato (ok=true)
