2026-07-23 10:53  === giro 2026-07 avviato (dry=False) ===
2026-07-23 10:53  [fineco] ok: 483 ISIN
2026-07-23 10:53  [moneyfarm] ok: 565 ISIN
2026-07-23 10:53  [bgsaxo] ok: 255 ISIN
2026-07-23 10:54  [directa] ok: 1281 ISIN
2026-07-23 10:54  [xtb] ok: 1421 ISIN
2026-07-23 10:54  [diff] xtb: +0 −1
2026-07-23 10:54  indice rigenerato: 2364 ISIN, 1989 nomi; counts {'fineco': 483, 'directa': 850, 'bgsaxo': 255, 'moneyfarm': 565}
2026-07-23 10:54  [deploy] saltato (dry/no-deploy)
2026-07-23 10:54  [heartbeat] inviato (200)
2026-07-23 10:54  === giro completato (0 errori) ===
2026-07-23 10:54  giro di 2026-07 già completato (2026-07-23) — niente da fare (usa --force per rifare)
2026-07-29 05:55  giro di 2026-07 già completato (2026-07-23) — niente da fare (usa --force per rifare)
2026-08-01 08:30  === giro 2026-08 avviato (dry=False) ===
2026-08-01 08:30  [fineco] ok: 483 ISIN
2026-08-01 08:30  [moneyfarm] ok: 565 ISIN
2026-08-01 08:30  [bgsaxo] ok: 255 ISIN
2026-08-01 08:30  [directa] ok: 1283 ISIN
2026-08-01 08:30  [xtb] ok: 1421 ISIN
2026-08-01 08:30  [diff] directa: +2 −0
2026-08-01 08:30  indice rigenerato: 2366 ISIN, 1989 nomi; counts {'fineco': 483, 'directa': 850, 'bgsaxo': 255, 'moneyfarm': 565}
2026-08-01 08:30  [deploy] commit dei dati rigenerati
2026-08-01 08:33  [deploy] deploy prod OK (4ab2c840) al tentativo 1
2026-08-01 08:33  [heartbeat] inviato (200)
2026-08-01 08:33  === giro completato (0 errori) ===
2026-08-02 23:38  giro di 2026-08 già completato (2026-08-01) — niente da fare (usa --force per rifare)
2026-08-03 00:45  giro di 2026-08 già completato (2026-08-01) — niente da fare (usa --force per rifare)
2026-08-03 07:12  giro di 2026-08 già completato (2026-08-01) — niente da fare (usa --force per rifare)
2026-08-05 08:14  giro di 2026-08 già completato (2026-08-01) — niente da fare (usa --force per rifare)
2026-08-06 23:13  giro di 2026-08 già completato (2026-08-01) — niente da fare (usa --force per rifare)
2026-08-10 22:29  giro di 2026-08 già completato (2026-08-01) — niente da fare (usa --force per rifare)
2026-08-14 07:58  === giro 2026-08 avviato (dry=False) ===
2026-08-14 07:58  [fineco] ok: 483 ISIN
2026-08-14 07:58  [moneyfarm] ok: 565 ISIN
2026-08-14 07:58  [bgsaxo] ok: 255 ISIN
2026-08-14 07:59  [directa] ok: 1281 ISIN
2026-08-14 07:59  [xtb] ok: 1421 ISIN
2026-08-14 07:59  [diff] directa: +0 −2
2026-08-14 07:59  indice rigenerato: 2364 ISIN, 1987 nomi; counts {'fineco': 483, 'directa': 848, 'bgsaxo': 255, 'moneyfarm': 565}
2026-08-14 07:59  [deploy] commit dei dati rigenerati
2026-08-14 08:01  [deploy] deploy prod OK (3426f70f) al tentativo 1
2026-08-14 08:01  [heartbeat] inviato (200)
2026-08-14 08:01  === giro completato (0 errori) ===
2026-08-20 08:30  === giro 2026-08 avviato (dry=False) ===
2026-08-20 08:30  [fineco] ok: 483 ISIN
2026-08-20 08:30  [moneyfarm] ok: 565 ISIN
2026-08-20 08:30  [bgsaxo] ok: 255 ISIN
2026-08-20 08:30  [directa] ok: 1281 ISIN
2026-08-20 08:30  [xtb] ok: 1421 ISIN
2026-08-20 08:30  [diff] directa: +1 −1
2026-08-20 08:30  indice rigenerato: 2364 ISIN, 1987 nomi; counts {'fineco': 483, 'directa': 848, 'bgsaxo': 255, 'moneyfarm': 565}
2026-08-20 08:30  [deploy] commit dei dati rigenerati
2026-08-20 08:33  [deploy] deploy prod OK (a5614a73) al tentativo 1
2026-08-20 08:33  [heartbeat] inviato (200)
2026-08-20 08:33  === giro completato (0 errori) ===
2026-08-27 08:30  === giro 2026-08 avviato (dry=False) ===
2026-08-27 08:30  [fineco] ok: 483 ISIN
2026-08-27 08:30  [moneyfarm] ok: 565 ISIN
2026-08-27 08:30  [bgsaxo] ok: 255 ISIN
2026-08-27 08:31  [directa] ok: 1281 ISIN
2026-08-27 08:31  [xtb] ok: 1421 ISIN
2026-08-27 08:31  liste invariate rispetto al giro precedente — indice fermo, nessun deploy
2026-08-27 08:31  [heartbeat] inviato (200)
2026-08-27 08:31  === giro completato (invariato) ===
2026-09-03 08:30  === giro 2026-09 avviato (dry=False) ===
2026-09-03 08:30  [fineco] ok: 478 ISIN
2026-09-03 08:30  [moneyfarm] ok: 783 ISIN
2026-09-03 08:30  [bgsaxo] ok: 255 ISIN
2026-09-03 08:30  [directa] ok: 1284 ISIN
2026-09-03 08:30  [xtb] ok: 1421 ISIN
2026-09-03 08:30  [diff] fineco: +16 −21
2026-09-03 08:30  [diff] moneyfarm: +218 −0
2026-09-03 08:30  [diff] directa: +3 −0
2026-09-03 08:30  indice rigenerato: 2372 ISIN, 1981 nomi; counts {'fineco': 478, 'directa': 848, 'bgsaxo': 255, 'moneyfarm': 783}
2026-09-03 08:30  [deploy] commit dei dati rigenerati
2026-09-03 08:32  [deploy] deploy prod OK (9ae3f32e) al tentativo 1
2026-09-03 08:32  [heartbeat] inviato (200)
2026-09-03 08:32  === giro completato (0 errori) ===
2026-09-10 08:30  === giro 2026-09 avviato (dry=False) ===
2026-09-10 08:30  [fineco] ok: 478 ISIN
2026-09-10 08:30  [moneyfarm] ok: 783 ISIN
2026-09-10 08:30  [bgsaxo] ok: 255 ISIN
2026-09-10 08:30  [directa] ok: 1298 ISIN
2026-09-10 08:30  [xtb] ok: 1421 ISIN
2026-09-10 08:30  [diff] directa: +14 −0
2026-09-10 08:30  indice rigenerato: 2380 ISIN, 1984 nomi; counts {'fineco': 478, 'directa': 857, 'bgsaxo': 255, 'moneyfarm': 783}
2026-09-10 08:30  [deploy] commit dei dati rigenerati
2026-09-10 08:33  [deploy] deploy prod OK (a01eebf5) al tentativo 1
2026-09-10 08:33  [heartbeat] inviato (200)
2026-09-10 08:33  === giro completato (0 errori) ===
2026-09-17 09:12  === giro 2026-09 avviato (dry=False) ===
2026-09-17 09:12  [fineco] ok: 478 ISIN
2026-09-17 09:12  [moneyfarm] ok: 783 ISIN
2026-09-17 09:12  [bgsaxo] ok: 255 ISIN
2026-09-17 09:12  [directa] ok: 1298 ISIN
2026-09-17 09:12  [xtb] ok: 1421 ISIN
2026-09-17 09:12  liste invariate rispetto al giro precedente — indice fermo, nessun deploy
2026-09-17 09:12  [heartbeat] inviato (200)
2026-09-17 09:12  === giro completato (invariato) ===
2026-09-24 08:30  === giro 2026-09 avviato (dry=False) ===
2026-09-24 08:30  [fineco] ok: 478 ISIN
2026-09-24 08:30  !! [moneyfarm] conteggio anomalo: 0 (prima 783) — formato cambiato? — TENGO il dato del giro precedente
2026-09-24 08:30  [bgsaxo] ok: 255 ISIN
2026-09-24 08:30  [directa] ok: 1301 ISIN
2026-09-24 08:30  [xtb] ok: 1421 ISIN
2026-09-24 08:30  [diff] directa: +3 −0
2026-09-24 08:30  indice rigenerato: 2383 ISIN, 1984 nomi; counts {'fineco': 478, 'directa': 857, 'bgsaxo': 255, 'moneyfarm': 783}
2026-09-24 08:30  [deploy] commit dei dati rigenerati
2026-09-24 08:34  [deploy] Production      https://rebalix-973qfeo19-rebalixs-projects.vercel.app
2026-09-24 08:34  [deploy] [2K[1A[2K[G  Production      https://rebalix-973qfeo19-rebalixs-projects.vercel.app
2026-09-24 08:34  [deploy] ▲ Aliased         https://rebalix.com
2026-09-24 08:34  [deploy] status	● Ready
2026-09-24 08:34  [deploy] created	Thu Sep 24 2026 08:33:40 GMT+0200 (Central European Summer Time) [59s ago]
2026-09-24 08:34  [deploy] 
2026-09-24 08:34  [deploy] ── 8 · sonde (home doppia anti-MISS + pagine richieste) ──
2026-09-24 08:34  [deploy] it?x=1 → 200
2026-09-24 08:34  [deploy] it?x=2 → 200
2026-09-24 08:34  [deploy] 
2026-09-24 08:34  [deploy] DEPLOY COMPLETO · log: /tmp/deploy-prod-20260924-083108.log
2026-09-24 08:34  [deploy] ESITO: ok commit=dcdc7974 deploy=https://rebalix-973qfeo19-rebalixs-projects.vercel.app log=/tmp/deploy-prod-20260924-083108.log
2026-09-24 08:34  [deploy] deploy prod OK via deploy-prod.sh (dcdc7974)
2026-09-24 08:34  [heartbeat] inviato (200)
2026-09-24 08:34  === giro completato (1 errori) ===
