2026-07-23 10:54  giro di 2026-07 già completato (2026-07-23) — niente da fare (usa --force per rifare)
2026-07-29 05:55  giro di 2026-07 già completato (2026-07-23) — niente da fare (usa --force per rifare)
[main 4ab2c84] data(blog-broker-zero): refresh automatico liste a zero commissioni
 2 files changed, 5 insertions(+), 5 deletions(-)
HEAD is now at 4ab2c84 data(blog-broker-zero): refresh automatico liste a zero commissioni
2026-08-01 08:30  === giro 2026-08 avviato (dry=False) ===
2026-08-01 08:30  [fineco] ok: 483 ISIN
2026-08-01 08:30  [moneyfarm] ok: 565 ISIN
2026-08-01 08:30  [bgsaxo] ok: 255 ISIN
2026-08-01 08:30  [directa] ok: 1283 ISIN
2026-08-01 08:30  [xtb] ok: 1421 ISIN
2026-08-01 08:30  [diff] directa: +2 −0
2026-08-01 08:30  indice rigenerato: 2366 ISIN, 1989 nomi; counts {'fineco': 483, 'directa': 850, 'bgsaxo': 255, 'moneyfarm': 565}
2026-08-01 08:30  [deploy] commit dei dati rigenerati
2026-08-01 08:33  [deploy] deploy prod OK (4ab2c840) al tentativo 1
2026-08-01 08:33  [heartbeat] inviato (200)
2026-08-01 08:33  === giro completato (0 errori) ===
2026-08-02 23:38  giro di 2026-08 già completato (2026-08-01) — niente da fare (usa --force per rifare)
2026-08-03 00:45  giro di 2026-08 già completato (2026-08-01) — niente da fare (usa --force per rifare)
2026-08-03 07:12  giro di 2026-08 già completato (2026-08-01) — niente da fare (usa --force per rifare)
