2026-07-07 23:29  --- avvio archiviatore  ---
2026-07-07 23:29  report online = Marzo 2026
2026-07-07 23:29  già archiviato (2026/Marzo.pdf) — niente da fare.
2026-07-08 16:49  --- avvio archiviatore  ---
2026-07-08 16:49  [capture] snapshot 2026-05-31 già presente — niente da fare.
2026-07-08 16:49  report online = Marzo 2026
2026-07-08 16:49  già archiviato (2026/Marzo.pdf) — niente da fare.
2026-07-09 10:23  --- avvio archiviatore  ---
2026-07-09 10:23  [capture] snapshot 2026-05-31 già presente — niente da fare.
2026-07-09 10:23  [aum] scritto /Users/ale/progetti/rebalix/lib/blog/ls-aum.ts: 12 trimestri, ultimo 2026-03, totale attuale €2155M
2026-07-09 10:23  [holdings] scritto /Users/ale/progetti/rebalix/lib/blog/ls-holdings.ts: LS20 9 / LS40 9 / LS60 13 / LS80 14 mattoncini, trimestre 2026-03
2026-07-09 10:23  [uk] scritto /Users/ale/progetti/rebalix/lib/blog/ls-holdings-uk.ts: eff 2026-05 · LS20 13 / LS100 10 righe
2026-07-09 10:23  [xray] scritto /Users/ale/progetti/rebalix/lib/blog/ls-lookthrough.ts: effective 2026-05-31, LS60 47 paesi / 11 settori
2026-07-09 10:23  [tax] scritto /Users/ale/progetti/rebalix/lib/blog/ls-tax.ts: eff 2026-07 · white-list LS20 50.4% → LS80 12.4% · aliquota LS60 22.54%
2026-07-09 10:23  [dist] LS20 (port 9491): 11 distribuzioni, rendimento storico 3.51 (al 2026-06-30)
2026-07-09 10:23  [dist] LS40 (port 9493): 11 distribuzioni, rendimento storico 2.91 (al 2026-06-30)
2026-07-09 10:23  [dist] LS60 (port 9495): 11 distribuzioni, rendimento storico 2.37 (al 2026-06-30)
2026-07-09 10:23  [dist] LS80 (port 9497): 11 distribuzioni, rendimento storico 1.88 (al 2026-06-30)
2026-07-09 10:23  [dist] scritto /Users/ale/progetti/rebalix/lib/blog/ls-distributions.ts: aggiornato 2026-06, rendimento al 2026-06-30, valuta EUR
2026-07-09 10:23  [deploy] moduli dati invariati — nessun deploy.
2026-07-09 10:23  report online = Marzo 2026
2026-07-09 10:23  già archiviato (2026/Marzo.pdf) — niente da fare.
2026-07-09 14:16  --- avvio archiviatore  ---
2026-07-09 14:16  [capture] snapshot 2026-05-31 già presente — niente da fare.
2026-07-09 14:16  2022-12-31  fondi=4  holdings={'20': 9, '40': 9, '60': 13, '80': 14}
2026-07-09 14:16  2023-12-31  fondi=4  holdings={'20': 9, '40': 9, '60': 13, '80': 14}
2026-07-09 14:16  2023-06-30  fondi=4  holdings={'20': 9, '40': 9, '60': 13, '80': 14}
2026-07-09 14:16  2023-03-31  fondi=4  holdings={'20': 9, '40': 9, '60': 13, '80': 14}
2026-07-09 14:16  2023-09-30  fondi=4  holdings={'20': 9, '40': 9, '60': 13, '80': 14}
2026-07-09 14:16  2024-12-31  fondi=4  holdings={'20': 9, '40': 9, '60': 13, '80': 12}
2026-07-09 14:16  2024-06-30  fondi=4  holdings={'20': 9, '40': 9, '60': 13, '80': 14}
2026-07-09 14:16  2024-03-31  fondi=4  holdings={'20': 9, '40': 9, '60': 13, '80': 14}
2026-07-09 14:16  2024-09-30  fondi=0  holdings={}
2026-07-09 14:16  2025-12-31  fondi=4  holdings={'20': 9, '40': 9, '60': 13, '80': 14}
2026-07-09 14:16  2025-06-30  fondi=0  holdings={}
2026-07-09 14:16  2025-03-31  fondi=4  holdings={'20': 9, '40': 9, '60': 13, '80': 14}
2026-07-09 14:16  2025-09-30  fondi=4  holdings={'20': 9, '40': 9, '60': 13, '80': 14}
2026-07-09 14:16  2026-03-31  fondi=4  holdings={'20': 9, '40': 9, '60': 13, '80': 14}
2026-07-09 14:16  -> 14 trimestri scritti in /Users/ale/backups/rebalix-lifestrategy-archivio/_scripts/ls_timeseries.json
2026-07-09 14:16  [aum] scritto /Users/ale/progetti/rebalix/lib/blog/ls-aum.ts: 12 trimestri, ultimo 2026-03, totale attuale €2155M
2026-07-09 14:16  [holdings] scritto /Users/ale/progetti/rebalix/lib/blog/ls-holdings.ts: LS20 9 / LS40 9 / LS60 13 / LS80 14 mattoncini, trimestre 2026-03
2026-07-09 14:16  [uk] scritto /Users/ale/progetti/rebalix/lib/blog/ls-holdings-uk.ts: eff 2026-05 · LS20 13 / LS100 10 righe
2026-07-09 14:16  [xray] scritto /Users/ale/progetti/rebalix/lib/blog/ls-lookthrough.ts: effective 2026-05-31, LS60 47 paesi / 11 settori
2026-07-09 14:16  [tax] scritto /Users/ale/progetti/rebalix/lib/blog/ls-tax.ts: eff 2026-07 · aliquota LS60 22.54% · fai-da-te VWCE 26.0% / VAGF 17.55%
2026-07-09 14:16  [dist] LS20 (port 9491): 11 distribuzioni, rendimento storico 3.51 (al 2026-06-30)
2026-07-09 14:16  [dist] LS40 (port 9493): 11 distribuzioni, rendimento storico 2.91 (al 2026-06-30)
2026-07-09 14:16  [dist] LS60 (port 9495): 11 distribuzioni, rendimento storico 2.37 (al 2026-06-30)
2026-07-09 14:16  [dist] LS80 (port 9497): 11 distribuzioni, rendimento storico 1.88 (al 2026-06-30)
2026-07-09 14:16  [dist] scritto /Users/ale/progetti/rebalix/lib/blog/ls-distributions.ts: aggiornato 2026-06, rendimento al 2026-06-30, valuta EUR
2026-07-09 14:16  [bond] scritto /Users/ale/progetti/rebalix/lib/blog/ls-bondstats.ts: 2026-03 · duration LS20 6.2 / YTM 4.2%
2026-07-09 14:16  [deploy] moduli dati invariati — nessun deploy.
2026-07-09 14:16  report online = Marzo 2026
2026-07-09 14:16  già archiviato (2026/Marzo.pdf) — niente da fare.
2026-07-09 16:45  --- avvio archiviatore  ---
2026-07-09 16:45  [capture] snapshot 2026-05-31 già presente — niente da fare.
2026-07-09 16:45  2022-12-31  fondi=4  holdings={'20': 9, '40': 9, '60': 13, '80': 14}
2026-07-09 16:45  2023-12-31  fondi=4  holdings={'20': 9, '40': 9, '60': 13, '80': 14}
2026-07-09 16:45  2023-06-30  fondi=4  holdings={'20': 9, '40': 9, '60': 13, '80': 14}
2026-07-09 16:45  2023-03-31  fondi=4  holdings={'20': 9, '40': 9, '60': 13, '80': 14}
2026-07-09 16:45  2023-09-30  fondi=4  holdings={'20': 9, '40': 9, '60': 13, '80': 14}
2026-07-09 16:45  2024-12-31  fondi=4  holdings={'20': 9, '40': 9, '60': 13, '80': 12}
2026-07-09 16:45  2024-06-30  fondi=4  holdings={'20': 9, '40': 9, '60': 13, '80': 14}
2026-07-09 16:45  2024-03-31  fondi=4  holdings={'20': 9, '40': 9, '60': 13, '80': 14}
2026-07-09 16:45  2024-09-30  fondi=0  holdings={}
2026-07-09 16:45  2025-12-31  fondi=4  holdings={'20': 9, '40': 9, '60': 13, '80': 14}
2026-07-09 16:45  2025-06-30  fondi=0  holdings={}
2026-07-09 16:45  2025-03-31  fondi=4  holdings={'20': 9, '40': 9, '60': 13, '80': 14}
2026-07-09 16:45  2025-09-30  fondi=4  holdings={'20': 9, '40': 9, '60': 13, '80': 14}
2026-07-09 16:45  2026-03-31  fondi=4  holdings={'20': 9, '40': 9, '60': 13, '80': 14}
2026-07-09 16:45  -> 14 trimestri scritti in /Users/ale/backups/rebalix-lifestrategy-archivio/_scripts/ls_timeseries.json
2026-07-09 16:45  [aum] scritto /Users/ale/progetti/rebalix/lib/blog/ls-aum.ts: 12 trimestri, ultimo 2026-03, totale attuale €2155M
2026-07-09 16:45  [holdings] scritto /Users/ale/progetti/rebalix/lib/blog/ls-holdings.ts: LS20 9 / LS40 9 / LS60 13 / LS80 14 mattoncini, trimestre 2026-03
2026-07-09 16:46  [uk] scritto /Users/ale/progetti/rebalix/lib/blog/ls-holdings-uk.ts: eff 2026-05 · LS20 13 / LS100 10 righe
2026-07-09 16:46  [xray] scritto /Users/ale/progetti/rebalix/lib/blog/ls-lookthrough.ts: effective 2026-05-31, LS60 47 paesi / 11 settori
2026-07-09 16:46  [tax] scritto /Users/ale/progetti/rebalix/lib/blog/ls-tax.ts: eff 2026-07 · aliquota LS60 22.54% · fai-da-te VWCE 26.0% / VAGF 17.55%
2026-07-09 16:46  [dist] LS20 (port 9491): 11 distribuzioni, rendimento storico 3.51 (al 2026-06-30)
2026-07-09 16:46  [dist] LS40 (port 9493): 11 distribuzioni, rendimento storico 2.91 (al 2026-06-30)
2026-07-09 16:46  [dist] LS60 (port 9495): 11 distribuzioni, rendimento storico 2.37 (al 2026-06-30)
2026-07-09 16:46  [dist] LS80 (port 9497): 11 distribuzioni, rendimento storico 1.88 (al 2026-06-30)
2026-07-09 16:46  [dist] scritto /Users/ale/progetti/rebalix/lib/blog/ls-distributions.ts: aggiornato 2026-06, rendimento al 2026-06-30, valuta EUR
2026-07-09 16:46  [bond] scritto /Users/ale/progetti/rebalix/lib/blog/ls-bondstats.ts: 2026-03 · duration LS20 6.2 / YTM 4.2%
2026-07-09 16:46  [deploy] moduli dati invariati — nessun deploy.
2026-07-09 16:46  report online = Marzo 2026
2026-07-09 16:46  già archiviato (2026/Marzo.pdf) — niente da fare.
2026-07-13 10:00  --- avvio archiviatore  ---
2026-07-13 10:00  [capture] snapshot 2026-05-31 già presente — niente da fare.
2026-07-13 10:00  2022-12-31  fondi=4  holdings={'20': 9, '40': 9, '60': 13, '80': 14}
2026-07-13 10:00  2023-12-31  fondi=4  holdings={'20': 9, '40': 9, '60': 13, '80': 14}
2026-07-13 10:00  2023-06-30  fondi=4  holdings={'20': 9, '40': 9, '60': 13, '80': 14}
2026-07-13 10:00  2023-03-31  fondi=4  holdings={'20': 9, '40': 9, '60': 13, '80': 14}
2026-07-13 10:00  2023-09-30  fondi=4  holdings={'20': 9, '40': 9, '60': 13, '80': 14}
2026-07-13 10:00  2024-12-31  fondi=4  holdings={'20': 9, '40': 9, '60': 13, '80': 12}
2026-07-13 10:00  2024-06-30  fondi=4  holdings={'20': 9, '40': 9, '60': 13, '80': 14}
2026-07-13 10:00  2024-03-31  fondi=4  holdings={'20': 9, '40': 9, '60': 13, '80': 14}
2026-07-13 10:00  2024-09-30  fondi=0  holdings={}
2026-07-13 10:00  2025-12-31  fondi=4  holdings={'20': 9, '40': 9, '60': 13, '80': 14}
2026-07-13 10:00  2025-06-30  fondi=0  holdings={}
2026-07-13 10:00  2025-03-31  fondi=4  holdings={'20': 9, '40': 9, '60': 13, '80': 14}
2026-07-13 10:00  2025-09-30  fondi=4  holdings={'20': 9, '40': 9, '60': 13, '80': 14}
2026-07-13 10:00  2026-03-31  fondi=4  holdings={'20': 9, '40': 9, '60': 13, '80': 14}
2026-07-13 10:00  -> 14 trimestri scritti in /Users/ale/backups/rebalix-lifestrategy-archivio/_scripts/ls_timeseries.json
2026-07-13 10:00  [aum] scritto /Users/ale/progetti/rebalix/lib/blog/ls-aum.ts: 12 trimestri, ultimo 2026-03, totale attuale €2155M
2026-07-13 10:00  [holdings] scritto /Users/ale/progetti/rebalix/lib/blog/ls-holdings.ts: LS20 9 / LS40 9 / LS60 13 / LS80 14 mattoncini, trimestre 2026-03
2026-07-13 10:00  [uk] scritto /Users/ale/progetti/rebalix/lib/blog/ls-holdings-uk.ts: eff 2026-05 · LS20 13 / LS100 10 righe
2026-07-13 10:00  [xray] scritto /Users/ale/progetti/rebalix/lib/blog/ls-lookthrough.ts: effective 2026-05-31, LS60 47 paesi / 11 settori
2026-07-13 10:00  [tax] scritto /Users/ale/progetti/rebalix/lib/blog/ls-tax.ts: eff 2026-07 · aliquota LS60 22.54% · fai-da-te VWCE 26.0% / VAGF 17.55%
2026-07-13 10:00  [dist] LS20 (port 9491): 11 distribuzioni, rendimento storico 3.51 (al 2026-06-30)
2026-07-13 10:00  [dist] LS40 (port 9493): 11 distribuzioni, rendimento storico 2.91 (al 2026-06-30)
2026-07-13 10:00  [dist] LS60 (port 9495): 11 distribuzioni, rendimento storico 2.37 (al 2026-06-30)
2026-07-13 10:00  [dist] LS80 (port 9497): 11 distribuzioni, rendimento storico 1.88 (al 2026-06-30)
2026-07-13 10:00  [dist] scritto /Users/ale/progetti/rebalix/lib/blog/ls-distributions.ts: aggiornato 2026-06, rendimento al 2026-06-30, valuta EUR
2026-07-13 10:00  [bond] scritto /Users/ale/progetti/rebalix/lib/blog/ls-bondstats.ts: 2026-03 · duration LS20 6.2 / YTM 4.2%
2026-07-13 10:00  [deploy] moduli dati invariati — nessun deploy.
2026-07-13 10:00  report online = Marzo 2026
2026-07-13 10:00  già archiviato (2026/Marzo.pdf) — niente da fare.
2026-07-15 22:46  [heartbeat] inviato (200)
2026-07-16 14:37  --- avvio archiviatore  ---
2026-07-16 14:37  [capture] salvato snapshot look-through 2026-06-30 -> lookthrough/2026-06-30.json
2026-07-16 14:37  2022-12-31  fondi=4  holdings={'20': 9, '40': 9, '60': 13, '80': 14}
2026-07-16 14:37  2023-12-31  fondi=4  holdings={'20': 9, '40': 9, '60': 13, '80': 14}
2026-07-16 14:37  2023-06-30  fondi=4  holdings={'20': 9, '40': 9, '60': 13, '80': 14}
2026-07-16 14:37  2023-03-31  fondi=4  holdings={'20': 9, '40': 9, '60': 13, '80': 14}
2026-07-16 14:37  2023-09-30  fondi=4  holdings={'20': 9, '40': 9, '60': 13, '80': 14}
2026-07-16 14:37  2024-12-31  fondi=4  holdings={'20': 9, '40': 9, '60': 13, '80': 12}
2026-07-16 14:37  2024-06-30  fondi=4  holdings={'20': 9, '40': 9, '60': 13, '80': 14}
2026-07-16 14:37  2024-03-31  fondi=4  holdings={'20': 9, '40': 9, '60': 13, '80': 14}
2026-07-16 14:37  2024-09-30  fondi=0  holdings={}
2026-07-16 14:37  2025-12-31  fondi=4  holdings={'20': 9, '40': 9, '60': 13, '80': 14}
2026-07-16 14:37  2025-06-30  fondi=0  holdings={}
2026-07-16 14:37  2025-03-31  fondi=4  holdings={'20': 9, '40': 9, '60': 13, '80': 14}
2026-07-16 14:37  2025-09-30  fondi=4  holdings={'20': 9, '40': 9, '60': 13, '80': 14}
2026-07-16 14:37  2026-03-31  fondi=4  holdings={'20': 9, '40': 9, '60': 13, '80': 14}
2026-07-16 14:37  -> 14 trimestri scritti in /Users/ale/backups/rebalix-lifestrategy-archivio/_scripts/ls_timeseries.json
2026-07-16 14:37  [aum] scritto /Users/ale/progetti/rebalix/lib/blog/ls-aum.ts: 12 trimestri, ultimo 2026-03, totale attuale €2155M
2026-07-16 14:37  [holdings] scritto /Users/ale/progetti/rebalix/lib/blog/ls-holdings.ts: LS20 9 / LS40 9 / LS60 13 / LS80 14 mattoncini, trimestre 2026-03
2026-07-16 14:37  [uk] scritto /Users/ale/progetti/rebalix/lib/blog/ls-holdings-uk.ts: eff 2026-06 · LS20 11 / LS100 7 righe
2026-07-16 14:37  [xray] scritto /Users/ale/progetti/rebalix/lib/blog/ls-lookthrough.ts: effective 2026-06-30, LS60 47 paesi / 11 settori
2026-07-16 14:37  [tax] scritto /Users/ale/progetti/rebalix/lib/blog/ls-tax.ts: eff 2026-07 · aliquota LS60 22.54% · fai-da-te VWCE 26.0% / VAGF 17.55%
2026-07-16 14:37  [dist] LS20 (port 9491): 11 distribuzioni, rendimento storico 3.51 (al 2026-06-30)
2026-07-16 14:37  [dist] LS40 (port 9493): 11 distribuzioni, rendimento storico 2.91 (al 2026-06-30)
2026-07-16 14:37  [dist] LS60 (port 9495): 11 distribuzioni, rendimento storico 2.37 (al 2026-06-30)
2026-07-16 14:37  [dist] LS80 (port 9497): 11 distribuzioni, rendimento storico 1.88 (al 2026-06-30)
2026-07-16 14:37  [dist] scritto /Users/ale/progetti/rebalix/lib/blog/ls-distributions.ts: aggiornato 2026-06, rendimento al 2026-06-30, valuta EUR
2026-07-16 14:37  [bond] scritto /Users/ale/progetti/rebalix/lib/blog/ls-bondstats.ts: 2026-03 · duration LS20 6.2 / YTM 4.2%
2026-07-16 14:37  [deploy] commit dei moduli: lib/blog/ls-holdings-uk.ts, lib/blog/ls-lookthrough.ts
2026-07-16 14:40  [deploy] Production: https://rebalix-exeknd7pt-rebalixs-projects.vercel.app [3s]
2026-07-16 14:40  [deploy] [2K[1A[2K[GProduction: https://rebalix-exeknd7pt-rebalixs-projects.vercel.app [2m]
2026-07-16 14:40  [deploy] Aliased: https://rebalix.com [2m]
2026-07-16 14:40  [deploy] deploy prod OK (69d8c619)
2026-07-16 14:40  report online = Marzo 2026
2026-07-16 14:40  già archiviato (2026/Marzo.pdf) — niente da fare.
2026-07-16 14:40  [heartbeat] inviato (200)
2026-07-20 10:00  --- avvio archiviatore  ---
2026-07-20 10:00  [capture] snapshot 2026-06-30 già presente — niente da fare.
2026-07-20 10:00  2022-12-31  fondi=4  holdings={'20': 9, '40': 9, '60': 13, '80': 14}
2026-07-20 10:00  2023-12-31  fondi=4  holdings={'20': 9, '40': 9, '60': 13, '80': 14}
2026-07-20 10:00  2023-06-30  fondi=4  holdings={'20': 9, '40': 9, '60': 13, '80': 14}
2026-07-20 10:00  2023-03-31  fondi=4  holdings={'20': 9, '40': 9, '60': 13, '80': 14}
2026-07-20 10:00  2023-09-30  fondi=4  holdings={'20': 9, '40': 9, '60': 13, '80': 14}
2026-07-20 10:00  2024-12-31  fondi=4  holdings={'20': 9, '40': 9, '60': 13, '80': 12}
2026-07-20 10:00  2024-06-30  fondi=4  holdings={'20': 9, '40': 9, '60': 13, '80': 14}
2026-07-20 10:00  2024-03-31  fondi=4  holdings={'20': 9, '40': 9, '60': 13, '80': 14}
2026-07-20 10:00  2024-09-30  fondi=0  holdings={}
2026-07-20 10:00  2025-12-31  fondi=4  holdings={'20': 9, '40': 9, '60': 13, '80': 14}
2026-07-20 10:00  2025-06-30  fondi=0  holdings={}
2026-07-20 10:00  2025-03-31  fondi=4  holdings={'20': 9, '40': 9, '60': 13, '80': 14}
2026-07-20 10:00  2025-09-30  fondi=4  holdings={'20': 9, '40': 9, '60': 13, '80': 14}
2026-07-20 10:00  2026-03-31  fondi=4  holdings={'20': 9, '40': 9, '60': 13, '80': 14}
2026-07-20 10:00  -> 14 trimestri scritti in /Users/ale/backups/rebalix-lifestrategy-archivio/_scripts/ls_timeseries.json
2026-07-20 10:00  [aum] scritto /Users/ale/progetti/rebalix/lib/blog/ls-aum.ts: 12 trimestri, ultimo 2026-03, totale attuale €2155M
2026-07-20 10:00  [holdings] scritto /Users/ale/progetti/rebalix/lib/blog/ls-holdings.ts: LS20 9 / LS40 9 / LS60 13 / LS80 14 mattoncini, trimestre 2026-03
2026-07-20 10:00  [uk] scritto /Users/ale/progetti/rebalix/lib/blog/ls-holdings-uk.ts: eff 2026-06 · LS20 11 / LS100 7 righe
2026-07-20 10:00  [xray] scritto /Users/ale/progetti/rebalix/lib/blog/ls-lookthrough.ts: effective 2026-06-30, LS60 47 paesi / 11 settori
2026-07-20 10:00  [tax] scritto /Users/ale/progetti/rebalix/lib/blog/ls-tax.ts: eff 2026-07 · aliquota LS60 22.54% · fai-da-te VWCE 26.0% / VAGF 17.55%
2026-07-20 10:00  [dist] LS20 (port 9491): 11 distribuzioni, rendimento storico 3.51 (al 2026-06-30)
2026-07-20 10:00  [dist] LS40 (port 9493): 11 distribuzioni, rendimento storico 2.91 (al 2026-06-30)
2026-07-20 10:00  [dist] LS60 (port 9495): 11 distribuzioni, rendimento storico 2.37 (al 2026-06-30)
2026-07-20 10:00  [dist] LS80 (port 9497): 11 distribuzioni, rendimento storico 1.88 (al 2026-06-30)
2026-07-20 10:00  [dist] scritto /Users/ale/progetti/rebalix/lib/blog/ls-distributions.ts: aggiornato 2026-06, rendimento al 2026-06-30, valuta EUR
2026-07-20 10:00  [bond] scritto /Users/ale/progetti/rebalix/lib/blog/ls-bondstats.ts: 2026-03 · duration LS20 6.2 / YTM 4.2%
2026-07-20 10:00  [deploy] moduli dati invariati — nessun deploy.
2026-07-20 10:00  report online = Marzo 2026
2026-07-20 10:00  già archiviato (2026/Marzo.pdf) — niente da fare.
2026-07-20 10:00  [heartbeat] inviato (200)
2026-07-27 10:00  --- avvio archiviatore  ---
2026-07-27 10:00  [capture] snapshot 2026-06-30 già presente — niente da fare.
2026-07-27 10:00  2022-12-31  fondi=4  holdings={'20': 9, '40': 9, '60': 13, '80': 14}
2026-07-27 10:00  2023-12-31  fondi=4  holdings={'20': 9, '40': 9, '60': 13, '80': 14}
2026-07-27 10:00  2023-06-30  fondi=4  holdings={'20': 9, '40': 9, '60': 13, '80': 14}
2026-07-27 10:00  2023-03-31  fondi=4  holdings={'20': 9, '40': 9, '60': 13, '80': 14}
2026-07-27 10:00  2023-09-30  fondi=4  holdings={'20': 9, '40': 9, '60': 13, '80': 14}
2026-07-27 10:00  2024-12-31  fondi=4  holdings={'20': 9, '40': 9, '60': 13, '80': 12}
2026-07-27 10:00  2024-06-30  fondi=4  holdings={'20': 9, '40': 9, '60': 13, '80': 14}
2026-07-27 10:00  2024-03-31  fondi=4  holdings={'20': 9, '40': 9, '60': 13, '80': 14}
2026-07-27 10:00  2024-09-30  fondi=0  holdings={}
2026-07-27 10:00  2025-12-31  fondi=4  holdings={'20': 9, '40': 9, '60': 13, '80': 14}
2026-07-27 10:00  2025-06-30  fondi=0  holdings={}
2026-07-27 10:00  2025-03-31  fondi=4  holdings={'20': 9, '40': 9, '60': 13, '80': 14}
2026-07-27 10:00  2025-09-30  fondi=4  holdings={'20': 9, '40': 9, '60': 13, '80': 14}
2026-07-27 10:00  2026-03-31  fondi=4  holdings={'20': 9, '40': 9, '60': 13, '80': 14}
2026-07-27 10:00  -> 14 trimestri scritti in /Users/ale/backups/rebalix-lifestrategy-archivio/_scripts/ls_timeseries.json
2026-07-27 10:00  [aum] scritto /Users/ale/progetti/rebalix/lib/blog/ls-aum.ts: 12 trimestri, ultimo 2026-03, totale attuale €2155M
2026-07-27 10:00  [holdings] scritto /Users/ale/progetti/rebalix/lib/blog/ls-holdings.ts: LS20 9 / LS40 9 / LS60 13 / LS80 14 mattoncini, trimestre 2026-03
2026-07-27 10:00  [uk] scritto /Users/ale/progetti/rebalix/lib/blog/ls-holdings-uk.ts: eff 2026-06 · LS20 11 / LS100 7 righe
2026-07-27 10:00  [xray] scritto /Users/ale/progetti/rebalix/lib/blog/ls-lookthrough.ts: effective 2026-06-30, LS60 47 paesi / 11 settori
2026-07-27 10:00  [tax] scritto /Users/ale/progetti/rebalix/lib/blog/ls-tax.ts: eff 2026-07 · aliquota LS60 22.54% · fai-da-te VWCE 26.0% / VAGF 17.55%
2026-07-27 10:00  [dist] LS20 (port 9491): 11 distribuzioni, rendimento storico 3.51 (al 2026-06-30)
2026-07-27 10:00  [dist] LS40 (port 9493): 11 distribuzioni, rendimento storico 2.91 (al 2026-06-30)
2026-07-27 10:00  [dist] LS60 (port 9495): 11 distribuzioni, rendimento storico 2.37 (al 2026-06-30)
2026-07-27 10:00  [dist] LS80 (port 9497): 11 distribuzioni, rendimento storico 1.88 (al 2026-06-30)
2026-07-27 10:00  [dist] scritto /Users/ale/progetti/rebalix/lib/blog/ls-distributions.ts: aggiornato 2026-06, rendimento al 2026-06-30, valuta EUR
2026-07-27 10:00  [bond] scritto /Users/ale/progetti/rebalix/lib/blog/ls-bondstats.ts: 2026-03 · duration LS20 6.2 / YTM 4.2%
2026-07-27 10:00  [deploy] moduli dati invariati — nessun deploy.
2026-07-27 10:00  report online = Marzo 2026
2026-07-27 10:00  già archiviato (2026/Marzo.pdf) — niente da fare.
2026-07-27 10:00  [heartbeat] inviato (200)
2026-07-29 05:55  --- avvio archiviatore  ---
2026-07-29 05:55  [capture] snapshot 2026-06-30 già presente — niente da fare.
2026-07-29 05:55  2022-12-31  fondi=4  holdings={'20': 9, '40': 9, '60': 13, '80': 14}
2026-07-29 05:55  2023-12-31  fondi=4  holdings={'20': 9, '40': 9, '60': 13, '80': 14}
2026-07-29 05:55  2023-06-30  fondi=4  holdings={'20': 9, '40': 9, '60': 13, '80': 14}
2026-07-29 05:55  2023-03-31  fondi=4  holdings={'20': 9, '40': 9, '60': 13, '80': 14}
2026-07-29 05:55  2023-09-30  fondi=4  holdings={'20': 9, '40': 9, '60': 13, '80': 14}
2026-07-29 05:55  2024-12-31  fondi=4  holdings={'20': 9, '40': 9, '60': 13, '80': 12}
2026-07-29 05:55  2024-06-30  fondi=4  holdings={'20': 9, '40': 9, '60': 13, '80': 14}
2026-07-29 05:55  2024-03-31  fondi=4  holdings={'20': 9, '40': 9, '60': 13, '80': 14}
2026-07-29 05:55  2024-09-30  fondi=0  holdings={}
2026-07-29 05:55  2025-12-31  fondi=4  holdings={'20': 9, '40': 9, '60': 13, '80': 14}
2026-07-29 05:55  2025-06-30  fondi=0  holdings={}
2026-07-29 05:55  2025-03-31  fondi=4  holdings={'20': 9, '40': 9, '60': 13, '80': 14}
2026-07-29 05:55  2025-09-30  fondi=4  holdings={'20': 9, '40': 9, '60': 13, '80': 14}
2026-07-29 05:55  2026-03-31  fondi=4  holdings={'20': 9, '40': 9, '60': 13, '80': 14}
2026-07-29 05:55  -> 14 trimestri scritti in /Users/ale/backups/rebalix-lifestrategy-archivio/_scripts/ls_timeseries.json
2026-07-29 05:55  [aum] scritto /Users/ale/progetti/rebalix/lib/blog/ls-aum.ts: 12 trimestri, ultimo 2026-03, totale attuale €2155M
2026-07-29 05:55  [holdings] scritto /Users/ale/progetti/rebalix/lib/blog/ls-holdings.ts: LS20 9 / LS40 9 / LS60 13 / LS80 14 mattoncini, trimestre 2026-03
2026-07-29 05:55  [uk] scritto /Users/ale/progetti/rebalix/lib/blog/ls-holdings-uk.ts: eff 2026-06 · LS20 11 / LS100 7 righe
2026-07-29 05:55  [xray] scritto /Users/ale/progetti/rebalix/lib/blog/ls-lookthrough.ts: effective 2026-06-30, LS60 47 paesi / 11 settori
2026-07-29 05:55  [tax] scritto /Users/ale/progetti/rebalix/lib/blog/ls-tax.ts: eff 2026-07 · aliquota LS60 22.54% · fai-da-te VWCE 26.0% / VAGF 17.55%
2026-07-29 05:55  [dist] LS20 (port 9491): 11 distribuzioni, rendimento storico 3.51 (al 2026-06-30)
2026-07-29 05:55  [dist] LS40 (port 9493): 11 distribuzioni, rendimento storico 2.91 (al 2026-06-30)
2026-07-29 05:55  [dist] LS60 (port 9495): 11 distribuzioni, rendimento storico 2.37 (al 2026-06-30)
2026-07-29 05:55  [dist] LS80 (port 9497): 11 distribuzioni, rendimento storico 1.88 (al 2026-06-30)
2026-07-29 05:55  [dist] scritto /Users/ale/progetti/rebalix/lib/blog/ls-distributions.ts: aggiornato 2026-06, rendimento al 2026-06-30, valuta EUR
2026-07-29 05:55  [bond] scritto /Users/ale/progetti/rebalix/lib/blog/ls-bondstats.ts: 2026-03 · duration LS20 6.2 / YTM 4.2%
2026-07-29 05:55  [deploy] moduli dati invariati — nessun deploy.
2026-07-29 05:55  report online = Marzo 2026
2026-07-29 05:55  già archiviato (2026/Marzo.pdf) — niente da fare.
2026-07-29 05:55  [heartbeat] inviato (200)
2026-08-02 23:38  --- avvio archiviatore  ---
2026-08-02 23:38  [capture] snapshot 2026-06-30 già presente — niente da fare.
2026-08-02 23:38  2022-12-31  fondi=4  holdings={'20': 9, '40': 9, '60': 13, '80': 14}
2026-08-02 23:38  2023-12-31  fondi=4  holdings={'20': 9, '40': 9, '60': 13, '80': 14}
2026-08-02 23:38  2023-06-30  fondi=4  holdings={'20': 9, '40': 9, '60': 13, '80': 14}
2026-08-02 23:38  2023-03-31  fondi=4  holdings={'20': 9, '40': 9, '60': 13, '80': 14}
2026-08-02 23:38  2023-09-30  fondi=4  holdings={'20': 9, '40': 9, '60': 13, '80': 14}
2026-08-02 23:38  2024-12-31  fondi=4  holdings={'20': 9, '40': 9, '60': 13, '80': 12}
2026-08-02 23:38  2024-06-30  fondi=4  holdings={'20': 9, '40': 9, '60': 13, '80': 14}
2026-08-02 23:38  2024-03-31  fondi=4  holdings={'20': 9, '40': 9, '60': 13, '80': 14}
2026-08-02 23:38  2024-09-30  fondi=0  holdings={}
2026-08-02 23:38  2025-12-31  fondi=4  holdings={'20': 9, '40': 9, '60': 13, '80': 14}
2026-08-02 23:38  2025-06-30  fondi=0  holdings={}
2026-08-02 23:38  2025-03-31  fondi=4  holdings={'20': 9, '40': 9, '60': 13, '80': 14}
2026-08-02 23:38  2025-09-30  fondi=4  holdings={'20': 9, '40': 9, '60': 13, '80': 14}
2026-08-02 23:38  2026-03-31  fondi=4  holdings={'20': 9, '40': 9, '60': 13, '80': 14}
2026-08-02 23:38  -> 14 trimestri scritti in /Users/ale/backups/rebalix-lifestrategy-archivio/_scripts/ls_timeseries.json
2026-08-02 23:38  [aum] scritto /Users/ale/progetti/rebalix/lib/blog/ls-aum.ts: 12 trimestri, ultimo 2026-03, totale attuale €2155M
2026-08-02 23:38  [holdings] scritto /Users/ale/progetti/rebalix/lib/blog/ls-holdings.ts: LS20 9 / LS40 9 / LS60 13 / LS80 14 mattoncini, trimestre 2026-03
2026-08-02 23:38  [uk] scritto /Users/ale/progetti/rebalix/lib/blog/ls-holdings-uk.ts: eff 2026-06 · LS20 11 / LS100 7 righe
2026-08-02 23:38  [xray] scritto /Users/ale/progetti/rebalix/lib/blog/ls-lookthrough.ts: effective 2026-06-30, LS60 47 paesi / 11 settori
2026-08-02 23:38  [tax] scritto /Users/ale/progetti/rebalix/lib/blog/ls-tax.ts: eff 2026-07 · aliquota LS60 22.54% · fai-da-te VWCE 26.0% / VAGF 17.55%
2026-08-02 23:38  [dist] LS20 (port 9491): 11 distribuzioni, rendimento storico 3.51 (al 2026-06-30)
2026-08-02 23:38  [dist] LS40 (port 9493): 11 distribuzioni, rendimento storico 2.91 (al 2026-06-30)
2026-08-02 23:38  [dist] LS60 (port 9495): 11 distribuzioni, rendimento storico 2.37 (al 2026-06-30)
2026-08-02 23:38  [dist] LS80 (port 9497): 11 distribuzioni, rendimento storico 1.88 (al 2026-06-30)
2026-08-02 23:38  [dist] scritto /Users/ale/progetti/rebalix/lib/blog/ls-distributions.ts: aggiornato 2026-06, rendimento al 2026-06-30, valuta EUR
2026-08-02 23:38  [bond] scritto /Users/ale/progetti/rebalix/lib/blog/ls-bondstats.ts: 2026-03 · duration LS20 6.2 / YTM 4.2%
2026-08-02 23:38  [deploy] moduli dati invariati — nessun deploy.
2026-08-02 23:38  report online = Giugno 2026
2026-08-02 23:38  NUOVO trimestre! archivio 2026/Giugno.pdf + 13 factsheet
2026-08-02 23:39  fatto: report + 14/14 factsheet in factsheets/2026-06/
2026-08-02 23:39  [heartbeat] inviato (200)
2026-08-03 00:45  --- avvio archiviatore  ---
2026-08-03 00:46  [capture] snapshot 2026-06-30 già presente — niente da fare.
2026-08-03 00:46  [fiscal] tax-italy-reduced-rate.xlsx AGGIORNATO (factsheets/2026-06)
2026-08-03 00:46  [fiscal] distribution-schedule.pdf AGGIORNATO (factsheets/2026-06)
2026-08-03 00:46  2022-12-31  fondi=4  holdings={'20': 9, '40': 9, '60': 13, '80': 14}
2026-08-03 00:46  2023-12-31  fondi=4  holdings={'20': 9, '40': 9, '60': 13, '80': 14}
2026-08-03 00:46  2023-06-30  fondi=4  holdings={'20': 9, '40': 9, '60': 13, '80': 14}
2026-08-03 00:46  2023-03-31  fondi=4  holdings={'20': 9, '40': 9, '60': 13, '80': 14}
2026-08-03 00:46  2023-09-30  fondi=4  holdings={'20': 9, '40': 9, '60': 13, '80': 14}
2026-08-03 00:46  2024-12-31  fondi=4  holdings={'20': 9, '40': 9, '60': 13, '80': 12}
2026-08-03 00:46  2024-06-30  fondi=4  holdings={'20': 9, '40': 9, '60': 13, '80': 14}
2026-08-03 00:46  2024-03-31  fondi=4  holdings={'20': 9, '40': 9, '60': 13, '80': 14}
2026-08-03 00:46  2024-09-30  fondi=0  holdings={}
2026-08-03 00:46  2025-12-31  fondi=4  holdings={'20': 9, '40': 9, '60': 13, '80': 14}
2026-08-03 00:46  2025-06-30  fondi=0  holdings={}
2026-08-03 00:46  2025-03-31  fondi=4  holdings={'20': 9, '40': 9, '60': 13, '80': 14}
2026-08-03 00:46  2025-09-30  fondi=4  holdings={'20': 9, '40': 9, '60': 13, '80': 14}
2026-08-03 00:46  2026-06-30  fondi=4  holdings={'20': 9, '40': 9, '60': 13, '80': 14}
2026-08-03 00:46  2026-03-31  fondi=4  holdings={'20': 9, '40': 9, '60': 13, '80': 14}
2026-08-03 00:46  -> 15 trimestri scritti in /Users/ale/backups/rebalix-lifestrategy-archivio/_scripts/ls_timeseries.json
2026-08-03 00:46  [aum] scritto /Users/ale/progetti/rebalix/lib/blog/ls-aum.ts: 13 trimestri, ultimo 2026-06, totale attuale €2648M
2026-08-03 00:46  [holdings] scritto /Users/ale/progetti/rebalix/lib/blog/ls-holdings.ts: LS20 9 / LS40 9 / LS60 13 / LS80 14 mattoncini, trimestre 2026-06
2026-08-03 00:46  [uk] scritto /Users/ale/progetti/rebalix/lib/blog/ls-holdings-uk.ts: eff 2026-06 · LS20 11 / LS100 7 righe
2026-08-03 00:46  [xray] scritto /Users/ale/progetti/rebalix/lib/blog/ls-lookthrough.ts: effective 2026-06-30, LS60 47 paesi / 11 settori
2026-08-03 00:46  [tax] scritto /Users/ale/progetti/rebalix/lib/blog/ls-tax.ts: eff 2026-07 · aliquota LS60 22.54% · fai-da-te VWCE 26.0% / VAGF 17.55%
2026-08-03 00:46  [dist] LS20 (port 9491): 11 distribuzioni, rendimento storico 3.51 (al 2026-06-30)
2026-08-03 00:46  [dist] LS40 (port 9493): 11 distribuzioni, rendimento storico 2.91 (al 2026-06-30)
2026-08-03 00:46  [dist] LS60 (port 9495): 11 distribuzioni, rendimento storico 2.37 (al 2026-06-30)
2026-08-03 00:46  [dist] LS80 (port 9497): 11 distribuzioni, rendimento storico 1.88 (al 2026-06-30)
2026-08-03 00:46  [dist] scritto /Users/ale/progetti/rebalix/lib/blog/ls-distributions.ts: aggiornato 2026-06, rendimento al 2026-06-30, valuta EUR
2026-08-03 00:46  [bond] scritto /Users/ale/progetti/rebalix/lib/blog/ls-bondstats.ts: 2026-06 · duration LS20 6.2 / YTM 4.2%
2026-08-03 00:46  [deploy] commit dei moduli: lib/blog/ls-aum.ts, lib/blog/ls-holdings.ts
2026-08-03 00:46  !! push Codeberg fallito (keychain?) — proseguo col deploy del commit locale
2026-08-03 00:48  [deploy] Production: https://rebalix-bgj61ntpu-rebalixs-projects.vercel.app [2s]
2026-08-03 00:48  [deploy] [2K[1A[2K[GProduction: https://rebalix-bgj61ntpu-rebalixs-projects.vercel.app [2m]
2026-08-03 00:48  [deploy] Aliased: https://rebalix.com [2m]
2026-08-03 00:48  [deploy] deploy prod OK (0b9ec85d) al tentativo 1
2026-08-03 00:48  report online = Giugno 2026
2026-08-03 00:48  già archiviato (2026/Giugno.pdf) — niente da fare.
2026-08-03 00:48  [heartbeat] inviato (200)
2026-08-03 07:12  --- avvio archiviatore  ---
2026-08-03 07:12  [capture] ERRORE: <urlopen error [Errno 8] nodename nor servname provided, or not known>
2026-08-03 07:12  !! cattura look-through: exit non-zero (fonte GraphQL da verificare)
2026-08-03 07:12  !! [fiscal] tax-italy-reduced-rate.xlsx: <urlopen error [Errno 8] nodename nor servname provided, or not known>
2026-08-03 07:12  !! [fiscal] distribution-schedule.pdf: <urlopen error [Errno 8] nodename nor servname provided, or not known>
2026-08-03 07:12  2022-12-31  fondi=4  holdings={'20': 9, '40': 9, '60': 13, '80': 14}
2026-08-03 07:12  2023-12-31  fondi=4  holdings={'20': 9, '40': 9, '60': 13, '80': 14}
2026-08-03 07:12  2023-06-30  fondi=4  holdings={'20': 9, '40': 9, '60': 13, '80': 14}
2026-08-03 07:12  2023-03-31  fondi=4  holdings={'20': 9, '40': 9, '60': 13, '80': 14}
2026-08-03 07:12  2023-09-30  fondi=4  holdings={'20': 9, '40': 9, '60': 13, '80': 14}
2026-08-03 07:12  2024-12-31  fondi=4  holdings={'20': 9, '40': 9, '60': 13, '80': 12}
2026-08-03 07:12  2024-06-30  fondi=4  holdings={'20': 9, '40': 9, '60': 13, '80': 14}
2026-08-03 07:12  2024-03-31  fondi=4  holdings={'20': 9, '40': 9, '60': 13, '80': 14}
2026-08-03 07:12  2024-09-30  fondi=0  holdings={}
2026-08-03 07:12  2025-12-31  fondi=4  holdings={'20': 9, '40': 9, '60': 13, '80': 14}
2026-08-03 07:12  2025-06-30  fondi=0  holdings={}
2026-08-03 07:12  2025-03-31  fondi=4  holdings={'20': 9, '40': 9, '60': 13, '80': 14}
2026-08-03 07:12  2025-09-30  fondi=4  holdings={'20': 9, '40': 9, '60': 13, '80': 14}
2026-08-03 07:12  2026-06-30  fondi=4  holdings={'20': 9, '40': 9, '60': 13, '80': 14}
2026-08-03 07:12  2026-03-31  fondi=4  holdings={'20': 9, '40': 9, '60': 13, '80': 14}
2026-08-03 07:12  -> 15 trimestri scritti in /Users/ale/backups/rebalix-lifestrategy-archivio/_scripts/ls_timeseries.json
2026-08-03 07:12  [aum] scritto /Users/ale/progetti/rebalix/lib/blog/ls-aum.ts: 13 trimestri, ultimo 2026-06, totale attuale €2648M
2026-08-03 07:12  [holdings] scritto /Users/ale/progetti/rebalix/lib/blog/ls-holdings.ts: LS20 9 / LS40 9 / LS60 13 / LS80 14 mattoncini, trimestre 2026-06
2026-08-03 07:12  [uk] scritto /Users/ale/progetti/rebalix/lib/blog/ls-holdings-uk.ts: eff 2026-06 · LS20 11 / LS100 7 righe
2026-08-03 07:12  [xray] scritto /Users/ale/progetti/rebalix/lib/blog/ls-lookthrough.ts: effective 2026-06-30, LS60 47 paesi / 11 settori
2026-08-03 07:12  [tax] scritto /Users/ale/progetti/rebalix/lib/blog/ls-tax.ts: eff 2026-07 · aliquota LS60 22.54% · fai-da-te VWCE 26.0% / VAGF 17.55%
2026-08-03 07:12  [dist] ERRORE: <urlopen error [Errno 8] nodename nor servname provided, or not known>
2026-08-03 07:12  [bond] scritto /Users/ale/progetti/rebalix/lib/blog/ls-bondstats.ts: 2026-06 · duration LS20 6.2 / YTM 4.2%
2026-08-03 07:12  [deploy] moduli dati invariati — nessun deploy.
2026-08-03 07:12  !! archivio newsletter fallito: <urlopen error [Errno 8] nodename nor servname provided, or not known>
2026-08-03 07:12  !! [heartbeat] invio fallito (non blocca l'archivio): <urlopen error [Errno 8] nodename nor servname provided, or not known>
2026-08-03 10:00  --- avvio archiviatore  ---
2026-08-03 10:00  [capture] snapshot 2026-06-30 già presente — niente da fare.
2026-08-03 10:00  2022-12-31  fondi=4  holdings={'20': 9, '40': 9, '60': 13, '80': 14}
2026-08-03 10:00  2023-12-31  fondi=4  holdings={'20': 9, '40': 9, '60': 13, '80': 14}
2026-08-03 10:00  2023-06-30  fondi=4  holdings={'20': 9, '40': 9, '60': 13, '80': 14}
2026-08-03 10:00  2023-03-31  fondi=4  holdings={'20': 9, '40': 9, '60': 13, '80': 14}
2026-08-03 10:00  2023-09-30  fondi=4  holdings={'20': 9, '40': 9, '60': 13, '80': 14}
2026-08-03 10:00  2024-12-31  fondi=4  holdings={'20': 9, '40': 9, '60': 13, '80': 12}
2026-08-03 10:00  2024-06-30  fondi=4  holdings={'20': 9, '40': 9, '60': 13, '80': 14}
2026-08-03 10:00  2024-03-31  fondi=4  holdings={'20': 9, '40': 9, '60': 13, '80': 14}
2026-08-03 10:00  2024-09-30  fondi=0  holdings={}
2026-08-03 10:00  2025-12-31  fondi=4  holdings={'20': 9, '40': 9, '60': 13, '80': 14}
2026-08-03 10:00  2025-06-30  fondi=0  holdings={}
2026-08-03 10:00  2025-03-31  fondi=4  holdings={'20': 9, '40': 9, '60': 13, '80': 14}
2026-08-03 10:00  2025-09-30  fondi=4  holdings={'20': 9, '40': 9, '60': 13, '80': 14}
2026-08-03 10:00  2026-06-30  fondi=4  holdings={'20': 9, '40': 9, '60': 13, '80': 14}
2026-08-03 10:00  2026-03-31  fondi=4  holdings={'20': 9, '40': 9, '60': 13, '80': 14}
2026-08-03 10:00  -> 15 trimestri scritti in /Users/ale/backups/rebalix-lifestrategy-archivio/_scripts/ls_timeseries.json
2026-08-03 10:00  [aum] scritto /Users/ale/progetti/rebalix/lib/blog/ls-aum.ts: 13 trimestri, ultimo 2026-06, totale attuale €2648M
2026-08-03 10:00  [holdings] scritto /Users/ale/progetti/rebalix/lib/blog/ls-holdings.ts: LS20 9 / LS40 9 / LS60 13 / LS80 14 mattoncini, trimestre 2026-06
2026-08-03 10:00  [uk] scritto /Users/ale/progetti/rebalix/lib/blog/ls-holdings-uk.ts: eff 2026-06 · LS20 11 / LS100 7 righe
2026-08-03 10:00  [xray] scritto /Users/ale/progetti/rebalix/lib/blog/ls-lookthrough.ts: effective 2026-06-30, LS60 47 paesi / 11 settori
2026-08-03 10:00  [tax] scritto /Users/ale/progetti/rebalix/lib/blog/ls-tax.ts: eff 2026-07 · aliquota LS60 22.54% · fai-da-te VWCE 26.0% / VAGF 17.55%
2026-08-03 10:00  [dist] LS20 (port 9491): 11 distribuzioni, rendimento storico 3.51 (al 2026-06-30)
2026-08-03 10:00  [dist] LS40 (port 9493): 11 distribuzioni, rendimento storico 2.91 (al 2026-06-30)
2026-08-03 10:00  [dist] LS60 (port 9495): 11 distribuzioni, rendimento storico 2.37 (al 2026-06-30)
2026-08-03 10:00  [dist] LS80 (port 9497): 11 distribuzioni, rendimento storico 1.88 (al 2026-06-30)
2026-08-03 10:00  [dist] scritto /Users/ale/progetti/rebalix/lib/blog/ls-distributions.ts: aggiornato 2026-06, rendimento al 2026-06-30, valuta EUR
2026-08-03 10:00  [bond] scritto /Users/ale/progetti/rebalix/lib/blog/ls-bondstats.ts: 2026-06 · duration LS20 6.2 / YTM 4.2%
2026-08-03 10:00  [deploy] moduli dati invariati — nessun deploy.
2026-08-03 10:00  report online = Giugno 2026
2026-08-03 10:00  già archiviato (2026/Giugno.pdf) — niente da fare.
2026-08-03 10:00  [heartbeat] inviato (200)
