2026-08-16 10:44  --- avvio archiviatore Xtrackers  ---
2026-08-16 10:44  xeq2: dato al 2026-08-10, 0 snapshot nuovi (gia' in archivio)
2026-08-16 10:44  xeq2: NAV ufficiale, 139 punti
2026-08-16 10:44  xeq4: dato al 2026-08-10, 0 snapshot nuovi (gia' in archivio)
2026-08-16 10:44  xeq4: NAV ufficiale, 139 punti
2026-08-16 10:44  xeq6: dato al 2026-08-10, 0 snapshot nuovi (gia' in archivio)
2026-08-16 10:44  xeq6: NAV ufficiale, 139 punti
2026-08-16 10:44  xeq8: dato al 2026-08-10, 0 snapshot nuovi (gia' in archivio)
2026-08-16 10:44  xeq8: NAV ufficiale, 139 punti
2026-08-16 10:44  xqui: dato al 2026-08-14, 1 snapshot nuovi
2026-08-16 10:44  xqui: NAV ufficiale, 4405 punti
2026-08-16 10:44  magr: 26 posizioni, NUOVA composizione (impronta 97dea99e24b26546)
2026-08-16 11:17     rete instabile (timeout) — ritento tra 5s
2026-08-16 11:17  modr: 27 posizioni, NUOVA composizione (impronta 9970b73752508c95)
2026-08-16 11:17  macv: 28 posizioni, NUOVA composizione (impronta a9a79def8b861c29)
2026-08-16 11:17  spread: snapshot 2026-08-16 11:17, 4/11 book validi
2026-08-16 11:17  !! lookthrough DE000A2T0VU5: nessun dato su it-it/en-lu (ETC oro?) — salto
2026-08-16 11:17  lookthrough IE0006WW1TQ4: 772 posizioni al 2026-08-13
2026-08-16 11:17  lookthrough IE000F354Q61: 3308 posizioni al 2026-08-13
2026-08-16 11:17  lookthrough IE00BD4DX952: 385 posizioni al 2026-08-13
2026-08-16 11:17  lookthrough IE00BFMKQC67: 3334 posizioni al 2026-08-13
2026-08-16 11:17  lookthrough IE00BG04LT92: 784 posizioni al 2026-08-13
2026-08-16 11:17  lookthrough IE00BGHQ0G80: 1862 posizioni al 2026-08-13
2026-08-16 11:17  lookthrough IE00BJ0KDR00: 532 posizioni al 2026-08-13
2026-08-16 11:17  lookthrough IE00BJZ2DD79: 1963 posizioni al 2026-08-13
2026-08-16 11:17  lookthrough IE00BL25JM42: 420 posizioni al 2026-08-13
2026-08-16 11:17  lookthrough IE00BTJRMP35: 1232 posizioni al 2026-08-13
2026-08-16 11:17  lookthrough IE00BYPHT736: 1903 posizioni al 2026-08-13
2026-08-16 11:17  lookthrough IE00BZ036J45: 3334 posizioni al 2026-08-13
2026-08-16 11:17  lookthrough LU0290355717: 563 posizioni al 2026-08-10
2026-08-16 11:17  lookthrough LU0290357259: 34 posizioni al 2026-08-10
2026-08-16 11:17  lookthrough LU0321462953: 870 posizioni al 2026-08-10
2026-08-16 11:17  lookthrough LU0322253906: 853 posizioni al 2026-08-10
2026-08-16 11:17  lookthrough LU0328475792: 616 posizioni al 2026-08-10
2026-08-16 11:17  lookthrough LU0378818131: 1311 posizioni al 2026-08-10
2026-08-16 11:17  lookthrough LU0478205379: 4187 posizioni al 2026-08-10
2026-08-16 11:17  lookthrough LU0484968903: 2901 posizioni al 2026-08-10
2026-08-16 11:17  lookthrough LU0524480265: 193 posizioni al 2026-08-10
2026-08-16 11:17  lookthrough LU0942970798: 5202 posizioni al 2026-08-10
2026-08-16 11:17  lookthrough LU1109943388: 679 posizioni al 2026-08-10
2026-08-16 11:17  lookthrough LU1399300455: 305 posizioni al 2026-08-10
2026-08-16 11:17  lookthrough LU2178481649: 2188 posizioni al 2026-08-10
2026-08-16 11:17  lookthrough LU2263803533: 539 posizioni al 2026-08-13
2026-08-16 11:17  lookthrough LU2581375073: 317 posizioni al 2026-08-13
2026-08-16 11:17  lookthrough LU2675291913: 188 posizioni al 2026-08-13
2026-08-16 11:17  lookthrough LU3003218446: 286 posizioni al 2026-08-10
2026-08-16 11:17  [golden] XEQ2.MI: 114 date | cum Yahoo +1.23% vs NAV +0.97% (diff 0.26 pt) | rend. mediano 0.188 pt | livello max 1.75%
2026-08-16 11:17  [golden] XEQ4.MI: 115 date | cum Yahoo +3.55% vs NAV +3.00% (diff 0.55 pt) | rend. mediano 0.232 pt | livello max 1.83%
2026-08-16 11:17  [golden] XEQ6.MI: 117 date | cum Yahoo +6.39% vs NAV +5.99% (diff 0.40 pt) | rend. mediano 0.264 pt | livello max 1.92%
2026-08-16 11:17  [golden] XEQ8.MI: 117 date | cum Yahoo +9.31% vs NAV +8.82% (diff 0.49 pt) | rend. mediano 0.321 pt | livello max 1.99%
2026-08-16 11:17  [xd-perf] scritto /Users/ale/progetti/rebalix/lib/blog/xd-performance.ts: 139 sedute dal 2026-01-29, max DD: 20%=-4.16%, 40%=-4.98%, 60%=-5.78%, 80%=-6.63%
2026-08-16 11:17  [xd-hold] scritto /Users/ale/progetti/rebalix/lib/blog/xd-holdings.ts (asof 2026-08-10) — 20: swap 0.0%, HY 5.1%+EM 15.1% dei bond | 40: swap 16.28%, HY 5.1%+EM 15.1% dei bond | 60: swap 30.91%, HY 5.1%+EM 15.1% dei bond | 80: swap 43.88%, HY 5.0%+EM 15.0% dei bond
2026-08-16 11:17  [xd-look] scritto /Users/ale/progetti/rebalix/lib/blog/xd-lookthrough.ts
2026-08-16 11:17  controllo 80%: paesi az. top3 [{'nome': "Stati Uniti d'America", 'pct': 60.54}, {'nome': 'Giappone', 'pct': 5.98}, {'nome': 'Taiwan', 'pct': 3.73}]
2026-08-16 11:17  settori top3 [{'nome': "Tecnologia dell'informazione", 'pct': 30.7}, {'nome': 'Finanza', 'pct': 17.17}, {'nome': 'Prodotti industriali', 'pct': 11.49}]
2026-08-16 11:17  bond top3 [{'nome': "Stati Uniti d'America", 'pct': 40.58}, {'nome': 'Giappone', 'pct': 7.68}, {'nome': 'Francia', 'pct': 5.11}]
2026-08-16 11:17  [xd-aum] scritto /Users/ale/progetti/rebalix/lib/blog/xd-aum.ts: 31 giorni, ultimo (2026-08-16): 20%=1.998M, 40%=3.074M, 60%=3.832M, 80%=5.054M
2026-08-16 11:17  [xd-tax] scritto /Users/ale/progetti/rebalix/lib/blog/xd-tax.ts: XEQ wl=0% (alq 26), XQUI wl=13.084% (alq 24.23), semestre 2026-07-01→2026-12-31
2026-08-16 11:17  [xeon-tax] scritto /Users/ale/progetti/rebalix/lib/blog/xeon-tax.ts: wl=78.08% → aliquota 15.46% (semestre 2026-07-01→2026-12-31)
2026-08-16 11:17  [xd-costs] scritto /Users/ale/progetti/rebalix/lib/blog/xd-costs.ts: XEQ6 0.4% · LS60 0.3% · verificato 2026-08-16
2026-08-16 11:17  [xd-changes] invariato (2 eventi)
2026-08-16 11:17  [deploy] branch feat/gestione-attiva-passiva ≠ main — salto per sicurezza.
2026-08-16 11:17  [heartbeat] inviato (200)
2026-08-16 11:17  fatto, tutto OK
