2026-07-26 15:01  === giro 2026-W30 avviato (dry=True) ===
2026-07-26 15:01  [baskets:xspu] ok — 382/503 titoli, active share 56.5%
2026-07-26 15:01  [baskets:world] ok — 519/1311 titoli, active share 59.3%
2026-07-26 15:01  [td] ok — 1505 punti comuni, fine 2026-07-23, scarti +17pb, +21pb, +22pb, +24pb
2026-07-26 15:01  [xeon] ok — 10 semestri, ultimo 2026-07-01 → 78.08%
2026-07-26 15:01  [heartbeat] (dry) errori=0 moduli={'baskets-xspu': True, 'baskets-world': True, 'td': True, 'xeon-whitelist': True, 'deploy': True}
2026-07-26 15:01  === giro completato (0 errori) ===
2026-07-26 15:02  === giro 2026-W30 avviato (dry=True) ===
2026-07-26 15:02  [baskets:xspu] ok — 382/503 titoli, active share 56.5%
2026-07-26 15:02  [baskets:world] ok — 519/1311 titoli, active share 59.3%
2026-07-26 15:02  [td] ok — 1505 punti comuni, fine 2026-07-23, scarti +17pb, +21pb, +22pb, +24pb
2026-07-26 15:02  [xeon] ok — 11 semestri, ultimo 2026-07-01 → 78.08%
2026-07-26 15:02  [heartbeat] (dry) errori=0 moduli={'baskets-xspu': True, 'baskets-world': True, 'td': True, 'xeon-whitelist': True, 'deploy': True}
2026-07-26 15:02  === giro completato (0 errori) ===
2026-07-26 15:06  === giro 2026-W30 avviato (dry=False) ===
2026-07-26 15:06  [baskets:xspu] ok — 382/503 titoli, active share 56.5%
2026-07-26 15:06  [baskets:world] ok — 519/1311 titoli, active share 59.3%
2026-07-26 15:06  [td] ok — 1505 punti comuni, fine 2026-07-23, scarti +17pb, +21pb, +22pb, +24pb
2026-07-26 15:06  [xeon] ok — 11 semestri, ultimo 2026-07-01 → 78.08%
2026-07-26 15:09  [deploy] produzione aggiornata
2026-07-26 15:09  [heartbeat] inviato (errori=0)
2026-07-26 15:09  === giro completato (0 errori) ===
2026-07-26 17:21  [hybrid] ok — 755 titoli fisici, USA 0.4%
2026-07-26 17:52  [hybrid] ok — 755 titoli fisici, USA 0.4%; scarto vs fisico +52 pb/a su 401 sedute
2026-07-26 18:12  === giro 2026-W30 avviato (dry=False) ===
2026-07-26 18:12  [baskets:xspu] ok — 382/503 titoli, active share 56.5%
2026-07-26 18:12  [baskets:world] ok — 519/1311 titoli, active share 59.3%
2026-07-26 18:12  [td] ok — 1505 punti comuni, fine 2026-07-23, scarti +17pb, +21pb, +22pb, +24pb
2026-07-26 18:12  [xeon] ok — 11 semestri, ultimo 2026-07-01 → 78.08%
2026-07-26 18:12  [hybrid] ok — 755 titoli fisici, USA 0.4%; scarto vs fisico +52 pb/a su 401 sedute
2026-07-26 18:12  [deploy] moduli invariati — nessun deploy
2026-07-26 18:12  [heartbeat] inviato (errori=0)
2026-07-26 18:12  === giro completato (0 errori) ===
2026-07-27 07:40  === giro 2026-W31 avviato (dry=False) ===
2026-07-27 07:40  [baskets:xspu] ok — 382/503 titoli, active share 56.5%
2026-07-27 07:40  [baskets:world] ok — 519/1311 titoli, active share 59.3%
2026-07-27 07:40  [td] ok — 1505 punti comuni, fine 2026-07-23, scarti +17pb, +21pb, +22pb, +24pb
2026-07-27 07:40  [xeon] ok — 11 semestri, ultimo 2026-07-01 → 78.08%
2026-07-27 07:40  [hybrid] ok — 755 titoli fisici, USA 0.4%; scarto vs fisico +51 pb/a su 402 sedute
2026-07-27 07:42  [deploy] produzione aggiornata
2026-07-27 07:42  [heartbeat] inviato (errori=0)
2026-07-27 07:42  === giro completato (0 errori) ===
2026-07-29 05:55  giro 2026-W31 già completato — niente da fare (usa --force per rifare)
2026-08-02 23:38  giro 2026-W31 già completato — niente da fare (usa --force per rifare)
2026-08-03 00:45  === giro 2026-W32 avviato (dry=False) ===
2026-08-03 00:45  [baskets:xspu] ok — 398/504 titoli, active share 56.4%
2026-08-03 00:45  [baskets:world] ok — 513/1283 titoli, active share 59.5%
2026-08-03 00:46  [td] ok — 1510 punti comuni, fine 2026-07-30, scarti +17pb, +20pb, +22pb, +24pb
2026-08-03 00:46  [xeon] ok — 11 semestri, ultimo 2026-07-01 → 78.08%
2026-08-03 00:46  [hybrid] ok — 754 titoli fisici, USA 0.5%; scarto vs fisico +51 pb/a su 407 sedute
2026-08-03 00:46  !! push Codeberg fallito — proseguo col deploy del commit locale
2026-08-03 00:48  [deploy] produzione aggiornata
2026-08-03 00:48  [heartbeat] inviato (errori=0)
2026-08-03 00:48  === giro completato (0 errori) ===
2026-08-03 07:12  giro 2026-W32 già completato — niente da fare (usa --force per rifare)
2026-08-03 07:40  giro 2026-W32 già completato — niente da fare (usa --force per rifare)
2026-08-05 08:14  giro 2026-W32 già completato — niente da fare (usa --force per rifare)
2026-08-06 23:13  giro 2026-W32 già completato — niente da fare (usa --force per rifare)
2026-08-10 07:40  === giro 2026-W33 avviato (dry=False) ===
2026-08-10 07:40  [baskets:xspu] ok — 387/504 titoli, active share 57.9%
2026-08-10 07:40  [baskets:world] ok — 518/1283 titoli, active share 61.8%
2026-08-10 07:40  [td] ok — 1515 punti comuni, fine 2026-08-06, scarti +18pb, +21pb, +22pb, +24pb
2026-08-10 07:40  [xeon] ok — 11 semestri, ultimo 2026-07-01 → 78.08%
2026-08-10 07:40  [hybrid] ok — 755 titoli fisici, USA 0.5%; scarto vs fisico +50 pb/a su 412 sedute
2026-08-10 07:43  [deploy] produzione aggiornata
2026-08-10 07:43  [heartbeat] inviato (errori=0)
2026-08-10 07:43  === giro completato (0 errori) ===
2026-08-10 22:29  giro 2026-W33 già completato — niente da fare (usa --force per rifare)
2026-08-13 22:09  === giro 2026-W33 avviato (dry=False) ===
2026-08-13 22:09  [baskets:xspu] ok — 376/504 titoli, active share 58.2%
2026-08-13 22:09  [baskets:world] ok — 536/1283 titoli, active share 62.2%
2026-08-13 22:09  [td] ok — 1519 punti comuni, fine 2026-08-12, scarti +18pb, +21pb, +22pb, +24pb
2026-08-13 22:09  [xeon] ok — 11 semestri, ultimo 2026-07-01 → 78.08%
2026-08-13 22:09  [hybrid] ok — 754 titoli fisici, USA 0.5%; scarto vs fisico +50 pb/a su 413 sedute
2026-08-13 22:12  [deploy] produzione aggiornata
2026-08-13 22:12  [heartbeat] inviato (errori=0)
2026-08-13 22:12  === giro completato (0 errori) ===
2026-08-13 22:34  giro 2026-W33 già completato — niente da fare (usa --force per rifare)
2026-08-13 22:34  === giro 2026-W33 avviato (dry=True) ===
2026-08-13 22:34  [baskets:xspu] ok — 376/504 titoli, active share 58.2%
2026-08-13 22:34  [baskets:world] ok — 536/1283 titoli, active share 62.2%
2026-08-13 22:34  [td] ok — 1519 punti comuni, fine 2026-08-12, scarti +18pb, +21pb, +22pb, +24pb
2026-08-13 22:34  [xeon] ok — 11 semestri, ultimo 2026-07-01 → 78.08%
2026-08-13 22:34  [hybrid] ok — 754 titoli fisici, USA 0.5%; scarto vs fisico +50 pb/a su 413 sedute
2026-08-13 22:34  [heartbeat] (dry) errori=0 moduli={'baskets-xspu': True, 'baskets-world': True, 'td': True, 'xeon-whitelist': True, 'hybrid': True, 'deploy': True}
2026-08-13 22:34  === giro completato (0 errori) ===
2026-08-13 22:38  === giro 2026-W33 avviato (dry=False) ===
2026-08-13 22:38  [baskets:xspu] ok — 376/504 titoli, active share 58.2%
2026-08-13 22:38  [baskets:world] ok — 536/1283 titoli, active share 62.2%
2026-08-13 22:38  [td] ok — 1519 punti comuni, fine 2026-08-12, scarti +18pb, +21pb, +22pb, +24pb
2026-08-13 22:38  [xeon] ok — 11 semestri, ultimo 2026-07-01 → 78.08%
2026-08-13 22:38  [hybrid] ok — 754 titoli fisici, USA 0.5%; scarto vs fisico +50 pb/a su 413 sedute
2026-08-13 22:38  !! tsc fallito sui moduli rigenerati:

[41m                                                                               [0m
[41m[37m                This is not the tsc command you are looking for                [0m
[41m                                                                               [0m

To get access to the TypeScript compiler, [34mtsc[0m, from the command line either:

- Use [1mnpm install typescript[0m to first add TypeScript to your project [1mbefore[0m using npx
- Use [1myarn[0m to avoid accidentally running code from un-installed packages

2026-08-13 22:38  !! moduli rigenerati NON compilano — revert eseguito
2026-08-13 22:38  [heartbeat] inviato (errori=2)
2026-08-13 22:38  === giro completato (2 errori) ===
2026-08-13 22:42  === giro 2026-W33 avviato (dry=False) ===
2026-08-13 22:42  [baskets:xspu] ok — 376/504 titoli, active share 58.2%
2026-08-13 22:42  [baskets:world] ok — 536/1283 titoli, active share 62.2%
2026-08-13 22:43  [td] ok — 1519 punti comuni, fine 2026-08-12, scarti +18pb, +21pb, +22pb, +24pb
2026-08-13 22:43  [xeon] ok — 11 semestri, ultimo 2026-07-01 → 78.08%
2026-08-13 22:43  [hybrid] ok — 754 titoli fisici, USA 0.5%; scarto vs fisico +50 pb/a su 413 sedute
2026-08-13 22:43  !! tsc fallito sui moduli rigenerati:
lib/i18n.ts(73,20): error TS2307: Cannot find module '@/messages/generated/it.json' or its corresponding type declarations.
lib/i18n.ts(74,20): error TS2307: Cannot find module '@/messages/generated/en.json' or its corresponding type declarations.

2026-08-13 22:43  !! moduli rigenerati NON compilano — revert eseguito
2026-08-13 22:43  [heartbeat] inviato (errori=2)
2026-08-13 22:43  === giro completato (2 errori) ===
2026-08-13 22:44  === giro 2026-W33 avviato (dry=False) ===
2026-08-13 22:44  [baskets:xspu] ok — 376/504 titoli, active share 58.2%
2026-08-13 22:44  [baskets:world] ok — 536/1283 titoli, active share 62.2%
2026-08-13 22:44  [td] ok — 1519 punti comuni, fine 2026-08-12, scarti +18pb, +21pb, +22pb, +24pb
2026-08-13 22:44  [xeon] ok — 11 semestri, ultimo 2026-07-01 → 78.08%
2026-08-13 22:44  [hybrid] ok — 754 titoli fisici, USA 0.5%; scarto vs fisico +50 pb/a su 413 sedute
2026-08-13 22:44  [deploy] moduli invariati — nessun deploy
2026-08-13 22:44  [heartbeat] inviato (errori=0)
2026-08-13 22:44  === giro completato (0 errori) ===
2026-08-16 09:07  giro 2026-W33 già completato — niente da fare (usa --force per rifare)
