[main 1aa6148] data(blog-replica): refresh automatico panieri, active share e scarto TD
 2 files changed, 15 insertions(+), 44 deletions(-)
HEAD is now at 1aa6148 data(blog-replica): refresh automatico panieri, active share e scarto TD
2026-07-26 15:06  === giro 2026-W30 avviato (dry=False) ===
2026-07-26 15:06  [baskets:xspu] ok — 382/503 titoli, active share 56.5%
2026-07-26 15:06  [baskets:world] ok — 519/1311 titoli, active share 59.3%
2026-07-26 15:06  [td] ok — 1505 punti comuni, fine 2026-07-23, scarti +17pb, +21pb, +22pb, +24pb
2026-07-26 15:06  [xeon] ok — 11 semestri, ultimo 2026-07-01 → 78.08%
2026-07-26 15:09  [deploy] produzione aggiornata
2026-07-26 15:09  [heartbeat] inviato (errori=0)
2026-07-26 15:09  === giro completato (0 errori) ===
[main afe9ed4] data(blog-replica): refresh automatico panieri, active share, scarto TD e ibrido
 3 files changed, 15 insertions(+), 15 deletions(-)
HEAD is now at afe9ed4 data(blog-replica): refresh automatico panieri, active share, scarto TD e ibrido
2026-07-27 07:40  === giro 2026-W31 avviato (dry=False) ===
2026-07-27 07:40  [baskets:xspu] ok — 382/503 titoli, active share 56.5%
2026-07-27 07:40  [baskets:world] ok — 519/1311 titoli, active share 59.3%
2026-07-27 07:40  [td] ok — 1505 punti comuni, fine 2026-07-23, scarti +17pb, +21pb, +22pb, +24pb
2026-07-27 07:40  [xeon] ok — 11 semestri, ultimo 2026-07-01 → 78.08%
2026-07-27 07:40  [hybrid] ok — 755 titoli fisici, USA 0.4%; scarto vs fisico +51 pb/a su 402 sedute
2026-07-27 07:42  [deploy] produzione aggiornata
2026-07-27 07:42  [heartbeat] inviato (errori=0)
2026-07-27 07:42  === giro completato (0 errori) ===
2026-07-29 05:55  giro 2026-W31 già completato — niente da fare (usa --force per rifare)
