=== bond-lifecycle 2026-08-09T07:30:00+02:00 ===
--- [bulk-corporate] 07:30:00
== COMMIT: scriverò su bond_registry ==
FULINS_D: 4 parti
  parse FULINS_D_20260808_04of04.zip
  parse FULINS_D_20260808_03of04.zip
  parse FULINS_D_20260808_02of04.zip
  parse FULINS_D_20260808_01of04.zip
obbligazioni (DB, majors): 73,890
emittenti da arricchire (GLEIF): 9,313
  GLEIF 150/9313
  GLEIF 3150/9313
  GLEIF 6150/9313
  GLEIF 9150/9313
per tipo: { supranational: 363, corporate: 64412, agency: 2592, sovereign: 2609 }
da scrivere: 67,004 · saltati (sovrani + 19 sovranazionali curati): 2,972
ESCLUSI perché già cessati ovunque (richiamati/delistati): 22
QUARANTENA: 3,892 ISIN non scritti (verifica fallita)
  ⚠️ XS2288825263 scadenza nel nome (2031-01-21) ≠ campo (2033-01-22) | BANQUE OUEST AF/EUR NT 20310121 RES
  ⚠️ FR001400IZD3 cedola nel nome (4.8) ≠ campo (0) | NATIXIS STRUCTU/4.8 Bd 20280707
  ⚠️ FR001400J3E0 cedola nel nome (1.575) ≠ campo (0) | NATIXIS STRUCTU/1.575 Bd 20330824
  ⚠️ FR001400J6Z8 cedola nel nome (1.8125) ≠ campo (0) | NATIXIS STRUCTU/1.8125 Bd 20330817
  ⚠️ FR001400UU61 cedola nel nome (6) ≠ campo (0.06) | NATIXIS STRUCTU/6.0 BD 20370430
  ⚠️ FR001400X5P3 cedola nel nome (2.05) ≠ campo (0) | NATIXIS STRUCTU/2.05 Bd 20350314
  ⚠️ FR001400X7G8 cedola nel nome (3.6) ≠ campo (0) | NATIXIS STRUCTU/3.6 Bd 20300212
  ⚠️ FR001400XMW0 cedola nel nome (0.9334) ≠ campo (0) | Natixis Structu/0.9334 Bd 20350329
  ⚠️ FR001400XNZ1 cedola nel nome (2.125) ≠ campo (0) | Natixis Structu/2.125 Bd 20350411
  ⚠️ FR001400XR89 cedola nel nome (3.0625) ≠ campo (0) | Natixis Structu/3.0625 Bd 20350418
  ⚠️ FR001400XTW5 cedola nel nome (3.125) ≠ campo (0) | Natixis Structu/3.125 Bd 20350613
  ⚠️ FR001400XZH3 cedola nel nome (7.08) ≠ campo (0) | Natixis Structu/7.08 Bd 20290313
  ⚠️ FR001400YL19 cedola nel nome (6) ≠ campo (0) | NATIXIS STRUCTU/6.0 BD 20351015
  ⚠️ FR001400YTJ0 cedola nel nome (2.75) ≠ campo (0) | Natixis Structu/2.75 Bd 20350813
  ⚠️ FR001400YUM2 cedola nel nome (7.05) ≠ campo (0) | Natixis Structu/7.05 Bd 20290416
  … e altri 3877 in bond-corporate-quarantine.json
  upsert 0/67004
  upsert 5000/67004
  upsert 10000/67004
  upsert 15000/67004
  upsert 20000/67004
  upsert 25000/67004
  upsert 30000/67004
  upsert 35000/67004
  upsert 40000/67004
  upsert 45000/67004
  upsert 50000/67004
  upsert 55000/67004
  upsert 60000/67004
  upsert 65000/67004
COMMIT ok: 67,004 righe upsertate.
quarantena aggiornata: 3,892 in quarantena, risanamento su 67,004 vivi.
--- [bulk-corporate] OK
--- [sovrani] 07:33:05
AT  listing=4496  isin=1198  VIVI=90  scartati=0  cessati-esclusi=532  (19s)
BE  listing=5025  isin=440  VIVI=202  scartati=0  cessati-esclusi=10  (19s)
BG  listing=632  isin=62  VIVI=30  scartati=1  cessati-esclusi=1  (3s)
HR  listing=861  isin=123  VIVI=33  scartati=0  cessati-esclusi=0  (4s)
CY  listing=786  isin=152  VIVI=5  scartati=9  cessati-esclusi=9  (4s)
CZ  listing=1688  isin=252  VIVI=74  scartati=0  cessati-esclusi=17  (8s)
DK  listing=779  isin=77  VIVI=20  scartati=0  cessati-esclusi=0  (4s)
EE  listing=113  isin=16  VIVI=6  scartati=1  cessati-esclusi=0  (1s)
FI  listing=2208  isin=157  VIVI=43  scartati=1  cessati-esclusi=0  (9s)
FR  listing=14641  isin=987  VIVI=352  scartati=2  cessati-esclusi=2  (46s)
DE  listing=10107  isin=500  VIVI=232  scartati=1  cessati-esclusi=8  (31s)
GR  listing=3954  isin=345  VIVI=37  scartati=16  cessati-esclusi=34  (15s)
HU  listing=2469  isin=366  VIVI=80  scartati=0  cessati-esclusi=3  (11s)
IE  listing=1717  isin=222  VIVI=50  scartati=4  cessati-esclusi=4  (8s)
IT  listing=17702  isin=1147  VIVI=540  scartati=4  cessati-esclusi=6  (56s)
LV  listing=765  isin=47  VIVI=20  scartati=0  cessati-esclusi=0  (3s)
LT  listing=1040  isin=69  VIVI=30  scartati=0  cessati-esclusi=0  (5s)
LU  listing=440  isin=24  VIVI=16  scartati=0  cessati-esclusi=0  (2s)
MT  listing=1562  isin=1044  VIVI=144  scartati=4  cessati-esclusi=32  (8s)
NL  listing=4094  isin=467  VIVI=118  scartati=6  cessati-esclusi=6  (14s)
PL  listing=3685  isin=188  VIVI=85  scartati=2  cessati-esclusi=4  (14s)
PT  listing=2175  isin=105  VIVI=36  scartati=0  cessati-esclusi=0  (9s)
RO  listing=4096  isin=522  VIVI=297  scartati=4  cessati-esclusi=2  (16s)
SK  listing=1244  isin=64  VIVI=36  scartati=0  cessati-esclusi=0  (6s)
SI  listing=1205  isin=269  VIVI=45  scartati=0  cessati-esclusi=0  (5s)
ES  listing=9676  isin=546  VIVI=277  scartati=0  cessati-esclusi=3  (34s)
SE  listing=1466  isin=215  VIVI=31  scartati=2  cessati-esclusi=3  (7s)
IS  listing=197  isin=96  VIVI=26  scartati=0  cessati-esclusi=0  (1s)
NO  listing=508  isin=41  VIVI=16  scartati=0  cessati-esclusi=0  (3s)
GB  listing=7874  isin=782  VIVI=134  scartati=4  cessati-esclusi=94  (26s)
CH  listing=1004  isin=390  VIVI=41  scartati=0  cessati-esclusi=42  (6s)

Totale vivi inseriti: 3146

══ REPORT QUARANTENA (61 titoli NON scritti — verifica fallita) ══
  BG2040119211  [Министерство на финансите (Bulgaria MoF)]  MINFIN/0.5BD 20290621
    → scadenza nel nome (2029-06-21) ≠ campo (2029-12-21)
  XS2105097393  [Ministry of Finance Public Debt Management Office (Cyprus)]  CYPRUS, REP.OF/1.25 MTN 20400121
    → cedola nel nome (1.25) ≠ campo (0)
  XS2610236445  [Ministry of Finance Public Debt Management Office (Cyprus)]  CYPRUS, REP.OF/4.125 MTN 20330413
    → cedola nel nome (4.125) ≠ campo (0)
  XS1989383788  [Ministry of Finance Public Debt Management Office (Cyprus)]  CYPRUS, REP.OF/2.75 MTN 20490503
    → cedola nel nome (2.75) ≠ campo (0)
  XS2157183950  [Ministry of Finance Public Debt Management Office (Cyprus)]  CYPRUS, REP.OF/2.25 MTN 20500416
    → cedola nel nome (2.25) ≠ campo (0)
  XS2157184255  [Ministry of Finance Public Debt Management Office (Cyprus)]  CYPRUS, REP.OF/1.5 MTN 20270416
    → cedola nel nome (1.5) ≠ campo (0)
  XS2434393968  [Ministry of Finance Public Debt Management Office (Cyprus)]  CYPRUS, REP.OF/0.95 MTN 20320120
    → cedola nel nome (0.95) ≠ campo (0)
  XS1956050923  [Ministry of Finance Public Debt Management Office (Cyprus)]  CYPRUS, REP.OF/2.75 MTN 20340226
    → cedola nel nome (2.75) ≠ campo (0)
  XS1883942648  [Ministry of Finance Public Debt Management Office (Cyprus)]  CYPRUS, REP.OF/2.375 MTN 20280925
    → cedola nel nome (2.375) ≠ campo (0)
  XS2849767202  [Ministry of Finance Public Debt Management Office (Cyprus)]  CYPRUS, REP.OF/2.375 MTN 20280925
    → scadenza nel nome (2028-09-25) ≠ campo (2031-06-27) | cedola nel nome (2.375) ≠ campo (0)
  XS2532370231  [Rahandusministeerium (Estonia MoF)]  REPUBLIC OF EST/2.95EUR NT 20320914
    → scadenza nel nome (2032-09-14) ≠ campo (2032-10-12) | cedola nel nome (2.95) ≠ campo (4)
  XS3396019336  [Republic of Finland / Suomen valtio]  REPUBLIC OF FIN/1EMTN 20360603 GTE
    → cedola nel nome (1) ≠ campo (4.5)
  FR0013410610  [Direction Générale du Trésor]  DIRECTION GENER/0.100000 BD
    → cedola nel nome (0.1) ≠ campo (0)
  FR001400BKZ3  [Direction Générale du Trésor]  DIRECTION GENER/2 BD 20321122
    → scadenza nel nome (2032-11-22) ≠ campo (2032-11-25)
  DE000A1K0QR1  [Bundesrepublik Deutschland]  HKW PERSONALK./8.25 ANL 20161115
    → scadenza nel nome (2016-11-15) ≠ campo (9999-12-31)
  GR0128014710  [Ελληνική Δημοκρατία - Υπουργείο Οικονομικών]  GR GOVT/2BD 20270224 GOVT GTD
    → cedola nel nome (2) ≠ campo (4.3)
  GR0133007204  [Ελληνική Δημοκρατία - Υπουργείο Οικονομικών]  GR GOVT/2BD 20290224 GOVT GTD
    → cedola nel nome (2) ≠ campo (4.3)
  GR0138012787  [Ελληνική Δημοκρατία - Υπουργείο Οικονομικών]  GR GOVT/2BD 20400224 GOVT GTD
    → cedola nel nome (2) ≠ campo (4.3)
  GR0133009226  [Ελληνική Δημοκρατία - Υπουργείο Οικονομικών]  GR GOVT/2BD 20310224 GOVT GTD
    → cedola nel nome (2) ≠ campo (4.3)
  GR0138006722  [Ελληνική Δημοκρατία - Υπουργείο Οικονομικών]  GR GOVT/2BD 20340224 GOVT GTD
    → cedola nel nome (2) ≠ campo (4.3)
  GR0138011771  [Ελληνική Δημοκρατία - Υπουργείο Οικονομικών]  GR GOVT/2BD 20390224 GOVT GTD
    → cedola nel nome (2) ≠ campo (4.3)
  GR0138007738  [Ελληνική Δημοκρατία - Υπουργείο Οικονομικών]  GR GOVT/2BD 20350224 GOVT GTD
    → cedola nel nome (2) ≠ campo (4.3)
  GR0138005716  [Ελληνική Δημοκρατία - Υπουργείο Οικονομικών]  GR GOVT/2BD 20330224 GOVT GTD
    → cedola nel nome (2) ≠ campo (4.3)
  GR0138009759  [Ελληνική Δημοκρατία - Υπουργείο Οικονομικών]  GR GOVT/2BD 20370224 GOVT GTD
    → cedola nel nome (2) ≠ campo (4.3)
  GR0138010765  [Ελληνική Δημοκρατία - Υπουργείο Οικονομικών]  GR GOVT/2BD 20380224 GOVT GTD
    → cedola nel nome (2) ≠ campo (4.3)
  GR0138013793  [Ελληνική Δημοκρατία - Υπουργείο Οικονομικών]  GR GOVT/2BD 20410224 GOVT GTD
    → cedola nel nome (2) ≠ campo (4.3)
  GR0138008744  [Ελληνική Δημοκρατία - Υπουργείο Οικονομικών]  GR GOVT/2BD 20360224 GOVT GTD
    → cedola nel nome (2) ≠ campo (4.3)
  GR0133010232  [Ελληνική Δημοκρατία - Υπουργείο Οικονομικών]  GR GOVT/2BD 20320224 GOVT GTD
    → cedola nel nome (2) ≠ campo (4.3)
  GR0133006198  [Ελληνική Δημοκρατία - Υπουργείο Οικονομικών]  GR GOVT/2BD 20280224 GOVT GTD
    → cedola nel nome (2) ≠ campo (4.3)
  GR0133008210  [Ελληνική Δημοκρατία - Υπουργείο Οικονομικών]  GR GOVT/2BD 20300224 GOVT GTD
    → cedola nel nome (2) ≠ campo (4.3)
  GR0138014809  [Ελληνική Δημοκρατία - Υπουργείο Οικονομικών]  GR GOVT/2BD 20420224 GOVT GTD
    → cedola nel nome (2) ≠ campo (4.3)
  XS2201939696  [National Treasury Management Agency (Ireland)]  THE GOVERNMENT/EMTN 20790610
    → scadenza nel nome (2079-06-10) ≠ campo (2079-07-10)
  XS2503882842  [National Treasury Management Agency (Ireland)]  THE GOVERNMENT/2.55EMTN 20280720 G
    → scadenza nel nome (2028-07-20) ≠ campo (2082-07-20)
  XS2178582594  [National Treasury Management Agency (Ireland)]  THE GOVERNMENT/1.23EMTN 20210529
    → scadenza nel nome (2021-05-29) ≠ campo (2120-05-29)
  XS2152325655  [National Treasury Management Agency (Ireland)]  THE GOVERNMENT/1.2EMTN 20210415
    → scadenza nel nome (2021-04-15) ≠ campo (2120-04-15)
  IT0001174611  [Repubblica Italiana]  ITALIA/6.5 BTP 20271101
    → cedola nel nome (6.5) ≠ campo (3.25)
  IT0001278511  [Repubblica Italiana]  ITALIA/5.25 BTP 20291101
    → cedola nel nome (5.25) ≠ campo (2.625)
  IT0001086567  [Repubblica Italiana]  ITALIA/7.25 BTP 20261101
    → cedola nel nome (7.25) ≠ campo (3.625)
  XS0247541971  [Repubblica Italiana]  ITALY, REP.OF/4.425 MTN 20360328
    → cedola nel nome (4.425) ≠ campo (0)
  MT0000013988  [Republic of Malta]  GOVMALTA/2.80 DBT 20300227 GOVT GTD
    → cedola nel nome (2.8) ≠ campo (0)
  MT0000013012  [Republic of Malta]  GOVMALTA/0.04 DBT 20261020 GOVT GTD
    → cedola nel nome (0.04) ≠ campo (0.4)
  MT0000012865  [Republic of Malta]  GOVMALTA/2.2 DBT 20351124 GOVT GTD
    → scadenza nel nome (2035-11-24) ≠ campo (2035-10-31)
  MT0000013558  [Republic of Malta]  GOVMALTA/3.8 20420826 GOV GTD6
    → cedola nel nome (3.8) ≠ campo (3.4)
  NL0015614579  [Ministerie van Financiën (Netherlands)]  De Staat der Ne/1 Bd 20520115
    → cedola nel nome (1) ≠ campo (0)
  NL0015001XZ6  [Ministerie van Financiën (Netherlands)]  De Staat der Ne/0 Bd 20340715
    → cedola nel nome (0) ≠ campo (2.5)
  NL00150012X2  [Ministerie van Financiën (Netherlands)]  Staat der Neder/0.0 Bd 20540115
    → cedola nel nome (0) ≠ campo (2)
  NL0015001RG8  [Ministerie van Financiën (Netherlands)]  De Staat der Ne/0 Bd 20440115
    → cedola nel nome (0) ≠ campo (3.25)
  NL0015002F72  [Ministerie van Financiën (Netherlands)]  De Staat der Ne/0 Bd 20350715
    → cedola nel nome (0) ≠ campo (2.5)
  NL0015073VV8  [Ministerie van Financiën (Netherlands)]  STAAT DER NEDER/0 BD 20360715
    → cedola nel nome (0) ≠ campo (2.75)
  XS3109460959  [Ministerstwo Finansów (Poland)]  REPUBLIC OF POL/1EMTN 20370707 GTE
    → cedola nel nome (1) ≠ campo (3.875)
  XS3109446610  [Ministerstwo Finansów (Poland)]  REPUBLIC OF POL/1EMTN 20320707 GTE
    → cedola nel nome (1) ≠ campo (3.125)
  XS2364200357  [Ministerul Finanțelor (Romania)]  ROMANIA/1EMTN 20420313
    → scadenza nel nome (2042-03-13) ≠ campo (2042-04-13) | cedola nel nome (1) ≠ campo (2.875)
  ROZBOC49U096  [Ministerul Finanțelor (Romania)]  MF/5.96 BD 20281030 GOVT GTD
    → cedola nel nome (5.96) ≠ campo (8.75)
  XS2364199674  [Ministerul Finanțelor (Romania)]  ROMANIA/1EMTN 20300715
    → scadenza nel nome (2030-07-15) ≠ campo (2030-07-13) | cedola nel nome (1) ≠ campo (1.75)
  ROKMM9ZNGN31  [Ministerul Finanțelor (Romania)]  MF/5.25 BD 20301813 UNGTD
    → scadenza nel nome (2030-18-13) ≠ campo (2030-08-13)
  SE0023848130  [Riksgäldskontoret (Swedish National Debt Office)]  STATEN/FRN DEBT 20360602
    → scadenza nel nome (2036-06-02) ≠ campo (2036-06-01)
  SE0013748258  [Riksgäldskontoret (Swedish National Debt Office)]  STATEN/FRN DEBT 20300603
    → scadenza nel nome (2030-06-03) ≠ campo (2030-06-01)
  GB00B1HYR000  [His Majesty's Treasury]  HIS MAJE/0 LN STK 20271206 GOVT GTD
    → scadenza nel nome (2027-12-06) ≠ campo (2027-12-07)
  GB00BYZW3G56  [His Majesty's Treasury]  HM TREA/1.5 LN STK 20260722   GOVT
    → scadenza nel nome (2026-07-22) ≠ campo (2026-11-18)
  GB00BVP99905  [His Majesty's Treasury]  HIS MAJE/LN STK 20370703 GOVT GTD
    → scadenza nel nome (2037-07-03) ≠ campo (2037-03-07)
  GB00BSQNRD01  [His Majesty's Treasury]  HIS MAJE/4 LN STK 20300307 GOVT GTD
    → cedola nel nome (4) ≠ campo (4.375)
--- [sovrani] OK
--- [marcatura] 07:39:41
auto-guarigione: 0 titoli tornati vivi
candidati alla marcatura 'termination': 23
marcati: 23
--- [marcatura] OK
--- [call-watch] 07:39:45
allarmi date esatte (entro 90 gg): 0
coda perpetui stimata (>5 anni, mai verificati): 855
  · XS0200688256  partito 2004-09-17  NORDEA AB/2.429 DEB P U  Nordea Bank AB
  · PTCON2OE0007  partito 2004-12-07  REP PORTUGUESA/3 OB PERP  Republic of Portugal
  · PTCON4OE0005  partito 2004-12-07  REP PORTUGUESA/4 OB PERP  Republic of Portugal
  · PTCON3OE0006  partito 2004-12-07  REP PORTUGUESA/2.75 OB PERP  Republic of Portugal
  · PTCON1OE0008  partito 2004-12-07  REP PORTUGUESA/3.5 OB PERP  Republic of Portugal
  · DE000A0DX3M2  partito 2005-02-18  ALPHA GROUPJEY/DEB P U  ALPHA GROUP JERSEY LIMITED
  · XS0212590557  partito 2005-03-16  JYSKE BK AS/VAR BD PERP JR UNSEC  JYSKE BANK A/S
  · XS0221640070  partito 2005-06-16  ISLANDSBANKIHF/8 DEB P U  Íslandsbanki hf.
  · XS0244143961  partito 2006-02-24  LBI HF/6.25 BD 29991231 UNSEC UNGTD  Landsbankinn hf.
  · FR0010499111  partito 2007-07-13  SocTourEiffel/VAR  SOCIETE DE LA TOUR EIFFEL
  · DK0007800304  partito 2007-11-01  HUSEJER/4.00/ 01S 01A  Jyske Realkredit A/S
  · DK0007200117  partito 2007-11-01  KBHV KREDIT/3.50/ 01S  NYKREDIT REALKREDIT A/S
  · DK0007800148  partito 2007-11-01  HUSEJER/3.50/ 01S 01A  Jyske Realkredit A/S
  · DK0006702949  partito 2007-11-01  OESTIFTER ALM/4.50/ 07S  REALKREDIT DANMARK A/S
  · DK0006700141  partito 2007-11-01  OESTIFTER ALM/3.50/ 07S  REALKREDIT DANMARK A/S
email inviata
--- [call-watch] OK
{"ok":true,"name":"bond-lifecycle","recorded_at":"2026-08-09T05:39:48.200Z"}
[heartbeat] inviato (ok=true, errori=0)
=== fine 2026-08-09T07:39:48+02:00, errori=0 ===
