=== bond-lifecycle 2026-08-30T23:15:24+02:00 ===
--- [bulk-corporate] 23:15:24
== COMMIT: scriverò su bond_registry ==
FULINS_D: 4 parti
  parse FULINS_D_20260829_04of04.zip
  parse FULINS_D_20260829_03of04.zip
  parse FULINS_D_20260829_02of04.zip
  parse FULINS_D_20260829_01of04.zip
obbligazioni (DB, majors): 74,618
emittenti da arricchire (GLEIF): 9,317
  GLEIF 150/9317
  GLEIF 3150/9317
  GLEIF 6150/9317
  GLEIF 9150/9317
per tipo: { supranational: 379, corporate: 67267, agency: 2649, sovereign: 2633 }
CFI «X» → AUTO-FIXED: {
  candidati: 7380,
  riclassificato: 1411,
  fltg: 76,
  conflitto: 0,
  'senza-fxd': 5883,
  'inflazione-dal-nome': 10
}
da scrivere: 69,916 · saltati (sovrani + 19 sovranazionali curati): 3,012
ESCLUSI perché già cessati ovunque (richiamati/delistati): 13
QUARANTENA: 1,677 ISIN non scritti (verifica fallita)
  ⚠️ FR001400IZD3 cedola nel nome (4.8) ≠ campo (0) | NATIXIS STRUCTU/4.8 Bd 20280707
  ⚠️ FR001400J3E0 cedola nel nome (1.575) ≠ campo (0) | NATIXIS STRUCTU/1.575 Bd 20330824
  ⚠️ FR001400J6Z8 cedola nel nome (1.8125) ≠ campo (0) | NATIXIS STRUCTU/1.8125 Bd 20330817
  ⚠️ FR001400UU61 cedola nel nome (6) ≠ campo (0.06) | NATIXIS STRUCTU/6.0 BD 20370430
  ⚠️ FR001400X5P3 cedola nel nome (2.05) ≠ campo (0) | NATIXIS STRUCTU/2.05 Bd 20350314
  ⚠️ FR001400X7G8 cedola nel nome (3.6) ≠ campo (0) | NATIXIS STRUCTU/3.6 Bd 20300212
  ⚠️ FR001400XMW0 cedola nel nome (0.9334) ≠ campo (0) | Natixis Structu/0.9334 Bd 20350329
  ⚠️ FR001400XNZ1 cedola nel nome (2.125) ≠ campo (0) | Natixis Structu/2.125 Bd 20350411
  ⚠️ FR001400XR89 cedola nel nome (3.0625) ≠ campo (0) | Natixis Structu/3.0625 Bd 20350418
  ⚠️ FR001400XTW5 cedola nel nome (3.125) ≠ campo (0) | Natixis Structu/3.125 Bd 20350613
  ⚠️ FR001400XZH3 cedola nel nome (7.08) ≠ campo (0) | Natixis Structu/7.08 Bd 20290313
  ⚠️ FR001400YL19 cedola nel nome (6) ≠ campo (0) | NATIXIS STRUCTU/6.0 BD 20351015
  ⚠️ FR001400YUM2 cedola nel nome (7.05) ≠ campo (0) | Natixis Structu/7.05 Bd 20290416
  ⚠️ FR001400YX64 cedola nel nome (1.85) ≠ campo (0) | Natixis Structu/1.85 Bd 20350709
  ⚠️ FR001400YZ13 cedola nel nome (7.8) ≠ campo (0) | Natixis Structu/7.8 Bd 20300620
  … e altri 1662 in bond-corporate-quarantine.json
  upsert 0/69916
  upsert 5000/69916
  upsert 10000/69916
  upsert 15000/69916
  upsert 20000/69916
  upsert 25000/69916
  upsert 30000/69916
  upsert 35000/69916
  upsert 40000/69916
  upsert 45000/69916
  upsert 50000/69916
  upsert 55000/69916
  upsert 60000/69916
  upsert 65000/69916
COMMIT ok: 69,916 righe upsertate.
quarantena aggiornata: 1,677 in quarantena, risanamento su 69,916 vivi.
--- [bulk-corporate] OK
--- [sovrani] 23:17:14
AT  listing=6095  isin=1199  VIVI=90  scartati=0  cessati-esclusi=532  (21s)
BE  listing=8378  isin=444  VIVI=204  scartati=0  cessati-esclusi=10  (23s)
BG  listing=841  isin=62  VIVI=31  scartati=0  cessati-esclusi=1  (3s)
HR  listing=897  isin=123  VIVI=33  scartati=0  cessati-esclusi=0  (3s)
CY  listing=810  isin=153  VIVI=5  scartati=9  cessati-esclusi=9  (3s)
CZ  listing=2160  isin=252  VIVI=73  scartati=0  cessati-esclusi=16  (8s)
DK  listing=2473  isin=77  VIVI=20  scartati=0  cessati-esclusi=0  (9s)
EE  listing=119  isin=16  VIVI=6  scartati=1  cessati-esclusi=0  (1s)
FI  listing=3156  isin=158  VIVI=43  scartati=1  cessati-esclusi=0  (10s)
FR  listing=25458  isin=990  VIVI=353  scartati=1  cessati-esclusi=2  (66s)
DE  listing=14963  isin=502  VIVI=226  scartati=6  cessati-esclusi=8  (43s)
GR  listing=6698  isin=347  VIVI=29  scartati=24  cessati-esclusi=34  (20s)
HU  listing=5327  isin=367  VIVI=78  scartati=1  cessati-esclusi=3  (16s)
IE  listing=2186  isin=222  VIVI=52  scartati=2  cessati-esclusi=4  (7s)
IT  listing=24835  isin=1150  VIVI=537  scartati=8  cessati-esclusi=6  (62s)
LV  listing=864  isin=47  VIVI=20  scartati=0  cessati-esclusi=0  (3s)
LT  listing=1588  isin=69  VIVI=30  scartati=0  cessati-esclusi=0  (6s)
LU  listing=493  isin=24  VIVI=16  scartati=0  cessati-esclusi=0  (2s)
MT  listing=1621  isin=1054  VIVI=147  scartati=5  cessati-esclusi=30  (7s)
NL  listing=5456  isin=467  VIVI=118  scartati=5  cessati-esclusi=6  (16s)
PL  listing=8349  isin=189  VIVI=86  scartati=2  cessati-esclusi=4  (23s)
PT  listing=3330  isin=106  VIVI=36  scartati=0  cessati-esclusi=0  (10s)
RO  listing=4828  isin=534  VIVI=308  scartati=4  cessati-esclusi=2  (17s)
SK  listing=1718  isin=64  VIVI=36  scartati=0  cessati-esclusi=0  (6s)
SI  listing=1406  isin=269  VIVI=44  scartati=0  cessati-esclusi=0  (6s)
ES  listing=23284  isin=546  VIVI=277  scartati=0  cessati-esclusi=3  (47s)
SE  listing=2141  isin=216  VIVI=32  scartati=1  cessati-esclusi=3  (7s)
IS  listing=316  isin=100  VIVI=28  scartati=1  cessati-esclusi=0  (1s)
NO  listing=1185  isin=41  VIVI=16  scartati=0  cessati-esclusi=0  (4s)
GB  listing=11009  isin=785  VIVI=136  scartati=2  cessati-esclusi=94  (28s)
CH  listing=1357  isin=390  VIVI=40  scartati=0  cessati-esclusi=42  (5s)

Totale vivi inseriti: 3150

══ REPORT QUARANTENA (73 titoli NON scritti — verifica fallita) ══
  XS2105097393  [Ministry of Finance Public Debt Management Office (Cyprus)]  CYPRUS, REP.OF/1.25 MTN 20400121
    → cedola nel nome (1.25) ≠ campo (0)
  XS2157184255  [Ministry of Finance Public Debt Management Office (Cyprus)]  CYPRUS, REP.OF/1.5 MTN 20270416
    → cedola nel nome (1.5) ≠ campo (0)
  XS2610236445  [Ministry of Finance Public Debt Management Office (Cyprus)]  CYPRUS, REP.OF/4.125 MTN 20330413
    → cedola nel nome (4.125) ≠ campo (0)
  XS2434393968  [Ministry of Finance Public Debt Management Office (Cyprus)]  CYPRUS, REP.OF/0.95 MTN 20320120
    → cedola nel nome (0.95) ≠ campo (0)
  XS1956050923  [Ministry of Finance Public Debt Management Office (Cyprus)]  CYPRUS, REP.OF/2.75 MTN 20340226
    → cedola nel nome (2.75) ≠ campo (0)
  XS1989383788  [Ministry of Finance Public Debt Management Office (Cyprus)]  CYPRUS, REP.OF/2.75 MTN 20490503
    → cedola nel nome (2.75) ≠ campo (0)
  XS2157183950  [Ministry of Finance Public Debt Management Office (Cyprus)]  CYPRUS, REP.OF/2.25 MTN 20500416
    → cedola nel nome (2.25) ≠ campo (0)
  XS2849767202  [Ministry of Finance Public Debt Management Office (Cyprus)]  CYPRUS, REP.OF/2.375 MTN 20280925
    → cedola nel nome (2.375) ≠ campo (0)
  XS1883942648  [Ministry of Finance Public Debt Management Office (Cyprus)]  CYPRUS, REP.OF/2.375 MTN 20280925
    → cedola nel nome (2.375) ≠ campo (0)
  XS2532370231  [Rahandusministeerium (Estonia MoF)]  REPUBLIC OF EST/2.95EUR NT 20320914
    → cedola nel nome (2.95) ≠ campo (4)
  XS3396019336  [Republic of Finland / Suomen valtio]  REPUBLIC OF FIN/1EMTN 20360603 GTE
    → cedola nel nome (1) ≠ campo (4.5)
  FR0013410610  [Direction Générale du Trésor]  DIRECTION GENER/0.100000 BD
    → cedola nel nome (0.1) ≠ campo (0)
  DE000BU22130  [Bundesrepublik Deutschland]  BUND DEUTSCHLAN/2.5 BSA 20280614
    → cedole discordi tra borse: 0 vs 2.5
  DE000BU22148  [Bundesrepublik Deutschland]  BUND DEUTSCHLAN/2.7 BSA 20280913
    → cedole discordi tra borse: 0 vs 2.7
  DE000A1K0QR1  [Bundesrepublik Deutschland]  HKW PERSONALK./8.25 ANL 20161115
    → nome datato (2016-11-15) ma scadenza in campo sentinella (9999-12-31): possibile default/ristrutturazione
  DE000BU25075  [Bundesrepublik Deutschland]  BUND DEUTSCHLAN/2.9 BO 20311008
    → cedole discordi tra borse: 0 vs 2.9
  DE000BU2Z072  [Bundesrepublik Deutschland]  BUND DEUTSCHLAN/3 ANL 20360815 GGAR
    → cedole discordi tra borse: 0 vs 3
  DE000A1X3MD9  [Bundesrepublik Deutschland]  GEBR.SANDERS/8.75 IHS 20181022 USEC
    → nome datato (2018-10-22) ma scadenza in campo sentinella (9999-12-31): possibile default/ristrutturazione
  GR0133006198  [Ελληνική Δημοκρατία - Υπουργείο Οικονομικών]  GR GOVT/2BD 20280224 GOVT GTD
    → cedola nel nome (2) ≠ campo (4.3)
  GR0133010232  [Ελληνική Δημοκρατία - Υπουργείο Οικονομικών]  GR GOVT/2BD 20320224 GOVT GTD
    → cedola nel nome (2) ≠ campo (4.3)
  GR0133007204  [Ελληνική Δημοκρατία - Υπουργείο Οικονομικών]  GR GOVT/2BD 20290224 GOVT GTD
    → cedola nel nome (2) ≠ campo (4.3)
  GR0138006722  [Ελληνική Δημοκρατία - Υπουργείο Οικονομικών]  GR GOVT/2BD 20340224 GOVT GTD
    → cedola nel nome (2) ≠ campo (4.3)
  GR0138007738  [Ελληνική Δημοκρατία - Υπουργείο Οικονομικών]  GR GOVT/2BD 20350224 GOVT GTD
    → cedola nel nome (2) ≠ campo (4.3)
  GR0138005716  [Ελληνική Δημοκρατία - Υπουργείο Οικονομικών]  GR GOVT/2BD 20330224 GOVT GTD
    → cedola nel nome (2) ≠ campo (4.3)
  GR0138009759  [Ελληνική Δημοκρατία - Υπουργείο Οικονομικών]  GR GOVT/2BD 20370224 GOVT GTD
    → cedola nel nome (2) ≠ campo (4.3)
  GR0138010765  [Ελληνική Δημοκρατία - Υπουργείο Οικονομικών]  GR GOVT/2BD 20380224 GOVT GTD
    → cedola nel nome (2) ≠ campo (4.3)
  GR0138011771  [Ελληνική Δημοκρατία - Υπουργείο Οικονομικών]  GR GOVT/2BD 20390224 GOVT GTD
    → cedola nel nome (2) ≠ campo (4.3)
  GR0128014710  [Ελληνική Δημοκρατία - Υπουργείο Οικονομικών]  GR GOVT/2BD 20270224 GOVT GTD
    → cedola nel nome (2) ≠ campo (4.3)
  GR0138008744  [Ελληνική Δημοκρατία - Υπουργείο Οικονομικών]  GR GOVT/2BD 20360224 GOVT GTD
    → cedola nel nome (2) ≠ campo (4.3)
  GR0138012787  [Ελληνική Δημοκρατία - Υπουργείο Οικονομικών]  GR GOVT/2BD 20400224 GOVT GTD
    → cedola nel nome (2) ≠ campo (4.3)
  GR0138013793  [Ελληνική Δημοκρατία - Υπουργείο Οικονομικών]  GR GOVT/2BD 20410224 GOVT GTD
    → cedola nel nome (2) ≠ campo (4.3)
  GR0138014809  [Ελληνική Δημοκρατία - Υπουργείο Οικονομικών]  GR GOVT/2BD 20420224 GOVT GTD
    → cedola nel nome (2) ≠ campo (4.3)
  GR0133009226  [Ελληνική Δημοκρατία - Υπουργείο Οικονομικών]  GR GOVT/2BD 20310224 GOVT GTD
    → cedola nel nome (2) ≠ campo (4.3)
  GR0133008210  [Ελληνική Δημοκρατία - Υπουργείο Οικονομικών]  GR GOVT/2BD 20300224 GOVT GTD
    → cedola nel nome (2) ≠ campo (4.3)
  GR0004143690  [Ελληνική Δημοκρατία - Υπουργείο Οικονομικών]  GR GOVT/TB 20270305 GOVT GTD
    → cedole discordi tra borse: 0 vs 1.97
  GR0000249558  [Ελληνική Δημοκρατία - Υπουργείο Οικονομικών]  GR GOVT/TB 20261009 GOVT GTD
    → cedole discordi tra borse: 0 vs 2.16
  GR0004144706  [Ελληνική Δημοκρατία - Υπουργείο Οικονομικών]  GR GOVT/TB 20270604 GOVT GTD
    → cedole discordi tra borse: 0 vs 2.41
  GR0002287564  [Ελληνική Δημοκρατία - Υπουργείο Οικονομικών]  GR GOVT/TB 20261023 GOVT GTD
    → cedole discordi tra borse: 0 vs 2.12
  GR0002288570  [Ελληνική Δημοκρατία - Υπουργείο Οικονομικών]  GR GOVT/TB 20261127 GOVT GTD
    → cedole discordi tra borse: 0 vs 2.21
  GR0002291608  [Ελληνική Δημοκρατία - Υπουργείο Οικονομικών]  GR GOVT/TB 20270122 GOVT GTD
    → cedole discordi tra borse: 0 vs 2.32
  GR0002286558  [Ελληνική Δημοκρατία - Υπουργείο Οικονομικών]  GR GOVT/TB 20260925 GOVT GTD
    → cedole discordi tra borse: 0 vs 2.16
  GR0002289586  [Ελληνική Δημοκρατία - Υπουργείο Οικονομικών]  GR GOVT/TB 20261228 GOVT GTD
    → scadenze discordi tra borse: 2026-09-25 vs 2026-12-28 | cedole discordi tra borse: 0 vs 2.24
  HU0000407598  [Magyarország]  Magyar Allam/FXD DBT 20330727 GTD
    → cedole discordi tra borse: 0 vs 6
  XS2152325655  [National Treasury Management Agency (Ireland)]  THE GOVERNMENT/1.2EMTN 20210415
    → nome datato (2021-04-15) ma scadenza in campo sentinella (2120-04-15): possibile default/ristrutturazione
  XS2178582594  [National Treasury Management Agency (Ireland)]  THE GOVERNMENT/1.23EMTN 20210529
    → nome datato (2021-05-29) ma scadenza in campo sentinella (2120-05-29): possibile default/ristrutturazione
  IT0001278511  [Repubblica Italiana]  ITALIA/5.25 BTP 20291101
    → cedola nel nome (5.25) ≠ campo (2.625)
  IT0001174611  [Repubblica Italiana]  ITALIA/6.5 BTP 20271101
    → cedola nel nome (6.5) ≠ campo (3.25)
  IT0001086567  [Repubblica Italiana]  ITALIA/7.25 BTP 20261101
    → cedola nel nome (7.25) ≠ campo (3.625)
  XS2842049053  [Repubblica Italiana]  REPUBBLICA ITAL/VAR MTN 20340614
    → cedole discordi tra borse: 0 vs 4
  IT0005696320  [Repubblica Italiana]  ITALIA/TV BTP VALORE 20320310
    → cedole discordi tra borse: 0 vs 0.625
  IT0005713539  [Repubblica Italiana]  ITALIA/TV BTP ITALIA SI 20310623
    → cedole discordi tra borse: 0 vs 1.6
  XS0247541971  [Repubblica Italiana]  ITALY, REP.OF/4.425 MTN 20360328
    → cedola nel nome (4.425) ≠ campo (0)
  XS3358406075  [Repubblica Italiana]  REPUBBLICA ITAL/4EMTN 20380400  GTE
    → cedole discordi tra borse: 0 vs 4
  MT0000013988  [Republic of Malta]  GOVMALTA/2.80 DBT 20300227 GOVT GTD
    → cedola nel nome (2.8) ≠ campo (0)
  MT0000013012  [Republic of Malta]  GOVMALTA/0.04 DBT 20261020 GOVT GTD
    → cedola nel nome (0.04) ≠ campo (0.4)
  MT0000012873  [Republic of Malta]  GOVMALTA/7 DBT 20271231 GOVT GTD
    → scadenze discordi tra borse: 2027-12-31 vs 2036-12-31
  MT0000012675  [Republic of Malta]  GOVMALTA/7 DBT 20261231 GOVT GTD
    → scadenze discordi tra borse: 2026-12-31 vs 2036-12-31
  MT0000013558  [Republic of Malta]  GOVMALTA/3.8 20420826 GOV GTD6
    → cedola nel nome (3.8) ≠ campo (3.4)
  NL0015614579  [Ministerie van Financiën (Netherlands)]  De Staat der Ne/1 Bd 20520115
    → cedola nel nome (1) ≠ campo (0)
  NL0015001XZ6  [Ministerie van Financiën (Netherlands)]  De Staat der Ne/0 Bd 20340715
    → cedola nel nome (0) ≠ campo (2.5)
  NL00150012X2  [Ministerie van Financiën (Netherlands)]  Staat der Neder/0.0 Bd 20540115
    → cedola nel nome (0) ≠ campo (2)
  NL0015001RG8  [Ministerie van Financiën (Netherlands)]  De Staat der Ne/0 Bd 20440115
    → cedola nel nome (0) ≠ campo (3.25)
  NL0015002F72  [Ministerie van Financiën (Netherlands)]  De Staat der Ne/0 Bd 20350715
    → cedola nel nome (0) ≠ campo (2.5)
  XS3109460959  [Ministerstwo Finansów (Poland)]  REPUBLIC OF POL/1EMTN 20370707 GTE
    → cedola nel nome (1) ≠ campo (3.875)
  XS3109446610  [Ministerstwo Finansów (Poland)]  REPUBLIC OF POL/1EMTN 20320707 GTE
    → cedola nel nome (1) ≠ campo (3.125)
  XS2364200357  [Ministerul Finanțelor (Romania)]  ROMANIA/1EMTN 20420313
    → cedola nel nome (1) ≠ campo (2.875)
  XS2364199674  [Ministerul Finanțelor (Romania)]  ROMANIA/1EMTN 20300715
    → cedola nel nome (1) ≠ campo (1.75)
  ROZBOC49U096  [Ministerul Finanțelor (Romania)]  MF/5.96 BD 20281030 GOVT GTD
    → cedola nel nome (5.96) ≠ campo (8.75)
  ROL18FQB3YR2  [Ministerul Finanțelor (Romania)]  MF/7.3 BD 20280416 UNGTD
    → scadenze discordi tra borse: 2028-04-15 vs 2028-04-16
  SE0028000281  [Riksgäldskontoret (Swedish National Debt Office)]  STATEN/2.75 DEBT 20370209
    → cedole discordi tra borse: 0 vs 2.75
  XS3081371554  [Endurlán ríkissjóðs (Iceland)]  REPUBLIC OF ICE/2.265EMTN 20300527
    → cedola nel nome (2.265) ≠ campo (2.625)
  GB00BSQNRD01  [His Majesty's Treasury]  HIS MAJE/4 LN STK 20300307 GOVT GTD
    → cedola nel nome (4) ≠ campo (4.375)
  GB00BYZW3G56  [His Majesty's Treasury]  HM TREA/1.5 LN STK 20260722   GOVT
    → scadenze discordi tra borse: 2026-07-22 vs 2026-11-18
--- [sovrani] OK
--- [marcatura] 23:25:16
auto-guarigione: 0 titoli tornati vivi
candidati alla marcatura 'termination': 0
marcati: 0
--- [marcatura] OK
--- [call-watch] 23:25:17
allarmi date esatte (entro 90 gg): 0
coda perpetui stimata (>5 anni, mai verificati): 788
  · FR0010499111  partito 2007-07-13  SocTourEiffel/VAR  SOCIETE DE LA TOUR EIFFEL
  · US370835AB62  partito 2010-11-11  GeneralShopFin/10 BD  GENERAL SHOPPING FINANCE LIMIT
  · US370837AA46  partito 2012-05-14  GeneralShoppInv/VAR  GENERAL SHOPPING INVESTMENTS L
  · XS0942093401  partito 2013-06-25  UBS AG/ZERO CPN MTN  UBS AG
  · BE3884021440  partito 2014-12-05  OBK/VAR BD PERP SUB  ONDERLING BEROEPSKREDIET
  · AT000B112909  partito 2014-12-18  OBERBK/VAR SUB BD PERP 2014  Oberbank AG
  · AT0000A10B73  partito 2015-04-10  TIH/5 SUB BD PERP 2014  TiH GmbH
  · AT0000A1FW27  partito 2015-11-11  BKS/VAR SUB BD PERP 2015  BKS Bank AG
  · AT0000A1VNV3  partito 2017-06-28  BKS/VAR SUB BD PERP 2017  BKS Bank AG
  · NO0010794373  partito 2017-07-07  KOMMUNALBANKEN/VAR BD PERP  KOMMUNALBANKEN AS
  · US693475AQ81  partito 2017-07-11  PNC FINL SVCS G/VAR RATE NT PERP S  THE PNC FINANCIAL SERVICES GRO
  · US808513AR62  partito 2017-10-30  SCHWAB CHARLES/FXD FR SR SUB NT  THE CHARLES SCHWAB CORPORATION
  · US254709AN83  partito 2017-11-01  DISCOVER FINL S/FXD FR SR SUB NT  CAPITAL ONE FINANCIAL CORPORAT
  · US05967DAC56  partito 2017-12-07  BANCO VOTORANTI/SUB NT PERP SUB SUB  BANCO VOTORANTIM S.A.
  · XS1294342792  partito 2018-01-03  OMV AG/5.25 BD PERP JR SUB SER-NC6  OMV AKTIENGESELLSCHAFT
email inviata
--- [call-watch] OK
{"ok":true,"name":"bond-lifecycle","recorded_at":"2026-08-30T21:25:18.806Z"}
[heartbeat] inviato (ok=true, errori=0)
=== fine 2026-08-30T23:25:18+02:00, errori=0 ===
