=== bond-lifecycle 2026-08-23T07:30:05+02:00 ===
--- [bulk-corporate] 07:30:05
== COMMIT: scriverò su bond_registry ==
FULINS_D: 4 parti
  parse FULINS_D_20260822_04of04.zip
  parse FULINS_D_20260822_03of04.zip
  parse FULINS_D_20260822_02of04.zip
  parse FULINS_D_20260822_01of04.zip
obbligazioni (DB, majors): 74,409
emittenti da arricchire (GLEIF): 9,318
  GLEIF 150/9318
  GLEIF 3150/9318
  GLEIF 6150/9318
  GLEIF 9150/9318
per tipo: { supranational: 372, corporate: 67086, agency: 2654, sovereign: 2628 }
da scrivere: 69,740 · saltati (sovrani + 19 sovranazionali curati): 3,000
ESCLUSI perché già cessati ovunque (richiamati/delistati): 28
QUARANTENA: 1,641 ISIN non scritti (verifica fallita)
  ⚠️ FR001400IZD3 cedola nel nome (4.8) ≠ campo (0) | NATIXIS STRUCTU/4.8 Bd 20280707
  ⚠️ FR001400J3E0 cedola nel nome (1.575) ≠ campo (0) | NATIXIS STRUCTU/1.575 Bd 20330824
  ⚠️ FR001400J6Z8 cedola nel nome (1.8125) ≠ campo (0) | NATIXIS STRUCTU/1.8125 Bd 20330817
  ⚠️ FR001400UU61 cedola nel nome (6) ≠ campo (0.06) | NATIXIS STRUCTU/6.0 BD 20370430
  ⚠️ FR001400X5P3 cedola nel nome (2.05) ≠ campo (0) | NATIXIS STRUCTU/2.05 Bd 20350314
  ⚠️ FR001400X7G8 cedola nel nome (3.6) ≠ campo (0) | NATIXIS STRUCTU/3.6 Bd 20300212
  ⚠️ FR001400XMW0 cedola nel nome (0.9334) ≠ campo (0) | Natixis Structu/0.9334 Bd 20350329
  ⚠️ FR001400XNZ1 cedola nel nome (2.125) ≠ campo (0) | Natixis Structu/2.125 Bd 20350411
  ⚠️ FR001400XR89 cedola nel nome (3.0625) ≠ campo (0) | Natixis Structu/3.0625 Bd 20350418
  ⚠️ FR001400XTW5 cedola nel nome (3.125) ≠ campo (0) | Natixis Structu/3.125 Bd 20350613
  ⚠️ FR001400XZH3 cedola nel nome (7.08) ≠ campo (0) | Natixis Structu/7.08 Bd 20290313
  ⚠️ FR001400YL19 cedola nel nome (6) ≠ campo (0) | NATIXIS STRUCTU/6.0 BD 20351015
  ⚠️ FR001400YUM2 cedola nel nome (7.05) ≠ campo (0) | Natixis Structu/7.05 Bd 20290416
  ⚠️ FR001400YX64 cedola nel nome (1.85) ≠ campo (0) | Natixis Structu/1.85 Bd 20350709
  ⚠️ FR001400YZ13 cedola nel nome (7.8) ≠ campo (0) | Natixis Structu/7.8 Bd 20300620
  … e altri 1626 in bond-corporate-quarantine.json
  upsert 0/69740
  upsert 5000/69740
  upsert 10000/69740
  upsert 15000/69740
  upsert 20000/69740
  upsert 25000/69740
  upsert 30000/69740
  upsert 35000/69740
  upsert 40000/69740
  upsert 45000/69740
  upsert 50000/69740
  upsert 55000/69740
  upsert 60000/69740
  upsert 65000/69740
COMMIT ok: 69,740 righe upsertate.
quarantena aggiornata: 1,641 in quarantena, risanamento su 69,740 vivi.
--- [bulk-corporate] OK
--- [sovrani] 07:31:55
AT  listing=3836  isin=1121  VIVI=88  scartati=0  cessati-esclusi=532  (15s)
BE  listing=4249  isin=404  VIVI=188  scartati=0  cessati-esclusi=13  (15s)
BG  listing=424  isin=55  VIVI=31  scartati=0  cessati-esclusi=0  (2s)
HR  listing=441  isin=85  VIVI=33  scartati=0  cessati-esclusi=0  (2s)
CY  listing=685  isin=124  VIVI=5  scartati=9  cessati-esclusi=9  (3s)
CZ  listing=1238  isin=215  VIVI=74  scartati=0  cessati-esclusi=17  (5s)
DK  listing=630  isin=65  VIVI=20  scartati=0  cessati-esclusi=0  (3s)
EE  listing=77  isin=14  VIVI=6  scartati=1  cessati-esclusi=0  (1s)
FI  listing=1823  isin=143  VIVI=43  scartati=1  cessati-esclusi=0  (7s)
FR  listing=12403  isin=923  VIVI=352  scartati=1  cessati-esclusi=1  (36s)
DE  listing=8080  isin=473  VIVI=229  scartati=1  cessati-esclusi=8  (24s)
GR  listing=2606  isin=317  VIVI=37  scartati=16  cessati-esclusi=29  (9s)
HU  listing=1793  isin=209  VIVI=80  scartati=0  cessati-esclusi=2  (7s)
IE  listing=1115  isin=199  VIVI=36  scartati=0  cessati-esclusi=3  (5s)
IT  listing=14486  isin=950  VIVI=434  scartati=4  cessati-esclusi=6  (44s)
LV  listing=496  isin=36  VIVI=20  scartati=0  cessati-esclusi=0  (3s)
LT  listing=874  isin=60  VIVI=30  scartati=0  cessati-esclusi=0  (4s)
LU  listing=263  isin=23  VIVI=16  scartati=0  cessati-esclusi=0  (1s)
MT  listing=1117  isin=763  VIVI=125  scartati=2  cessati-esclusi=28  (6s)
NL  listing=3669  isin=421  VIVI=118  scartati=6  cessati-esclusi=4  (12s)
PL  listing=2747  isin=156  VIVI=85  scartati=2  cessati-esclusi=3  (10s)
PT  listing=1831  isin=103  VIVI=36  scartati=0  cessati-esclusi=0  (6s)
RO  listing=2947  isin=464  VIVI=301  scartati=3  cessati-esclusi=0  (10s)
SK  listing=883  isin=60  VIVI=36  scartati=0  cessati-esclusi=0  (3s)
SI  listing=868  isin=205  VIVI=43  scartati=0  cessati-esclusi=0  (4s)
ES  listing=8327  isin=515  VIVI=277  scartati=0  cessati-esclusi=3  (24s)
SE  listing=1032  isin=170  VIVI=31  scartati=0  cessati-esclusi=3  (5s)
IS  listing=119  isin=64  VIVI=26  scartati=0  cessati-esclusi=0  (1s)
NO  listing=476  isin=32  VIVI=16  scartati=0  cessati-esclusi=0  (2s)
GB  listing=5853  isin=507  VIVI=137  scartati=1  cessati-esclusi=1  (17s)
CH  listing=877  isin=303  VIVI=38  scartati=0  cessati-esclusi=36  (4s)

Totale vivi inseriti: 2991

══ REPORT QUARANTENA (47 titoli NON scritti — verifica fallita) ══
  XS2157184255  [Ministry of Finance Public Debt Management Office (Cyprus)]  CYPRUS, REP.OF/1.5 MTN 20270416
    → cedola nel nome (1.5) ≠ campo (0)
  XS2105097393  [Ministry of Finance Public Debt Management Office (Cyprus)]  CYPRUS, REP.OF/1.25 MTN 20400121
    → cedola nel nome (1.25) ≠ campo (0)
  XS2157183950  [Ministry of Finance Public Debt Management Office (Cyprus)]  CYPRUS, REP.OF/2.25 MTN 20500416
    → cedola nel nome (2.25) ≠ campo (0)
  XS2434393968  [Ministry of Finance Public Debt Management Office (Cyprus)]  CYPRUS, REP.OF/0.95 MTN 20320120
    → cedola nel nome (0.95) ≠ campo (0)
  XS1956050923  [Ministry of Finance Public Debt Management Office (Cyprus)]  CYPRUS, REP.OF/2.75 MTN 20340226
    → cedola nel nome (2.75) ≠ campo (0)
  XS2610236445  [Ministry of Finance Public Debt Management Office (Cyprus)]  CYPRUS, REP.OF/4.125 MTN 20330413
    → cedola nel nome (4.125) ≠ campo (0)
  XS1989383788  [Ministry of Finance Public Debt Management Office (Cyprus)]  CYPRUS, REP.OF/2.75 MTN 20490503
    → cedola nel nome (2.75) ≠ campo (0)
  XS2849767202  [Ministry of Finance Public Debt Management Office (Cyprus)]  CYPRUS, REP.OF/2.375 MTN 20280925
    → cedola nel nome (2.375) ≠ campo (0)
  XS1883942648  [Ministry of Finance Public Debt Management Office (Cyprus)]  CYPRUS, REP.OF/2.375 MTN 20280925
    → cedola nel nome (2.375) ≠ campo (0)
  XS2532370231  [Rahandusministeerium (Estonia MoF)]  REPUBLIC OF EST/2.95EUR NT 20320914
    → cedola nel nome (2.95) ≠ campo (4)
  XS3396019336  [Republic of Finland / Suomen valtio]  REPUBLIC OF FIN/1EMTN 20360603 GTE
    → cedola nel nome (1) ≠ campo (4.5)
  FR0013410610  [Direction Générale du Trésor]  DIRECTION GENER/0.100000 BD
    → cedola nel nome (0.1) ≠ campo (0)
  DE000A1K0QR1  [Bundesrepublik Deutschland]  HKW PERSONALK./8.25 ANL 20161115
    → nome datato (2016-11-15) ma scadenza in campo sentinella (9999-12-31): possibile default/ristrutturazione
  GR0138011771  [Ελληνική Δημοκρατία - Υπουργείο Οικονομικών]  GR GOVT/2BD 20390224 GOVT GTD
    → cedola nel nome (2) ≠ campo (4.3)
  GR0138012787  [Ελληνική Δημοκρατία - Υπουργείο Οικονομικών]  GR GOVT/2BD 20400224 GOVT GTD
    → cedola nel nome (2) ≠ campo (4.3)
  GR0138014809  [Ελληνική Δημοκρατία - Υπουργείο Οικονομικών]  GR GOVT/2BD 20420224 GOVT GTD
    → cedola nel nome (2) ≠ campo (4.3)
  GR0138006722  [Ελληνική Δημοκρατία - Υπουργείο Οικονομικών]  GR GOVT/2BD 20340224 GOVT GTD
    → cedola nel nome (2) ≠ campo (4.3)
  GR0138007738  [Ελληνική Δημοκρατία - Υπουργείο Οικονομικών]  GR GOVT/2BD 20350224 GOVT GTD
    → cedola nel nome (2) ≠ campo (4.3)
  GR0133008210  [Ελληνική Δημοκρατία - Υπουργείο Οικονομικών]  GR GOVT/2BD 20300224 GOVT GTD
    → cedola nel nome (2) ≠ campo (4.3)
  GR0133010232  [Ελληνική Δημοκρατία - Υπουργείο Οικονομικών]  GR GOVT/2BD 20320224 GOVT GTD
    → cedola nel nome (2) ≠ campo (4.3)
  GR0128014710  [Ελληνική Δημοκρατία - Υπουργείο Οικονομικών]  GR GOVT/2BD 20270224 GOVT GTD
    → cedola nel nome (2) ≠ campo (4.3)
  GR0133006198  [Ελληνική Δημοκρατία - Υπουργείο Οικονομικών]  GR GOVT/2BD 20280224 GOVT GTD
    → cedola nel nome (2) ≠ campo (4.3)
  GR0138005716  [Ελληνική Δημοκρατία - Υπουργείο Οικονομικών]  GR GOVT/2BD 20330224 GOVT GTD
    → cedola nel nome (2) ≠ campo (4.3)
  GR0133007204  [Ελληνική Δημοκρατία - Υπουργείο Οικονομικών]  GR GOVT/2BD 20290224 GOVT GTD
    → cedola nel nome (2) ≠ campo (4.3)
  GR0133009226  [Ελληνική Δημοκρατία - Υπουργείο Οικονομικών]  GR GOVT/2BD 20310224 GOVT GTD
    → cedola nel nome (2) ≠ campo (4.3)
  GR0138009759  [Ελληνική Δημοκρατία - Υπουργείο Οικονομικών]  GR GOVT/2BD 20370224 GOVT GTD
    → cedola nel nome (2) ≠ campo (4.3)
  GR0138013793  [Ελληνική Δημοκρατία - Υπουργείο Οικονομικών]  GR GOVT/2BD 20410224 GOVT GTD
    → cedola nel nome (2) ≠ campo (4.3)
  GR0138008744  [Ελληνική Δημοκρατία - Υπουργείο Οικονομικών]  GR GOVT/2BD 20360224 GOVT GTD
    → cedola nel nome (2) ≠ campo (4.3)
  GR0138010765  [Ελληνική Δημοκρατία - Υπουργείο Οικονομικών]  GR GOVT/2BD 20380224 GOVT GTD
    → cedola nel nome (2) ≠ campo (4.3)
  IT0001278511  [Repubblica Italiana]  ITALIA/5.25 BTP 20291101
    → cedola nel nome (5.25) ≠ campo (2.625)
  IT0001086567  [Repubblica Italiana]  ITALIA/7.25 BTP 20261101
    → cedola nel nome (7.25) ≠ campo (3.625)
  IT0001174611  [Repubblica Italiana]  ITALIA/6.5 BTP 20271101
    → cedola nel nome (6.5) ≠ campo (3.25)
  XS0247541971  [Repubblica Italiana]  ITALY, REP.OF/4.425 MTN 20360328
    → cedola nel nome (4.425) ≠ campo (0)
  MT0000013988  [Republic of Malta]  GOVMALTA/2.80 DBT 20300227 GOVT GTD
    → cedola nel nome (2.8) ≠ campo (0)
  MT0000013012  [Republic of Malta]  GOVMALTA/0.04 DBT 20261020 GOVT GTD
    → cedola nel nome (0.04) ≠ campo (0.4)
  NL0015001XZ6  [Ministerie van Financiën (Netherlands)]  De Staat der Ne/0 Bd 20340715
    → cedola nel nome (0) ≠ campo (2.5)
  NL0015614579  [Ministerie van Financiën (Netherlands)]  De Staat der Ne/1 Bd 20520115
    → cedola nel nome (1) ≠ campo (0)
  NL00150012X2  [Ministerie van Financiën (Netherlands)]  Staat der Neder/0.0 Bd 20540115
    → cedola nel nome (0) ≠ campo (2)
  NL0015001RG8  [Ministerie van Financiën (Netherlands)]  De Staat der Ne/0 Bd 20440115
    → cedola nel nome (0) ≠ campo (3.25)
  NL0015073VV8  [Ministerie van Financiën (Netherlands)]  STAAT DER NEDER/0 BD 20360715
    → cedola nel nome (0) ≠ campo (2.75)
  NL0015002F72  [Ministerie van Financiën (Netherlands)]  De Staat der Ne/0 Bd 20350715
    → cedola nel nome (0) ≠ campo (2.5)
  XS3109460959  [Ministerstwo Finansów (Poland)]  REPUBLIC OF POL/1EMTN 20370707 GTE
    → cedola nel nome (1) ≠ campo (3.875)
  XS3109446610  [Ministerstwo Finansów (Poland)]  REPUBLIC OF POL/1EMTN 20320707 GTE
    → cedola nel nome (1) ≠ campo (3.125)
  XS2364200357  [Ministerul Finanțelor (Romania)]  ROMANIA/1EMTN 20420313
    → cedola nel nome (1) ≠ campo (2.875)
  XS2364199674  [Ministerul Finanțelor (Romania)]  ROMANIA/1EMTN 20300715
    → cedola nel nome (1) ≠ campo (1.75)
  ROZBOC49U096  [Ministerul Finanțelor (Romania)]  MF/5.96 BD 20281030 GOVT GTD
    → cedola nel nome (5.96) ≠ campo (8.75)
  GB00BSQNRD01  [His Majesty's Treasury]  HIS MAJE/4 LN STK 20300307 GOVT GTD
    → cedola nel nome (4) ≠ campo (4.375)
--- [sovrani] OK
--- [marcatura] 07:36:47
auto-guarigione: 1 titoli tornati vivi
candidati alla marcatura 'termination': 17
marcati: 17
--- [marcatura] OK
--- [call-watch] 07:36:48
allarmi date esatte (entro 90 gg): 0
coda perpetui stimata (>5 anni, mai verificati): 850
  · FR0010499111  partito 2007-07-13  SocTourEiffel/VAR  SOCIETE DE LA TOUR EIFFEL
  · US370835AB62  partito 2010-11-11  GeneralShopFin/10 BD  GENERAL SHOPPING FINANCE LIMIT
  · US370837AA46  partito 2012-05-14  GeneralShoppInv/VAR  GENERAL SHOPPING INVESTMENTS L
  · XS0942093401  partito 2013-06-25  UBS AG/ZERO CPN MTN  UBS AG
  · XS1115800655  partito 2014-10-08  ASR NEDERLAND N/5 BD PERP JR UNSEC  ASR Nederland N.V.
  · BE3884021440  partito 2014-12-05  OBK/VAR BD PERP SUB  ONDERLING BEROEPSKREDIET
  · FR0012371490  partito 2014-12-16  EXANE FINANCE/ZERO CPN MTN  EXANE FINANCE
  · AT000B112909  partito 2014-12-18  OBERBK/VAR SUB BD PERP 2014  Oberbank AG
  · NO0010730708  partito 2015-02-26  DNB BANK ASA/VAR BD PERP  DNB BANK ASA
  · AT0000A10B73  partito 2015-04-10  TIH/5 SUB BD PERP 2014  TiH GmbH
  · DE000A0E6C37  partito 2015-06-18  Ro Bk of Scotl./5.25 RSN UNL NACH  NATWEST GROUP PLC
  · AT0000A1FW27  partito 2015-11-11  BKS/VAR SUB BD PERP 2015  BKS Bank AG
  · USF1R15XK441  partito 2016-03-30  BNP PARIBAS/NT 2021 SUB REGS  BNP PARIBAS
  · AT0000A1VNV3  partito 2017-06-28  BKS/VAR SUB BD PERP 2017  BKS Bank AG
  · NO0010794373  partito 2017-07-07  KOMMUNALBANKEN/VAR BD PERP  KOMMUNALBANKEN AS
email inviata
--- [call-watch] OK
{"ok":true,"name":"bond-lifecycle","recorded_at":"2026-08-23T05:36:50.205Z"}
[heartbeat] inviato (ok=true, errori=0)
=== fine 2026-08-23T07:36:50+02:00, errori=0 ===
