=== bond-lifecycle 2026-10-04T07:30:25+02:00 ===
--- [bulk-corporate] 07:30:25
== COMMIT: scriverò su bond_registry ==
FULINS_D: 4 parti
  parse FULINS_D_20261003_04of04.zip
  parse FULINS_D_20261003_03of04.zip
  parse FULINS_D_20261003_02of04.zip
  parse FULINS_D_20261003_01of04.zip
obbligazioni (DB, majors): 76,117
emittenti da arricchire (GLEIF): 9,339
  GLEIF 150/9339
  GLEIF 3150/9339
  GLEIF 6150/9339
  GLEIF 9150/9339
per tipo: { supranational: 405, corporate: 68695, agency: 2645, sovereign: 2653 }
CFI «X» → AUTO-FIXED: {
  candidati: 8366,
  riclassificato: 1457,
  fltg: 82,
  conflitto: 0,
  'senza-fxd': 6818,
  'inflazione-dal-nome': 9
}
da scrivere: 71,340 · saltati (sovrani + 19 sovranazionali curati): 3,058
ESCLUSI perché già cessati ovunque (richiamati/delistati): 29
QUARANTENA: 1,690 ISIN non scritti (verifica fallita)
  ⚠️ XS3498906232 cedola nel nome (1) ≠ campo (4.67) | INTERNATIONAL B/1EMTN 20310909
  ⚠️ FR001400IZD3 cedola nel nome (4.8) ≠ campo (0) | NATIXIS STRUCTU/4.8 Bd 20280707
  ⚠️ FR001400J3E0 cedola nel nome (1.575) ≠ campo (0) | NATIXIS STRUCTU/1.575 Bd 20330824
  ⚠️ FR001400J6Z8 cedola nel nome (1.8125) ≠ campo (0) | NATIXIS STRUCTU/1.8125 Bd 20330817
  ⚠️ FR001400UU61 cedola nel nome (6) ≠ campo (0.06) | NATIXIS STRUCTU/6.0 BD 20370430
  ⚠️ FR001400X5P3 cedola nel nome (2.05) ≠ campo (0) | NATIXIS STRUCTU/2.05 Bd 20350314
  ⚠️ FR001400X7G8 cedola nel nome (3.6) ≠ campo (0) | NATIXIS STRUCTU/3.6 Bd 20300212
  ⚠️ FR001400XMW0 cedola nel nome (0.9334) ≠ campo (0) | Natixis Structu/0.9334 Bd 20350329
  ⚠️ FR001400XNZ1 cedola nel nome (2.125) ≠ campo (0) | Natixis Structu/2.125 Bd 20350411
  ⚠️ FR001400XR89 cedola nel nome (3.0625) ≠ campo (0) | Natixis Structu/3.0625 Bd 20350418
  ⚠️ FR001400XTW5 cedola nel nome (3.125) ≠ campo (0) | Natixis Structu/3.125 Bd 20350613
  ⚠️ FR001400XZH3 cedola nel nome (7.08) ≠ campo (0) | Natixis Structu/7.08 Bd 20290313
  ⚠️ FR001400YL19 cedola nel nome (6) ≠ campo (0) | NATIXIS STRUCTU/6.0 BD 20351015
  ⚠️ FR001400YUM2 cedola nel nome (7.05) ≠ campo (0) | Natixis Structu/7.05 Bd 20290416
  ⚠️ FR001400YX64 cedola nel nome (1.85) ≠ campo (0) | Natixis Structu/1.85 Bd 20350709
  … e altri 1675 in bond-corporate-quarantine.json
  upsert 0/71340
  upsert 5000/71340
  upsert 10000/71340
  upsert 15000/71340
  upsert 20000/71340
  upsert 25000/71340
  upsert 30000/71340
  upsert 35000/71340
  upsert 40000/71340
  upsert 45000/71340
  upsert 50000/71340
  upsert 55000/71340
  upsert 60000/71340
  upsert 65000/71340
  upsert 70000/71340
COMMIT ok: 71,340 righe upsertate.
quarantena aggiornata: 1,690 in quarantena, risanamento su 71,340 vivi.
--- [bulk-corporate] OK
--- [sovrani] 07:32:17
AT  listing=2581  isin=611  VIVI=84  scartati=0  cessati-esclusi=98  (16s)
BE  listing=3255  isin=400  VIVI=183  scartati=0  cessati-esclusi=13  (20s)
BG  listing=442  isin=57  VIVI=30  scartati=0  cessati-esclusi=2  (6s)
HR  listing=561  isin=110  VIVI=33  scartati=0  cessati-esclusi=0  (5s)
CY  listing=509  isin=127  VIVI=4  scartati=9  cessati-esclusi=9  (5s)
CZ  listing=1215  isin=222  VIVI=74  scartati=0  cessati-esclusi=16  (5s)
DK  listing=534  isin=73  VIVI=19  scartati=0  cessati-esclusi=0  (2s)
EE  listing=78  isin=11  VIVI=3  scartati=1  cessati-esclusi=0  (2s)
FI  listing=1460  isin=149  VIVI=44  scartati=1  cessati-esclusi=0  (7s)
FR  listing=9671  isin=963  VIVI=360  scartati=2  cessati-esclusi=1  (49s)
DE  listing=6668  isin=491  VIVI=233  scartati=0  cessati-esclusi=4  (28s)
GR  listing=2569  isin=314  VIVI=37  scartati=16  cessati-esclusi=16  (9s)
HU  listing=1663  isin=338  VIVI=77  scartati=0  cessati-esclusi=3  (6s)
IE  listing=1214  isin=168  VIVI=42  scartati=0  cessati-esclusi=7  (6s)
IT  listing=12252  isin=1084  VIVI=511  scartati=3  cessati-esclusi=9  (44s)
LV  listing=501  isin=44  VIVI=20  scartati=0  cessati-esclusi=0  (3s)
LT  listing=733  isin=67  VIVI=29  scartati=0  cessati-esclusi=1  (5s)
LU  listing=332  isin=24  VIVI=16  scartati=0  cessati-esclusi=0  (1s)
MT  listing=1057  isin=752  VIVI=112  scartati=1  cessati-esclusi=25  (6s)
NL  listing=2719  isin=399  VIVI=114  scartati=6  cessati-esclusi=9  (9s)
PL  listing=2564  isin=186  VIVI=83  scartati=2  cessati-esclusi=6  (16s)
PT  listing=1452  isin=100  VIVI=33  scartati=0  cessati-esclusi=0  (10s)
RO  listing=3023  isin=433  VIVI=265  scartati=3  cessati-esclusi=2  (21s)
SK  listing=918  isin=61  VIVI=35  scartati=0  cessati-esclusi=0  (8s)
SI  listing=807  isin=232  VIVI=41  scartati=0  cessati-esclusi=0  (8s)
ES  listing=6552  isin=530  VIVI=274  scartati=0  cessati-esclusi=3  (41s)
SE  listing=1056  isin=197  VIVI=33  scartati=0  cessati-esclusi=3  (10s)
IS  listing=115  isin=67  VIVI=17  scartati=0  cessati-esclusi=2  (1s)
NO  listing=358  isin=40  VIVI=17  scartati=0  cessati-esclusi=0  (3s)
GB  listing=5203  isin=741  VIVI=135  scartati=1  cessati-esclusi=95  (40s)
CH  listing=643  isin=279  VIVI=33  scartati=0  cessati-esclusi=32  (8s)

Totale vivi inseriti: 2991

══ REPORT QUARANTENA (45 titoli NON scritti — verifica fallita) ══
  XS2157183950  [Ministry of Finance Public Debt Management Office (Cyprus)]  CYPRUS, REP.OF/2.25 MTN 20500416
    → cedola nel nome (2.25) ≠ campo (0)
  XS1956050923  [Ministry of Finance Public Debt Management Office (Cyprus)]  CYPRUS, REP.OF/2.75 MTN 20340226
    → cedola nel nome (2.75) ≠ campo (0)
  XS2105097393  [Ministry of Finance Public Debt Management Office (Cyprus)]  CYPRUS, REP.OF/1.25 MTN 20400121
    → cedola nel nome (1.25) ≠ campo (0)
  XS2610236445  [Ministry of Finance Public Debt Management Office (Cyprus)]  CYPRUS, REP.OF/4.125 MTN 20330413
    → cedola nel nome (4.125) ≠ campo (0)
  XS2849767202  [Ministry of Finance Public Debt Management Office (Cyprus)]  CYPRUS, REP.OF/2.375 MTN 20280925
    → cedola nel nome (2.375) ≠ campo (0)
  XS2434393968  [Ministry of Finance Public Debt Management Office (Cyprus)]  CYPRUS, REP.OF/0.95 MTN 20320120
    → cedola nel nome (0.95) ≠ campo (0)
  XS1989383788  [Ministry of Finance Public Debt Management Office (Cyprus)]  CYPRUS, REP.OF/2.75 MTN 20490503
    → cedola nel nome (2.75) ≠ campo (0)
  XS2157184255  [Ministry of Finance Public Debt Management Office (Cyprus)]  CYPRUS, REP.OF/1.5 MTN 20270416
    → cedola nel nome (1.5) ≠ campo (0)
  XS1883942648  [Ministry of Finance Public Debt Management Office (Cyprus)]  CYPRUS, REP.OF/2.375 MTN 20280925
    → cedola nel nome (2.375) ≠ campo (0)
  XS2532370231  [Rahandusministeerium (Estonia MoF)]  REPUBLIC OF EST/2.95EUR NT 20320914
    → cedola nel nome (2.95) ≠ campo (4)
  XS3396019336  [Republic of Finland / Suomen valtio]  REPUBLIC OF FIN/1EMTN 20360603 GTE
    → cedola nel nome (1) ≠ campo (4.5)
  FR0013410610  [Direction Générale du Trésor]  DIRECTION GENER/0.100000 BD
    → cedola nel nome (0.1) ≠ campo (0)
  FR001401B0J2  [Direction Générale du Trésor]  DIRECTION GENER/2.1 Bd 20370301
    → cedola nel nome (2.1) ≠ campo (0)
  GR0133007204  [Ελληνική Δημοκρατία - Υπουργείο Οικονομικών]  GR GOVT/2BD 20290224 GOVT GTD
    → cedola nel nome (2) ≠ campo (4.3)
  GR0133009226  [Ελληνική Δημοκρατία - Υπουργείο Οικονομικών]  GR GOVT/2BD 20310224 GOVT GTD
    → cedola nel nome (2) ≠ campo (4.3)
  GR0133006198  [Ελληνική Δημοκρατία - Υπουργείο Οικονομικών]  GR GOVT/2BD 20280224 GOVT GTD
    → cedola nel nome (2) ≠ campo (4.3)
  GR0128014710  [Ελληνική Δημοκρατία - Υπουργείο Οικονομικών]  GR GOVT/2BD 20270224 GOVT GTD
    → cedola nel nome (2) ≠ campo (4.3)
  GR0138006722  [Ελληνική Δημοκρατία - Υπουργείο Οικονομικών]  GR GOVT/2BD 20340224 GOVT GTD
    → cedola nel nome (2) ≠ campo (4.3)
  GR0138005716  [Ελληνική Δημοκρατία - Υπουργείο Οικονομικών]  GR GOVT/2BD 20330224 GOVT GTD
    → cedola nel nome (2) ≠ campo (4.3)
  GR0138009759  [Ελληνική Δημοκρατία - Υπουργείο Οικονομικών]  GR GOVT/2BD 20370224 GOVT GTD
    → cedola nel nome (2) ≠ campo (4.3)
  GR0138007738  [Ελληνική Δημοκρατία - Υπουργείο Οικονομικών]  GR GOVT/2BD 20350224 GOVT GTD
    → cedola nel nome (2) ≠ campo (4.3)
  GR0138012787  [Ελληνική Δημοκρατία - Υπουργείο Οικονομικών]  GR GOVT/2BD 20400224 GOVT GTD
    → cedola nel nome (2) ≠ campo (4.3)
  GR0133008210  [Ελληνική Δημοκρατία - Υπουργείο Οικονομικών]  GR GOVT/2BD 20300224 GOVT GTD
    → cedola nel nome (2) ≠ campo (4.3)
  GR0133010232  [Ελληνική Δημοκρατία - Υπουργείο Οικονομικών]  GR GOVT/2BD 20320224 GOVT GTD
    → cedola nel nome (2) ≠ campo (4.3)
  GR0138010765  [Ελληνική Δημοκρατία - Υπουργείο Οικονομικών]  GR GOVT/2BD 20380224 GOVT GTD
    → cedola nel nome (2) ≠ campo (4.3)
  GR0138008744  [Ελληνική Δημοκρατία - Υπουργείο Οικονομικών]  GR GOVT/2BD 20360224 GOVT GTD
    → cedola nel nome (2) ≠ campo (4.3)
  GR0138014809  [Ελληνική Δημοκρατία - Υπουργείο Οικονομικών]  GR GOVT/2BD 20420224 GOVT GTD
    → cedola nel nome (2) ≠ campo (4.3)
  GR0138013793  [Ελληνική Δημοκρατία - Υπουργείο Οικονομικών]  GR GOVT/2BD 20410224 GOVT GTD
    → cedola nel nome (2) ≠ campo (4.3)
  GR0138011771  [Ελληνική Δημοκρατία - Υπουργείο Οικονομικών]  GR GOVT/2BD 20390224 GOVT GTD
    → cedola nel nome (2) ≠ campo (4.3)
  IT0001086567  [Repubblica Italiana]  ITALIA/7.25 BTP 20261101
    → cedola nel nome (7.25) ≠ campo (3.625)
  IT0001174611  [Repubblica Italiana]  ITALIA/6.5 BTP 20271101
    → cedola nel nome (6.5) ≠ campo (3.25)
  IT0001278511  [Repubblica Italiana]  ITALIA/5.25 BTP 20291101
    → cedola nel nome (5.25) ≠ campo (2.625)
  MT0000013558  [Republic of Malta]  GOVMALTA/3.8 20420826 GOV GTD6
    → cedola nel nome (3.8) ≠ campo (3.4)
  NL0015073VV8  [Ministerie van Financiën (Netherlands)]  STAAT DER NEDER/0 BD 20360715
    → cedola nel nome (0) ≠ campo (2.75)
  NL0015001RG8  [Ministerie van Financiën (Netherlands)]  De Staat der Ne/0 Bd 20440115
    → cedola nel nome (0) ≠ campo (3.25)
  NL0015614579  [Ministerie van Financiën (Netherlands)]  De Staat der Ne/1 Bd 20520115
    → cedola nel nome (1) ≠ campo (0)
  NL0015001XZ6  [Ministerie van Financiën (Netherlands)]  De Staat der Ne/0 Bd 20340715
    → cedola nel nome (0) ≠ campo (2.5)
  NL0015002F72  [Ministerie van Financiën (Netherlands)]  De Staat der Ne/0 Bd 20350715
    → cedola nel nome (0) ≠ campo (2.5)
  NL00150012X2  [Ministerie van Financiën (Netherlands)]  Staat der Neder/0.0 Bd 20540115
    → cedola nel nome (0) ≠ campo (2)
  XS3109446610  [Ministerstwo Finansów (Poland)]  REPUBLIC OF POL/1EMTN 20320707 GTE
    → cedola nel nome (1) ≠ campo (3.125)
  XS3109460959  [Ministerstwo Finansów (Poland)]  REPUBLIC OF POL/1EMTN 20370707 GTE
    → cedola nel nome (1) ≠ campo (3.875)
  XS2364199674  [Ministerul Finanțelor (Romania)]  ROMANIA/1EMTN 20300715
    → cedola nel nome (1) ≠ campo (1.75)
  XS2364200357  [Ministerul Finanțelor (Romania)]  ROMANIA/1EMTN 20420313
    → cedola nel nome (1) ≠ campo (2.875)
  ROZBOC49U096  [Ministerul Finanțelor (Romania)]  MF/5.96 BD 20281030 GOVT GTD
    → cedola nel nome (5.96) ≠ campo (8.75)
  GB00BSQNRD01  [His Majesty's Treasury]  HIS MAJE/4 LN STK 20300307 GOVT GTD
    → cedola nel nome (4) ≠ campo (4.375)
--- [sovrani] OK
--- [sovranazionali] 07:38:56
European Investment Bank (EIB)  listing=10066  isin=1357  VIVI=345  scartati=4  cessati-esclusi=160  (88s)
European Union (NextGenerationEU / SURE)  listing=3057  isin=183  VIVI=96  scartati=0  cessati-esclusi=2  (25s)
World Bank — IBRD  listing=7215  isin=2331  VIVI=550  scartati=9  cessati-esclusi=535  (59s)
European Stability Mechanism (ESM)  listing=2963  isin=292  VIVI=30  scartati=0  cessati-esclusi=1  (18s)
European Financial Stability Facility (EFSF)  listing=2089  isin=99  VIVI=46  scartati=0  cessati-esclusi=7  (17s)
European Bank for Reconstruction and Development (EBRD)  listing=3324  isin=1240  VIVI=236  scartati=4  cessati-esclusi=233  (24s)
Asian Development Bank (ADB)  listing=3502  isin=920  VIVI=333  scartati=6  cessati-esclusi=80  (22s)
Asian Infrastructure Investment Bank (AIIB)  listing=640  isin=146  VIVI=66  scartati=2  cessati-esclusi=2  (6s)
African Development Bank (AfDB)  listing=1580  isin=529  VIVI=116  scartati=2  cessati-esclusi=96  (9s)
Inter-American Development Bank (IADB)  listing=2147  isin=450  VIVI=113  scartati=0  cessati-esclusi=67  (14s)
International Finance Corporation (IFC)  listing=2971  isin=1090  VIVI=217  scartati=1  cessati-esclusi=214  (22s)
CAF — Development Bank of Latin America  listing=799  isin=188  VIVI=56  scartati=2  cessati-esclusi=12  (21s)
Council of Europe Development Bank (CEB)  listing=1370  isin=233  VIVI=50  scartati=0  cessati-esclusi=6  (9s)
Nordic Investment Bank (NIB)  listing=1651  isin=528  VIVI=141  scartati=11  cessati-esclusi=131  (6s)
West African Development Bank (BOAD)  listing=83  isin=12  VIVI=10  scartati=0  cessati-esclusi=0  (0s)
Caribbean Development Bank (CDB)  listing=20  isin=4  VIVI=2  scartati=0  cessati-esclusi=1  (0s)
International Development Association (IDA)  listing=473  isin=91  VIVI=48  scartati=0  cessati-esclusi=1  (2s)
EUROFIMA  listing=750  isin=292  VIVI=25  scartati=1  cessati-esclusi=9  (3s)
Central American Bank for Economic Integration (CABEI)  listing=269  isin=86  VIVI=33  scartati=2  cessati-esclusi=11  (1s)
North American Development Bank (NADB)  listing=62  isin=11  VIVI=4  scartati=0  cessati-esclusi=2  (0s)
OPEC Fund for International Development  listing=35  isin=12  VIVI=8  scartati=0  cessati-esclusi=0  (0s)

Totale vivi inseriti: 2525

══ REPORT QUARANTENA (44 titoli NON scritti — verifica fallita) ══
  XS0755873253  [European Investment Bank (EIB)]  EUROP.INVEST.BK/3.5 MTN 20270415
    → cedola nel nome (3.5) ≠ campo (3.625)
  US298785JA59  [European Investment Bank (EIB)]  EURO INVT BK/1.375 NT 20291009 SR
    → cedola nel nome (1.375) ≠ campo (1.625)
  EU000A3L6Q18  [European Investment Bank (EIB)]  EUROPEAN INV.BK/4 MTN 20300729 MTP
    → cedola nel nome (4) ≠ campo (4.125)
  EU000A4EDR50  [European Investment Bank (EIB)]  EUROPEAN INV.BK/11.7 DWM 20310929
    → cedola nel nome (11.7) ≠ campo (11)
  XS3486811766  [World Bank — IBRD]  INTERNATIONAL B/3.43EMTN 20360902 R
    → cedola nel nome (3.43) ≠ campo (3.45)
  XS2197910388  [World Bank — IBRD]  INTERNATIONAL B/1EMTN 20410701
    → cedola nel nome (1) ≠ campo (0.13)
  XS3498906232  [World Bank — IBRD]  INTERNATIONAL B/1EMTN 20310909
    → cedola nel nome (1) ≠ campo (4.67)
  XS3487947957  [World Bank — IBRD]  INTERNATIONAL B/1EMTN 20261116 REST
    → cedola nel nome (1) ≠ campo (4.75)
  XS3025443287  [World Bank — IBRD]  IBRD-WORLD BANK/3.2 MTN 20350314
    → cedola nel nome (3.2) ≠ campo (3.29)
  XS3030340569  [World Bank — IBRD]  INTERNATIONAL B/2.87EMTN 20350328 R
    → cedola nel nome (2.87) ≠ campo (0)
  XS3025200117  [World Bank — IBRD]  INTERNATIONAL B/2.5EMTN 20350314
    → cedola nel nome (2.5) ≠ campo (2.58)
  XS3194053305  [World Bank — IBRD]  INTERNATIONAL B/6.55EMTN 20371001 R
    → cedola nel nome (6.55) ≠ campo (6.5)
  XS2915535673  [World Bank — IBRD]  INTERNATIONAL B/2.75EMTN 20291014
    → cedola nel nome (2.75) ≠ campo (2.2)
  XS3278776318  [European Bank for Reconstruction and Development (EBRD)]  EUROPEAN BANK F/5.43EMTN 20360123
    → cedola nel nome (5.43) ≠ campo (0)
  XS3286694552  [European Bank for Reconstruction and Development (EBRD)]  EUROPEAN BANK F/1EMTN 20410211
    → cedola nel nome (1) ≠ campo (5.62)
  XS3289888011  [European Bank for Reconstruction and Development (EBRD)]  EUROPEAN BANK F/3.31EMTN 20380205
    → cedola nel nome (3.31) ≠ campo (0)
  XS3415056749  [European Bank for Reconstruction and Development (EBRD)]  EUROPEAN BANK F/1EMTN 20280619
    → cedola nel nome (1) ≠ campo (5.85)
  US045167GH09  [Asian Development Bank (ADB)]  ASIAN DEV BK/3.75 NT 20290828 UN
    → cedola nel nome (3.75) ≠ campo (3.625)
  US045167FF51  [Asian Development Bank (ADB)]  ASIAN DEV BK/1.375 NT 20280609 S
    → cedola nel nome (1.375) ≠ campo (1.25)
  US045167GM93  [Asian Development Bank (ADB)]  ASIAN DEV BK/3.875 NT 20300828 UNSE
    → cedola nel nome (3.875) ≠ campo (3.75)
  XS2984144142  [Asian Development Bank (ADB)]  ASIAN DEVELOPME/5.71EMTN 20450213
    → nome datato (2045-02-13) ma scadenza in campo sentinella (9999-12-31): possibile default/ristrutturazione
  XS3169062737  [Asian Development Bank (ADB)]  ASIAN DEVELOPME/1EMTN 20350910
    → cedola nel nome (1) ≠ campo (4.54)
  XS3032819594  [Asian Development Bank (ADB)]  ASIAN DEVELOPME/5EMTN 20350402
    → cedola nel nome (5) ≠ campo (5.055)
  XS2435594135  [Asian Infrastructure Investment Bank (AIIB)]  ASIAN INFRASTRU/1EMTN 20270125
    → cedola nel nome (1) ≠ campo (5.75)
  US04522KAU07  [Asian Infrastructure Investment Bank (AIIB)]  ASIAN INFRASTRU/4.375 NT 20290910 S
    → cedola nel nome (4.375) ≠ campo (4.5)
  XS2441555880  [African Development Bank (AfDB)]  AFRICAN DEVELOP/1EMTN 20270210
    → cedola nel nome (1) ≠ campo (0.823)
  XS3303729233  [African Development Bank (AfDB)]  AFRICAN DEVELOP/6.25EMTN 20290226
    → cedola nel nome (6.25) ≠ campo (6.205)
  XS3272371520  [International Finance Corporation (IFC)]  INTERNATIONAL F/1EMTN 20290116 REST
    → cedola nel nome (1) ≠ campo (11.5)
  XS3092683690  [CAF — Development Bank of Latin America]  CORPORACION AND/297.5EMTN 20300611
    → cedola nel nome (297.5) ≠ campo (2.975)
  XS3385967230  [CAF — Development Bank of Latin America]  CORPORACION AND/1EMTN 20330526
    → cedola nel nome (1) ≠ campo (3.5)
  XS2898821033  [Nordic Investment Bank (NIB)]  NORDIC INVESTME/1EMTN 20290911
    → cedola nel nome (1) ≠ campo (2.375)
  XS3391770743  [Nordic Investment Bank (NIB)]  NORDIC INVESTME/1EMTN 20330530
    → cedola nel nome (1) ≠ campo (3.125)
  XS3278783108  [Nordic Investment Bank (NIB)]  NORDIC INVESTME/1EMTN 20310127
    → cedola nel nome (1) ≠ campo (2.442)
  XS2794633318  [Nordic Investment Bank (NIB)]  NORDIC INVESTME/1EMTN 20440328
    → cedola nel nome (1) ≠ campo (3.75)
  XS2901992045  [Nordic Investment Bank (NIB)]  NORDIC INVESTME/1EMTN 20310916
    → cedola nel nome (1) ≠ campo (2.25)
  XS2765569913  [Nordic Investment Bank (NIB)]  NORDIC INVESTME/3.8EMTN 20350213
    → cedola nel nome (3.8) ≠ campo (3.775)
  XS3025437552  [Nordic Investment Bank (NIB)]  NORDIC INVESTME/3.2EMTN 20350314
    → cedola nel nome (3.2) ≠ campo (3.23)
  XS2690013722  [Nordic Investment Bank (NIB)]  NORDIC INVESTME/1EMTN 20280922
    → cedola nel nome (1) ≠ campo (3.5)
  XS2753549703  [Nordic Investment Bank (NIB)]  NORDIC INVESTME/1EMTN 20310124
    → cedola nel nome (1) ≠ campo (2.625)
  XS3239903019  [Nordic Investment Bank (NIB)]  NORDIC INVESTME/2.33EMTN 20301126
    → cedola nel nome (2.33) ≠ campo (2.23)
  XS2636325081  [Nordic Investment Bank (NIB)]  NORDIC INVESTME/1EMTN 20330613
    → cedola nel nome (1) ≠ campo (3.03)
  XS2264546917  [EUROFIMA]  EUROFIMA EUROPA/1EMTN 20281127
    → cedola nel nome (1) ≠ campo (0.49)
  XS2949283241  [Central American Bank for Economic Integration (CABEI)]  CNTRL.AMER(CABE/1 MTN 20281205
    → cedola nel nome (1) ≠ campo (32.5)
  XS2413626040  [Central American Bank for Economic Integration (CABEI)]  CNTRL.AMER(CABE/1 MTN 20311201
    → cedola nel nome (1) ≠ campo (2.4)
--- [sovranazionali] OK
--- [marcatura] 07:44:45
auto-guarigione: 3 titoli tornati vivi
candidati alla marcatura 'termination': 29
marcati: 29
--- [marcatura] OK
--- [call-watch] 07:44:46
allarmi date esatte (entro 90 gg): 0
coda perpetui stimata (>5 anni, mai verificati): 814
  · FR0010499111  partito 2007-07-13  SocTourEiffel/VAR  SOCIETE DE LA TOUR EIFFEL
  · US370835AB62  partito 2010-11-11  GeneralShopFin/10 BD  GENERAL SHOPPING FINANCE LIMIT
  · US370837AA46  partito 2012-05-14  GeneralShoppInv/VAR  GENERAL SHOPPING INVESTMENTS L
  · XS0942093401  partito 2013-06-25  UBS AG/ZERO CPN MTN  UBS AG
  · BE3884021440  partito 2014-12-05  OBK/VAR BD PERP SUB  ONDERLING BEROEPSKREDIET
  · AT000B112909  partito 2014-12-18  OBERBK/VAR SUB BD PERP 2014  Oberbank AG
  · CH0004724545  partito 2015-01-30  NORDIC INVEST B/VAR BD PERP SR  Nordic Investment Bank (NIB)
  · AT0000A10B73  partito 2015-04-10  TIH/5 SUB BD PERP 2014  TiH GmbH
  · AT0000A1VNV3  partito 2017-06-28  BKS/VAR SUB BD PERP 2017  BKS Bank AG
  · NO0010794373  partito 2017-07-07  KOMMUNALBANKEN/VAR BD PERP  KOMMUNALBANKEN AS
  · US693475AQ81  partito 2017-07-11  PNC FINL SVCS G/VAR RATE NT PERP S  THE PNC FINANCIAL SERVICES GRO
  · US808513AR62  partito 2017-10-30  SCHWAB CHARLES/FXD FR SR SUB NT  THE CHARLES SCHWAB CORPORATION
  · XS1294342792  partito 2018-01-03  OMV AG/5.25 BD PERP JR SUB SER-NC6  OMV AKTIENGESELLSCHAFT
  · FR0000140063  partito 2018-01-19  BNP PARIBAS/DBT  BNP PARIBAS
  · XS1752984440  partito 2018-01-22  AROUNDTOWN/2.125EUR NT PERP W/C  SU  Aroundtown SA
email inviata
--- [call-watch] OK
{"ok":true,"name":"bond-lifecycle","recorded_at":"2026-10-04T05:44:47.064Z"}
[heartbeat] inviato (ok=true, errori=0)
=== fine 2026-10-04T07:44:47+02:00, errori=0 ===
