2026-08-11 11:26  giro quotidiano serie: avantis
2026-08-11 11:26    | ingest-etf-series — COMMIT
2026-08-11 11:26    | 
2026-08-11 11:26    | → Avantis: 6 fondi, 6 da elaborare
2026-08-11 11:26    |   Avantis: 6 serie ok, 0 falliti, 0 con serie benchmark (TD), 0 con composizione
2026-08-11 11:26  ok Avantis: 6/6 serie rinfrescate · dato più fresco 2026-08-10
2026-08-11 11:26  [heartbeat] inviato (200)
2026-08-11 11:26  fine giro: OK
2026-08-11 11:27  giro quotidiano serie: avantis
2026-08-11 11:27    | 
2026-08-11 11:27  !! ingest uscito con codice null
2026-08-11 11:27  ok Avantis: 6/6 serie rinfrescate · dato più fresco 2026-08-10
2026-08-11 11:27  [heartbeat] inviato (200)
2026-08-11 11:27  fine giro: PROBLEMI (1)
2026-08-11 11:27  giro quotidiano serie: avantis
2026-08-11 11:27    | ingest-etf-series — COMMIT
2026-08-11 11:27    | 
2026-08-11 11:27    | → Avantis: 6 fondi, 6 da elaborare
2026-08-11 11:27    |   Avantis: 6 serie ok, 0 falliti, 0 con serie benchmark (TD), 0 con composizione
2026-08-11 11:27  ok Avantis: 6/6 serie rinfrescate · dato più fresco 2026-08-10
2026-08-11 11:28  [heartbeat] inviato (200)
2026-08-11 11:28  fine giro: OK
2026-08-11 13:15  giro quotidiano serie: avantis
2026-08-11 13:15    | ingest-etf-series — COMMIT
2026-08-11 13:15    | 
2026-08-11 13:15    | → Avantis: 6 fondi, 6 da elaborare
2026-08-11 13:15    |   Avantis: 6 serie ok, 0 falliti, 0 con serie benchmark (TD), 0 con composizione
2026-08-11 13:15  ok Avantis: 6/6 serie rinfrescate · dato più fresco 2026-08-10
2026-08-11 13:15  [heartbeat] inviato (200)
2026-08-11 13:15  fine giro: OK
2026-08-11 16:21  giro quotidiano serie: avantis
2026-08-11 16:21    | ingest-etf-series — COMMIT
2026-08-11 16:21    | 
2026-08-11 16:21    | → Avantis: 6 fondi, 6 da elaborare
2026-08-11 16:21    |   Avantis: 6 serie ok, 0 falliti, 0 con serie benchmark (TD), 0 con composizione
2026-08-11 16:21  ok Avantis: 6/6 serie rinfrescate · dato più fresco 2026-08-10
2026-08-11 16:23  ok iShares (coda screener): 892 punti aggiunti · 0 già freschi/respinti · 0 falliti
2026-08-11 16:23  [heartbeat] inviato (200)
2026-08-11 16:23  fine giro: OK
2026-08-12 13:15  giro quotidiano serie: avantis
2026-08-12 13:15    | ingest-etf-series — COMMIT
2026-08-12 13:15    | 
2026-08-12 13:15    | → Avantis: 6 fondi, 6 da elaborare
2026-08-12 13:15    |   Avantis: 6 serie ok, 0 falliti, 0 con serie benchmark (TD), 0 con composizione
2026-08-12 13:15  ok Avantis: 6/6 serie rinfrescate · dato più fresco 2026-08-11
2026-08-12 13:17  ok iShares (coda screener): 892 punti aggiunti · 0 già freschi/respinti · 0 falliti
2026-08-12 13:17  [heartbeat] inviato (200)
2026-08-12 13:17  fine giro: OK
2026-08-12 20:05  giro quotidiano serie: avantis,xtrackers
2026-08-12 20:11    | ingest-etf-series — COMMIT
2026-08-12 20:11    | 
2026-08-12 20:11    | → Xtrackers: 370 fondi, 370 da elaborare
2026-08-12 20:11    |   …25/370 (1 falliti)
2026-08-12 20:11    |   …50/370 (3 falliti)
2026-08-12 20:11    |   …75/370 (3 falliti)
2026-08-12 20:11    |   …100/370 (3 falliti)
2026-08-12 20:11    |   …125/370 (3 falliti)
2026-08-12 20:11    |   …150/370 (3 falliti)
2026-08-12 20:11    |   …175/370 (3 falliti)
2026-08-12 20:11    |   …200/370 (3 falliti)
2026-08-12 20:11    |   …225/370 (3 falliti)
2026-08-12 20:11    |   …250/370 (3 falliti)
2026-08-12 20:11    |   …275/370 (3 falliti)
2026-08-12 20:11    |   …300/370 (3 falliti)
2026-08-12 20:11    |   …325/370 (3 falliti)
2026-08-12 20:11    |   …350/370 (3 falliti)
2026-08-12 20:11    |   Xtrackers: 366 serie ok, 4 falliti, 348 con serie benchmark (TD), 0 con composizione
2026-08-12 20:11    |   ⚠️  4 serie SCARTATE dal collaudo NAV:
2026-08-12 20:11    |      IE00064N5UY4: serie troppo corta dopo la pulizia (25 punti)
2026-08-12 20:11    |      IE000AGH5ZI1: serie troppo corta dopo la pulizia (25 punti)
2026-08-12 20:11    |      IE000EUY91Y9: serie troppo corta dopo la pulizia (25 punti)
2026-08-12 20:11    |      LU3367672022: serie troppo corta dopo la pulizia (13 punti)
2026-08-12 20:11    | 
2026-08-12 20:11    | → Avantis: 6 fondi, 6 da elaborare
2026-08-12 20:11    |   Avantis: 6 serie ok, 0 falliti, 0 con serie benchmark (TD), 0 con composizione
2026-08-12 20:11  ok Avantis: 6/6 serie rinfrescate · dato più fresco 2026-08-11
2026-08-12 20:11  !! Xtrackers: 4/370 fondi NON rinfrescati oggi (IE000AGH5ZI1, IE00064N5UY4, LU3367672022, IE000EUY91Y9)
2026-08-12 20:11  ok iShares (coda screener): 28 punti aggiunti · 864 già freschi/respinti · 0 falliti
2026-08-12 20:16  ok Amundi (coda batch): 2031 punti aggiunti · 0 fermi/respinti · 0 falliti · 0 scartati per valuta
2026-08-12 20:17  ok Vanguard (coda GraphQL): 535 punti aggiunti · 150 fermi/respinti · 0 falliti · 0 scartati per valuta
2026-08-12 20:20  metal detector: exit 0 · serie esaminate: 2629 · anomalie DURE: 0 · osservazioni morbide: 10
2026-08-12 20:20  [heartbeat] inviato (200)
2026-08-12 20:20  fine giro: PROBLEMI (4)
2026-08-12 20:21  giro quotidiano serie: avantis,xtrackers,spdr,ubs,jpmorgan,lgim
2026-08-12 20:51    | ingest-etf-series — COMMIT
2026-08-12 20:51    | 
2026-08-12 20:51    | → Xtrackers: 370 fondi, 370 da elaborare
2026-08-12 20:51    |   …25/370 (1 falliti)
2026-08-12 20:51    |   …50/370 (3 falliti)
2026-08-12 20:51    |   …75/370 (3 falliti)
2026-08-12 20:51    |   …100/370 (3 falliti)
2026-08-12 20:51    |   …125/370 (3 falliti)
2026-08-12 20:51    |   …150/370 (3 falliti)
2026-08-12 20:51    |   …175/370 (3 falliti)
2026-08-12 20:51    |   …200/370 (3 falliti)
2026-08-12 20:51    |   …225/370 (3 falliti)
2026-08-12 20:51    |   …250/370 (3 falliti)
2026-08-12 20:51    |   …275/370 (3 falliti)
2026-08-12 20:51    |   …300/370 (3 falliti)
2026-08-12 20:51    |   …325/370 (3 falliti)
2026-08-12 20:51    |   …350/370 (3 falliti)
2026-08-12 20:51    |   Xtrackers: 366 serie ok, 4 falliti, 348 con serie benchmark (TD), 0 con composizione
2026-08-12 20:51    |   ⚠️  4 serie SCARTATE dal collaudo NAV:
2026-08-12 20:51    |      IE00064N5UY4: serie troppo corta dopo la pulizia (25 punti)
2026-08-12 20:51    |      IE000AGH5ZI1: serie troppo corta dopo la pulizia (25 punti)
2026-08-12 20:51    |      IE000EUY91Y9: serie troppo corta dopo la pulizia (25 punti)
2026-08-12 20:51    |      LU3367672022: serie troppo corta dopo la pulizia (13 punti)
2026-08-12 20:51    | 
2026-08-12 20:51    | → JPMorgan: 91 fondi, 91 da elaborare
2026-08-12 20:51    |   …25/91 (0 falliti)
2026-08-12 20:51    |   …50/91 (1 falliti)
2026-08-12 20:51    |   …75/91 (1 falliti)
2026-08-12 20:51    |   JPMorgan: 90 serie ok, 1 falliti, 0 con serie benchmark (TD), 0 con composizione
2026-08-12 20:51    |   ⚠️  1 serie SCARTATE dal collaudo NAV:
2026-08-12 20:51    |      IE000H0H26Q8: serie troppo corta dopo la pulizia (1 punti)
2026-08-12 20:51    | 
2026-08-12 20:51    | → LGIM: 69 fondi, 69 da elaborare
2026-08-12 20:51    |   …25/69 (2 falliti)
2026-08-12 20:51    |   …50/69 (2 falliti)
2026-08-12 20:51    |   LGIM: 67 serie ok, 2 falliti, 0 con serie benchmark (TD), 0 con composizione
2026-08-12 20:51    |   ⚠️  2 serie SCARTATE dal collaudo NAV:
2026-08-12 20:51    |      IE000GUIUCJ1: serie troppo corta dopo la pulizia (23 punti)
2026-08-12 20:51    |      IE000JMMZAP4: serie troppo corta dopo la pulizia (23 punti)
2026-08-12 20:51    | 
2026-08-12 20:51    | → SPDR: 175 fondi, 175 da elaborare
2026-08-12 20:51    |   …25/175 (0 falliti)
2026-08-12 20:51    |   …50/175 (0 falliti)
2026-08-12 20:51    |   …75/175 (0 falliti)
2026-08-12 20:51    |   …100/175 (0 falliti)
2026-08-12 20:51    |   …125/175 (0 falliti)
2026-08-12 20:51    |   …150/175 (0 falliti)
2026-08-12 20:51    |   …175/175 (0 falliti)
2026-08-12 20:51    |   SPDR: 175 serie ok, 0 falliti, 0 con serie benchmark (TD), 0 con composizione
2026-08-12 20:51    | 
2026-08-12 20:51    | → UBS: 231 fondi, 231 da elaborare
2026-08-12 20:51    |   …25/231 (2 falliti)
2026-08-12 20:51    |   …50/231 (3 falliti)
2026-08-12 20:51    |   …75/231 (3 falliti)
2026-08-12 20:51    |   …100/231 (3 falliti)
2026-08-12 20:51    |   …125/231 (4 falliti)
2026-08-12 20:51    |   …150/231 (4 falliti)
2026-08-12 20:51    |   …175/231 (4 falliti)
2026-08-12 20:51    |   …200/231 (4 falliti)
2026-08-12 20:51    |   …225/231 (4 falliti)
2026-08-12 20:51    |   UBS: 225 serie ok, 6 falliti, 225 con serie benchmark (TD), 0 con composizione
2026-08-12 20:51    |   ⚠️  6 serie SCARTATE dal collaudo NAV:
2026-08-12 20:51    |      IE0009TPHUV6: ultimo NAV 17.1656 vs 14.868 dichiarato (15% di scarto)
2026-08-12 20:51    |      IE000EPIJ442: ultimo NAV 15.9319 vs 13.3577 dichiarato (19% di scarto)
2026-08-12 20:51    |      IE00B7KMNP07: ultimo NAV 53.7169 vs 44.6623 dichiarato (20% di scarto)
2026-08-12 20:51    |      LU0950668367: serie troppo corta dopo la pulizia (15 punti)
2026-08-12 20:51    |      LU3333848920: serie troppo corta dopo la pulizia (22 punti)
2026-08-12 20:51    |      LU3333849068: serie troppo corta dopo la pulizia (22 punti)
2026-08-12 20:51    | 
2026-08-12 20:51    | → Avantis: 6 fondi, 6 da elaborare
2026-08-12 20:51  !! ingest uscito con codice null
2026-08-12 20:51  ok Avantis: 6/6 serie rinfrescate · dato più fresco 2026-08-11
2026-08-12 20:51  ok Xtrackers (con avviso): 4/370 non rinfrescati, entro tolleranza (IE000AGH5ZI1, IE00064N5UY4, LU3367672022, IE000EUY91Y9)
2026-08-12 20:51  ok SPDR: 175/175 serie rinfrescate · dato più fresco 2026-08-11
2026-08-12 20:51  !! UBS: 6/231 fondi NON rinfrescati oggi (IE0009TPHUV6, IE00B7KMNP07, LU3333848920, IE000EPIJ442, LU3333849068, LU0950668367)
2026-08-12 20:51  ok JPMorgan (con avviso): 1/91 non rinfrescati, entro tolleranza (IE000H0H26Q8)
2026-08-12 20:51  ok LGIM (con avviso): 2/69 non rinfrescati, entro tolleranza (IE000GUIUCJ1, IE000JMMZAP4)
2026-08-12 20:51  ok iShares (coda screener): 0 punti aggiunti · 892 già freschi/respinti · 0 falliti
2026-08-12 20:51  ok Amundi (coda batch): 0 punti aggiunti · 0 fermi/respinti · 0 falliti · 0 scartati per valuta
2026-08-12 20:51  ok Vanguard (coda GraphQL): 0 punti aggiunti · 685 fermi/respinti · 0 falliti · 0 scartati per valuta
2026-08-12 20:54  metal detector: exit 0 · serie esaminate: 2629 · anomalie DURE: 0 · osservazioni morbide: 10
2026-08-12 20:54  [heartbeat] inviato (200)
2026-08-12 20:54  fine giro: PROBLEMI (7)
2026-08-12 21:00  giro quotidiano serie: avantis,xtrackers,spdr,ubs,jpmorgan,lgim
2026-08-12 21:30    | ingest-etf-series — COMMIT
2026-08-12 21:30    | 
2026-08-12 21:30    | → Xtrackers: 370 fondi, 370 da elaborare
2026-08-12 21:30    |   …25/370 (1 falliti)
2026-08-12 21:30    |   …50/370 (3 falliti)
2026-08-12 21:30    |   …75/370 (3 falliti)
2026-08-12 21:30    |   …100/370 (3 falliti)
2026-08-12 21:30    |   …125/370 (3 falliti)
2026-08-12 21:30    |   …150/370 (3 falliti)
2026-08-12 21:30    |   …175/370 (3 falliti)
2026-08-12 21:30    |   …200/370 (3 falliti)
2026-08-12 21:30    |   …225/370 (3 falliti)
2026-08-12 21:30    |   …250/370 (3 falliti)
2026-08-12 21:30    |   …275/370 (3 falliti)
2026-08-12 21:30    |   …300/370 (3 falliti)
2026-08-12 21:30    |   …325/370 (3 falliti)
2026-08-12 21:30    |   …350/370 (3 falliti)
2026-08-12 21:30    |   Xtrackers: 366 serie ok, 4 falliti, 348 con serie benchmark (TD), 0 con composizione
2026-08-12 21:30    |   ⚠️  4 serie SCARTATE dal collaudo NAV:
2026-08-12 21:30    |      IE00064N5UY4: serie troppo corta dopo la pulizia (25 punti)
2026-08-12 21:30    |      IE000AGH5ZI1: serie troppo corta dopo la pulizia (25 punti)
2026-08-12 21:30    |      IE000EUY91Y9: serie troppo corta dopo la pulizia (25 punti)
2026-08-12 21:30    |      LU3367672022: serie troppo corta dopo la pulizia (13 punti)
2026-08-12 21:30    | 
2026-08-12 21:30    | → JPMorgan: 91 fondi, 91 da elaborare
2026-08-12 21:30    |   …25/91 (0 falliti)
2026-08-12 21:30    |   …50/91 (1 falliti)
2026-08-12 21:30    |   …75/91 (1 falliti)
2026-08-12 21:30    |   JPMorgan: 90 serie ok, 1 falliti, 0 con serie benchmark (TD), 0 con composizione
2026-08-12 21:30    |   ⚠️  1 serie SCARTATE dal collaudo NAV:
2026-08-12 21:30    |      IE000H0H26Q8: serie troppo corta dopo la pulizia (1 punti)
2026-08-12 21:30    | 
2026-08-12 21:30    | → LGIM: 69 fondi, 69 da elaborare
2026-08-12 21:30    |   …25/69 (2 falliti)
2026-08-12 21:30    |   …50/69 (2 falliti)
2026-08-12 21:30    |   LGIM: 67 serie ok, 2 falliti, 0 con serie benchmark (TD), 0 con composizione
2026-08-12 21:30    |   ⚠️  2 serie SCARTATE dal collaudo NAV:
2026-08-12 21:30    |      IE000GUIUCJ1: serie troppo corta dopo la pulizia (23 punti)
2026-08-12 21:30    |      IE000JMMZAP4: serie troppo corta dopo la pulizia (23 punti)
2026-08-12 21:30    | 
2026-08-12 21:30    | → SPDR: 175 fondi, 175 da elaborare
2026-08-12 21:30    |   …25/175 (0 falliti)
2026-08-12 21:30    |   …50/175 (0 falliti)
2026-08-12 21:30    |   …75/175 (0 falliti)
2026-08-12 21:30    |   …100/175 (0 falliti)
2026-08-12 21:30    |   …125/175 (0 falliti)
2026-08-12 21:30    |   …150/175 (0 falliti)
2026-08-12 21:30    |   …175/175 (0 falliti)
2026-08-12 21:30    |   SPDR: 175 serie ok, 0 falliti, 0 con serie benchmark (TD), 0 con composizione
2026-08-12 21:30    | 
2026-08-12 21:30    | → UBS: 231 fondi, 231 da elaborare
2026-08-12 21:30    |   …25/231 (2 falliti)
2026-08-12 21:30    |   …50/231 (3 falliti)
2026-08-12 21:30    |   …75/231 (3 falliti)
2026-08-12 21:30    |   …100/231 (3 falliti)
2026-08-12 21:30    |   …125/231 (4 falliti)
2026-08-12 21:30    |   …150/231 (4 falliti)
2026-08-12 21:30    |   …175/231 (4 falliti)
2026-08-12 21:30    |   …200/231 (4 falliti)
2026-08-12 21:30    |   …225/231 (4 falliti)
2026-08-12 21:30    |   UBS: 225 serie ok, 6 falliti, 225 con serie benchmark (TD), 0 con composizione
2026-08-12 21:30    |   ⚠️  6 serie SCARTATE dal collaudo NAV:
2026-08-12 21:30    |      IE0009TPHUV6: ultimo NAV 17.1656 vs 14.868 dichiarato (15% di scarto)
2026-08-12 21:30    |      IE000EPIJ442: ultimo NAV 15.9319 vs 13.3577 dichiarato (19% di scarto)
2026-08-12 21:30    |      IE00B7KMNP07: ultimo NAV 53.7169 vs 44.6623 dichiarato (20% di scarto)
2026-08-12 21:30    |      LU0950668367: serie troppo corta dopo la pulizia (15 punti)
2026-08-12 21:30    |      LU3333848920: serie troppo corta dopo la pulizia (22 punti)
2026-08-12 21:30    |      LU3333849068: serie troppo corta dopo la pulizia (22 punti)
2026-08-12 21:30    | 
2026-08-12 21:30    | → Avantis: 6 fondi, 6 da elaborare
2026-08-12 21:30    |   Avantis: 6 serie ok, 0 falliti, 0 con serie benchmark (TD), 0 con composizione
2026-08-12 21:30  ok Avantis: 6/6 serie rinfrescate · dato più fresco 2026-08-11
2026-08-12 21:30  ok Xtrackers (con avviso): 4/370 non rinfrescati, entro tolleranza (IE000AGH5ZI1, IE00064N5UY4, LU3367672022, IE000EUY91Y9)
2026-08-12 21:30  ok SPDR: 175/175 serie rinfrescate · dato più fresco 2026-08-11
2026-08-12 21:30  ok UBS (con avviso): 6/231 non rinfrescati, entro tolleranza (IE0009TPHUV6, IE00B7KMNP07, LU3333848920, IE000EPIJ442, LU3333849068, LU0950668367)
2026-08-12 21:30  ok JPMorgan (con avviso): 1/91 non rinfrescati, entro tolleranza (IE000H0H26Q8)
2026-08-12 21:30  ok LGIM (con avviso): 2/69 non rinfrescati, entro tolleranza (IE000GUIUCJ1, IE000JMMZAP4)
2026-08-12 21:30  ok iShares (coda screener): 0 punti aggiunti · 892 già freschi/respinti · 0 falliti
2026-08-12 21:31  ok Amundi (coda batch): 0 punti aggiunti · 0 fermi/respinti · 0 falliti · 0 scartati per valuta
2026-08-12 21:31  ok Vanguard (coda GraphQL): 0 punti aggiunti · 685 fermi/respinti · 0 falliti · 0 scartati per valuta
2026-08-12 21:33  metal detector: exit 0 · serie esaminate: 2629 · anomalie DURE: 0 · osservazioni morbide: 10
2026-08-12 21:33  [heartbeat] inviato (200)
2026-08-12 21:33  fine giro: OK
